Component: ARM Compiler 6.7 Tool: armlink [5c9ef700]

==============================================================================

Section Cross References

    startup_stm32h723xx.o(RESET) refers to startup_stm32h723xx.o(STACK) for __initial_sp
    startup_stm32h723xx.o(RESET) refers to startup_stm32h723xx.o(.text) for Reset_Handler
    startup_stm32h723xx.o(RESET) refers to stm32h7xx_it.o(.text.NMI_Handler) for NMI_Handler
    startup_stm32h723xx.o(RESET) refers to stm32h7xx_it.o(.text.HardFault_Handler) for HardFault_Handler
    startup_stm32h723xx.o(RESET) refers to stm32h7xx_it.o(.text.MemManage_Handler) for MemManage_Handler
    startup_stm32h723xx.o(RESET) refers to stm32h7xx_it.o(.text.BusFault_Handler) for BusFault_Handler
    startup_stm32h723xx.o(RESET) refers to stm32h7xx_it.o(.text.UsageFault_Handler) for UsageFault_Handler
    startup_stm32h723xx.o(RESET) refers to stm32h7xx_it.o(.text.SVC_Handler) for SVC_Handler
    startup_stm32h723xx.o(RESET) refers to stm32h7xx_it.o(.text.DebugMon_Handler) for DebugMon_Handler
    startup_stm32h723xx.o(RESET) refers to stm32h7xx_it.o(.text.PendSV_Handler) for PendSV_Handler
    startup_stm32h723xx.o(RESET) refers to stm32h7xx_it.o(.text.SysTick_Handler) for SysTick_Handler
    startup_stm32h723xx.o(RESET) refers to stm32h7xx_it.o(.text.DMA1_Stream0_IRQHandler) for DMA1_Stream0_IRQHandler
    startup_stm32h723xx.o(RESET) refers to stm32h7xx_it.o(.text.DMA1_Stream1_IRQHandler) for DMA1_Stream1_IRQHandler
    startup_stm32h723xx.o(RESET) refers to stm32h7xx_it.o(.text.DMA1_Stream3_IRQHandler) for DMA1_Stream3_IRQHandler
    startup_stm32h723xx.o(RESET) refers to stm32h7xx_it.o(.text.DMA1_Stream4_IRQHandler) for DMA1_Stream4_IRQHandler
    startup_stm32h723xx.o(RESET) refers to stm32h7xx_it.o(.text.SPI2_IRQHandler) for SPI2_IRQHandler
    startup_stm32h723xx.o(RESET) refers to stm32h7xx_it.o(.text.USART1_IRQHandler) for USART1_IRQHandler
    startup_stm32h723xx.o(RESET) refers to stm32h7xx_it.o(.text.EXTI15_10_IRQHandler) for EXTI15_10_IRQHandler
    startup_stm32h723xx.o(RESET) refers to stm32h7xx_it.o(.text.UART7_IRQHandler) for UART7_IRQHandler
    startup_stm32h723xx.o(RESET) refers to stm32h7xx_it.o(.text.USART10_IRQHandler) for USART10_IRQHandler
    startup_stm32h723xx.o(.text) refers to system_stm32h7xx.o(.text.SystemInit) for SystemInit
    startup_stm32h723xx.o(.text) refers to entry.o(.ARM.Collect$$$$00000000) for __main
    main.o(.text.main) refers to stm32h7xx_hal.o(.text.HAL_Init) for HAL_Init
    main.o(.text.main) refers to main.o(.text.SystemClock_Config) for SystemClock_Config
    main.o(.text.main) refers to gpio.o(.text.MX_GPIO_Init) for MX_GPIO_Init
    main.o(.text.main) refers to dma.o(.text.MX_DMA_Init) for MX_DMA_Init
    main.o(.text.main) refers to spi.o(.text.MX_SPI2_Init) for MX_SPI2_Init
    main.o(.text.main) refers to tim.o(.text.MX_TIM1_Init) for MX_TIM1_Init
    main.o(.text.main) refers to usart.o(.text.MX_USART1_UART_Init) for MX_USART1_UART_Init
    main.o(.text.main) refers to usart.o(.text.MX_UART7_Init) for MX_UART7_Init
    main.o(.text.main) refers to usart.o(.text.MX_USART10_UART_Init) for MX_USART10_UART_Init
    main.o(.text.main) refers to bmi088driver.o(.text.BMI088_init) for BMI088_init
    main.o(.text.main) refers to bmi088driver.o(.text.BMI088_AsyncStart) for BMI088_AsyncStart
    main.o(.text.main) refers to bmi088driver.o(.text.BMI088_euler_init) for BMI088_euler_init
    main.o(.text.main) refers to stm32h7xx_hal.o(.text.HAL_Delay) for HAL_Delay
    main.o(.text.main) refers to stm32h7xx_hal_gpio.o(.text.HAL_GPIO_Init) for HAL_GPIO_Init
    main.o(.text.main) refers to stm32h7xx_hal_gpio.o(.text.HAL_GPIO_WritePin) for HAL_GPIO_WritePin
    main.o(.text.main) refers to servo.o(.text.Servo_Init) for Servo_Init
    main.o(.text.main) refers to laser.o(.text.Laser_Init) for Laser_Init
    main.o(.text.main) refers to laser.o(.text.Laser_Test) for Laser_Test
    main.o(.text.main) refers to key.o(.text.Key_Init) for Key_Init
    main.o(.text.main) refers to led.o(.text.LED_Init) for LED_Init
    main.o(.text.main) refers to head_tracker.o(.text.HeadTracker_Init) for HeadTracker_Init
    main.o(.text.main) refers to train_modes.o(.text.App_Init) for App_Init
    main.o(.text.main) refers to buzzer.o(.text.Buzzer_Init) for Buzzer_Init
    main.o(.text.main) refers to ws2812.o(.text.WS2812_Init) for WS2812_Init
    main.o(.text.main) refers to voice.o(.text.Voice_Init) for Voice_Init
    main.o(.text.main) refers to wireless_bridge.o(.text.WirelessBridge_Init) for WirelessBridge_Init
    main.o(.text.main) refers to buzzer.o(.text.Buzzer_Alert) for Buzzer_Alert
    main.o(.text.main) refers to laser.o(.text.Laser_Blink) for Laser_Blink
    main.o(.text.main) refers to voice.o(.text.Voice_Play) for Voice_Play
    main.o(.text.main) refers to main.o(.bss..L_MergedGlobals) for .L_MergedGlobals
    main.o(.text.main) refers to main.o(.bss..L_MergedGlobals.1) for .L_MergedGlobals.1
[...]
    I2C3_ER_IRQHandler                       0x080002fb   Thumb Code     0  startup_stm32h723xx.o(.text)
    I2C3_EV_IRQHandler                       0x080002fb   Thumb Code     0  startup_stm32h723xx.o(.text)
    I2C4_ER_IRQHandler                       0x080002fb   Thumb Code     0  startup_stm32h723xx.o(.text)
    I2C4_EV_IRQHandler                       0x080002fb   Thumb Code     0  startup_stm32h723xx.o(.text)
    I2C5_ER_IRQHandler                       0x080002fb   Thumb Code     0  startup_stm32h723xx.o(.text)
    I2C5_EV_IRQHandler                       0x080002fb   Thumb Code     0  startup_stm32h723xx.o(.text)
    LPTIM1_IRQHandler                        0x080002fb   Thumb Code     0  startup_stm32h723xx.o(.text)
    LPTIM2_IRQHandler                        0x080002fb   Thumb Code     0  startup_stm32h723xx.o(.text)
    LPTIM3_IRQHandler                        0x080002fb   Thumb Code     0  startup_stm32h723xx.o(.text)
    LPTIM4_IRQHandler                        0x080002fb   Thumb Code     0  startup_stm32h723xx.o(.text)
    LPTIM5_IRQHandler                        0x080002fb   Thumb Code     0  startup_stm32h723xx.o(.text)
    LPUART1_IRQHandler                       0x080002fb   Thumb Code     0  startup_stm32h723xx.o(.text)
    LTDC_ER_IRQHandler                       0x080002fb   Thumb Code     0  startup_stm32h723xx.o(.text)
    LTDC_IRQHandler                          0x080002fb   Thumb Code     0  startup_stm32h723xx.o(.text)
    MDIOS_IRQHandler                         0x080002fb   Thumb Code     0  startup_stm32h723xx.o(.text)
    MDIOS_WKUP_IRQHandler                    0x080002fb   Thumb Code     0  startup_stm32h723xx.o(.text)
    MDMA_IRQHandler                          0x080002fb   Thumb Code     0  startup_stm32h723xx.o(.text)
    OCTOSPI1_IRQHandler                      0x080002fb   Thumb Code     0  startup_stm32h723xx.o(.text)
    OCTOSPI2_IRQHandler                      0x080002fb   Thumb Code     0  startup_stm32h723xx.o(.text)
    OTG_HS_EP1_IN_IRQHandler                 0x080002fb   Thumb Code     0  startup_stm32h723xx.o(.text)
    OTG_HS_EP1_OUT_IRQHandler                0x080002fb   Thumb Code     0  startup_stm32h723xx.o(.text)
    OTG_HS_IRQHandler                        0x080002fb   Thumb Code     0  startup_stm32h723xx.o(.text)
    OTG_HS_WKUP_IRQHandler                   0x080002fb   Thumb Code     0  startup_stm32h723xx.o(.text)
    PVD_AVD_IRQHandler                       0x080002fb   Thumb Code     0  startup_stm32h723xx.o(.text)
    RCC_IRQHandler                           0x080002fb   Thumb Code     0  startup_stm32h723xx.o(.text)
    RNG_IRQHandler                           0x080002fb   Thumb Code     0  startup_stm32h723xx.o(.text)
    RTC_Alarm_IRQHandler                     0x080002fb   Thumb Code     0  startup_stm32h723xx.o(.text)
    RTC_WKUP_IRQHandler                      0x080002fb   Thumb Code     0  startup_stm32h723xx.o(.text)
    SAI1_IRQHandler                          0x080002fb   Thumb Code     0  startup_stm32h723xx.o(.text)
    SAI4_IRQHandler                          0x080002fb   Thumb Code     0  startup_stm32h723xx.o(.text)
    SDMMC1_IRQHandler                        0x080002fb   Thumb Code     0  startup_stm32h723xx.o(.text)
    SDMMC2_IRQHandler                        0x080002fb   Thumb Code     0  startup_stm32h723xx.o(.text)
    SPDIF_RX_IRQHandler                      0x080002fb   Thumb Code     0  startup_stm32h723xx.o(.text)
    SPI1_IRQHandler                          0x080002fb   Thumb Code     0  startup_stm32h723xx.o(.text)
    SPI3_IRQHandler                          0x080002fb   Thumb Code     0  startup_stm32h723xx.o(.text)
    SPI4_IRQHandler                          0x080002fb   Thumb Code     0  startup_stm32h723xx.o(.text)
    SPI5_IRQHandler                          0x080002fb   Thumb Code     0  startup_stm32h723xx.o(.text)
    SPI6_IRQHandler                          0x080002fb   Thumb Code     0  startup_stm32h723xx.o(.text)
    SWPMI1_IRQHandler                        0x080002fb   Thumb Code     0  startup_stm32h723xx.o(.text)
    TAMP_STAMP_IRQHandler                    0x080002fb   Thumb Code     0  startup_stm32h723xx.o(.text)
    TIM15_IRQHandler                         0x080002fb   Thumb Code     0  startup_stm32h723xx.o(.text)
    TIM16_IRQHandler                         0x080002fb   Thumb Code     0  startup_stm32h723xx.o(.text)
    TIM17_IRQHandler                         0x080002fb   Thumb Code     0  startup_stm32h723xx.o(.text)
    TIM1_BRK_IRQHandler                      0x080002fb   Thumb Code     0  startup_stm32h723xx.o(.text)
    TIM1_CC_IRQHandler                       0x080002fb   Thumb Code     0  startup_stm32h723xx.o(.text)
    TIM1_TRG_COM_IRQHandler                  0x080002fb   Thumb Code     0  startup_stm32h723xx.o(.text)
    TIM1_UP_IRQHandler                       0x080002fb   Thumb Code     0  startup_stm32h723xx.o(.text)
    TIM23_IRQHandler                         0x080002fb   Thumb Code     0  startup_stm32h723xx.o(.text)
    TIM24_IRQHandler                         0x080002fb   Thumb Code     0  startup_stm32h723xx.o(.text)
    TIM2_IRQHandler                          0x080002fb   Thumb Code     0  startup_stm32h723xx.o(.text)
    TIM3_IRQHandler                          0x080002fb   Thumb Code     0  startup_stm32h723xx.o(.text)
    TIM4_IRQHandler                          0x080002fb   Thumb Code     0  startup_stm32h723xx.o(.text)
    TIM5_IRQHandler                          0x080002fb   Thumb Code     0  startup_stm32h723xx.o(.text)
    TIM6_DAC_IRQHandler                      0x080002fb   Thumb Code     0  startup_stm32h723xx.o(.text)
    TIM7_IRQHandler                          0x080002fb   Thumb Code     0  startup_stm32h723xx.o(.text)
    TIM8_BRK_TIM12_IRQHandler                0x080002fb   Thumb Code     0  startup_stm32h723xx.o(.text)
    TIM8_CC_IRQHandler                       0x080002fb   Thumb Code     0  startup_stm32h723xx.o(.text)
    TIM8_TRG_COM_TIM14_IRQHandler            0x080002fb   Thumb Code     0  startup_stm32h723xx.o(.text)
    TIM8_UP_TIM13_IRQHandler                 0x080002fb   Thumb Code     0  startup_stm32h723xx.o(.text)
    UART4_IRQHandler                         0x080002fb   Thumb Code     0  startup_stm32h723xx.o(.text)
    UART5_IRQHandler                         0x080002fb   Thumb Code     0  startup_stm32h723xx.o(.text)
    UART8_IRQHandler                         0x080002fb   Thumb Code     0  startup_stm32h723xx.o(.text)
    UART9_IRQHandler                         0x080002fb   Thumb Code     0  startup_stm32h723xx.o(.text)
    USART2_IRQHandler                        0x080002fb   Thumb Code     0  startup_stm32h723xx.o(.text)
    USART3_IRQHandler                        0x080002fb   Thumb Code     0  startup_stm32h723xx.o(.text)
    USART6_IRQHandler                        0x080002fb   Thumb Code     0  startup_stm32h723xx.o(.text)
    WAKEUP_PIN_IRQHandler                    0x080002fb   Thumb Code     0  startup_stm32h723xx.o(.text)
    WWDG_IRQHandler                          0x080002fb   Thumb Code     0  startup_stm32h723xx.o(.text)
    __aeabi_uldivmod                         0x08000305   Thumb Code    98  uldiv.o(.text)
    ___aeabi_memcpy8$move                    0x08000367   Thumb Code     0  memmovea.o(.text)
    __aeabi_memcpy                           0x08000367   Thumb Code    64  memmovea.o(.text)
    __aeabi_memcpy4                          0x08000367   Thumb Code     0  memmovea.o(.text)
    __aeabi_memmove                          0x08000367   Thumb Code     0  memmovea.o(.text)
    __aeabi_memmove4                         0x08000367   Thumb Code     0  memmovea.o(.text)
    __aeabi_memmove8                         0x08000367   Thumb Code     0  memmovea.o(.text)
    __aeabi_memset                           0x080003a7   Thumb Code    14  memseta.o(.text)
    __aeabi_memset4                          0x080003a7   Thumb Code     0  memseta.o(.text)
    __aeabi_memset8                          0x080003a7   Thumb Code     0  memseta.o(.text)
    __aeabi_memclr                           0x080003b5   Thumb Code     4  memseta.o(.text)
    __aeabi_memclr4                          0x080003b5   Thumb Code     0  memseta.o(.text)
    __aeabi_memclr8                          0x080003b5   Thumb Code     0  memseta.o(.text)
    _memset$wrapper                          0x080003b9   Thumb Code    18  memseta.o(.text)
    __aeabi_uidiv                            0x080003cb   Thumb Code     0  uidiv.o(.text)
    __aeabi_uidivmod                         0x080003cb   Thumb Code    44  uidiv.o(.text)
    __aeabi_llsl                             0x080003f7   Thumb Code    30  llshl.o(.text)
    _ll_shift_l                              0x080003f7   Thumb Code     0  llshl.o(.text)
    __aeabi_llsr                             0x08000415   Thumb Code    32  llushr.o(.text)
    _ll_ushift_r                             0x08000415   Thumb Code     0  llushr.o(.text)
    __I$use$fp                               0x08000435   Thumb Code     0  iusefp.o(.text)
    __aeabi_dadd                             0x08000435   Thumb Code   322  dadd.o(.text)
    __aeabi_dsub                             0x08000577   Thumb Code     6  dadd.o(.text)
    __aeabi_drsub                            0x0800057d   Thumb Code     6  dadd.o(.text)
    __aeabi_dmul                             0x08000583   Thumb Code   228  dmul.o(.text)
    __aeabi_ddiv                             0x08000667   Thumb Code   222  ddiv.o(.text)
    __aeabi_d2ulz                            0x08000745   Thumb Code    48  dfixul.o(.text)
    __aeabi_cdrcmple                         0x08000775   Thumb Code    48  cdrcmple.o(.text)
    __scatterload                            0x080007a5   Thumb Code    28  init.o(.text)
    __scatterload_rt2                        0x080007a5   Thumb Code     0  init.o(.text)
    __aeabi_lasr                             0x080007c9   Thumb Code    36  llsshr.o(.text)
    _ll_sshift_r                             0x080007c9   Thumb Code     0  llsshr.o(.text)
    _double_round                            0x080007ed   Thumb Code    30  depilogue.o(.text)
    _double_epilogue                         0x0800080b   Thumb Code   156  depilogue.o(.text)
    App_ExecuteControl                       0x08000c59   Thumb Code   398  train_modes.o(.text.App_ExecuteControl)
    App_GetLastEvent                         0x08000de9   Thumb Code    12  train_modes.o(.text.App_GetLastEvent)
    App_GetLastVoiceCmd                      0x08000df9   Thumb Code    12  train_modes.o(.text.App_GetLastVoiceCmd)
    App_GetLastVoiceCmdTick                  0x08000e09   Thumb Code    12  train_modes.o(.text.App_GetLastVoiceCmdTick)
    App_GetLiveStatus                        0x08000e19   Thumb Code   320  train_modes.o(.text.App_GetLiveStatus)
    App_GetMode                              0x08000f59   Thumb Code    12  train_modes.o(.text.App_GetMode)
    App_GetModeReport                        0x08000f69   Thumb Code    82  train_modes.o(.text.App_GetModeReport)
    App_GetSessionReport                     0x08000fc1   Thumb Code    28  train_modes.o(.text.App_GetSessionReport)
    App_GetState                             0x08000fe1   Thumb Code    12  train_modes.o(.text.App_GetState)
    App_GetTrainingConfig                    0x08000ff1   Thumb Code    18  train_modes.o(.text.App_GetTrainingConfig)
    App_GetTrialCount                        0x08001009   Thumb Code    22  train_modes.o(.text.App_GetTrialCount)
    App_GetTrialResult                       0x08001021   Thumb Code    64  train_modes.o(.text.App_GetTrialResult)
    App_Init                                 0x08001061   Thumb Code   362  train_modes.o(.text.App_Init)
    App_PreviewServo                         0x080011d1   Thumb Code   274  train_modes.o(.text.App_PreviewServo)
    App_Run                                  0x080014d9   Thumb Code  6596  train_modes.o(.text.App_Run)
    App_SetTrainingConfig                    0x08002fe9   Thumb Code   424  train_modes.o(.text.App_SetTrainingConfig)
    App_StartSession                         0x08003231   Thumb Code   296  train_modes.o(.text.App_StartSession)
    BMI088_ACCEL_NS_H                        0x08003589   Thumb Code    16  bmi088middleware.o(.text.BMI088_ACCEL_NS_H)
    BMI088_ACCEL_NS_L                        0x08003599   Thumb Code    16  bmi088middleware.o(.text.BMI088_ACCEL_NS_L)
    BMI088_AsyncStart                        0x080035a9   Thumb Code   254  bmi088driver.o(.text.BMI088_AsyncStart)
    BMI088_ClearNewSampleFlag                0x080036a9   Thumb Code    28  bmi088driver.o(.text.BMI088_ClearNewSampleFlag)
    BMI088_DMA_TxRxCpltCallback              0x080036c9   Thumb Code  2860  bmi088driver.o(.text.BMI088_DMA_TxRxCpltCallback)
    BMI088_GPIO_init                         0x080041f9   Thumb Code     2  bmi088middleware.o(.text.BMI088_GPIO_init)
    BMI088_GYRO_NS_H                         0x08004201   Thumb Code    16  bmi088middleware.o(.text.BMI088_GYRO_NS_H)
    BMI088_GYRO_NS_L                         0x08004211   Thumb Code    16  bmi088middleware.o(.text.BMI088_GYRO_NS_L)
    BMI088_GetEuler                          0x08004221   Thumb Code   136  bmi088driver.o(.text.BMI088_GetEuler)
    BMI088_GetGyroBias                       0x080042a9   Thumb Code    42  bmi088driver.o(.text.BMI088_GetGyroBias)
    BMI088_GetLatestFloat                    0x080042d9   Thumb Code   108  bmi088driver.o(.text.BMI088_GetLatestFloat)
    BMI088_IsCalibrated                      0x08004349   Thumb Code    12  bmi088driver.o(.text.BMI088_IsCalibrated)
    BMI088_IsStatic                          0x08004359   Thumb Code    12  bmi088driver.o(.text.BMI088_IsStatic)
    BMI088_Task                              0x08004369   Thumb Code    92  bmi088driver.o(.text.BMI088_Task)
    BMI088_com_init                          0x080043c9   Thumb Code    96  bmi088middleware.o(.text.BMI088_com_init)
    BMI088_delay_ms                          0x08004429   Thumb Code   160  bmi088middleware.o(.text.BMI088_delay_ms)
    BMI088_delay_us                          0x080044c9   Thumb Code   122  bmi088middleware.o(.text.BMI088_delay_us)
    BMI088_euler_init                        0x08004549   Thumb Code    60  bmi088driver.o(.text.BMI088_euler_init)
    BMI088_get_time_us                       0x08004589   Thumb Code   104  bmi088middleware.o(.text.BMI088_get_time_us)
    BMI088_init                              0x080045f1   Thumb Code    24  bmi088driver.o(.text.BMI088_init)
    BMI088_read_euler                        0x08004609   Thumb Code   120  bmi088driver.o(.text.BMI088_read_euler)
    BMI088_read_write_byte                   0x08004681   Thumb Code    50  bmi088middleware.o(.text.BMI088_read_write_byte)
    BMI088_spi_abort_dma                     0x08004889   Thumb Code    12  bmi088middleware.o(.text.BMI088_spi_abort_dma)
    BMI088_spi_transmit_receive_dma          0x08004899   Thumb Code    18  bmi088middleware.o(.text.BMI088_spi_transmit_receive_dma)
    BusFault_Handler                         0x080049c1   Thumb Code     2  stm32h7xx_it.o(.text.BusFault_Handler)
    Buzzer_Alert                             0x080049c9   Thumb Code   100  buzzer.o(.text.Buzzer_Alert)
    Buzzer_Init                              0x08004a31   Thumb Code   176  buzzer.o(.text.Buzzer_Init)
    DMA1_Stream0_IRQHandler                  0x08004ae1   Thumb Code    12  stm32h7xx_it.o(.text.DMA1_Stream0_IRQHandler)
    DMA1_Stream1_IRQHandler                  0x08004af1   Thumb Code    12  stm32h7xx_it.o(.text.DMA1_Stream1_IRQHandler)
    DMA1_Stream3_IRQHandler                  0x08004b01   Thumb Code    12  stm32h7xx_it.o(.text.DMA1_Stream3_IRQHandler)
    DMA1_Stream4_IRQHandler                  0x08004b11   Thumb Code    12  stm32h7xx_it.o(.text.DMA1_Stream4_IRQHandler)
    DebugMon_Handler                         0x08004b21   Thumb Code     2  stm32h7xx_it.o(.text.DebugMon_Handler)
    EXTI15_10_IRQHandler                     0x08004b29   Thumb Code    22  stm32h7xx_it.o(.text.EXTI15_10_IRQHandler)
    Error_Handler                            0x08004b41   Thumb Code    10  main.o(.text.Error_Handler)
    HAL_DMA_Abort                            0x08004b51   Thumb Code  1232  stm32h7xx_hal_dma.o(.text.HAL_DMA_Abort)
    HAL_DMA_Abort_IT                         0x08005021   Thumb Code   670  stm32h7xx_hal_dma.o(.text.HAL_DMA_Abort_IT)
    HAL_DMA_GetError                         0x080052c1   Thumb Code     4  stm32h7xx_hal_dma.o(.text.HAL_DMA_GetError)
    HAL_DMA_IRQHandler                       0x080052c9   Thumb Code  2026  stm32h7xx_hal_dma.o(.text.HAL_DMA_IRQHandler)
    HAL_DMA_Init                             0x08005ab9   Thumb Code  2068  stm32h7xx_hal_dma.o(.text.HAL_DMA_Init)
    HAL_DMA_Start_IT                         0x080062d1   Thumb Code  1634  stm32h7xx_hal_dma.o(.text.HAL_DMA_Start_IT)
    HAL_Delay                                0x08006939   Thumb Code    44  stm32h7xx_hal.o(.text.HAL_Delay)
    HAL_GPIO_EXTI_Callback                   0x08006969   Thumb Code    72  bmi088driver.o(.text.HAL_GPIO_EXTI_Callback)
    HAL_GPIO_EXTI_IRQHandler                 0x080069b1   Thumb Code    20  stm32h7xx_hal_gpio.o(.text.HAL_GPIO_EXTI_IRQHandler)
    HAL_GPIO_Init                            0x080069c9   Thumb Code   434  stm32h7xx_hal_gpio.o(.text.HAL_GPIO_Init)
    HAL_GPIO_ReadPin                         0x08006b81   Thumb Code    10  stm32h7xx_hal_gpio.o(.text.HAL_GPIO_ReadPin)
    HAL_GPIO_WritePin                        0x08006b91   Thumb Code    10  stm32h7xx_hal_gpio.o(.text.HAL_GPIO_WritePin)
    HAL_GetTick                              0x08006ba1   Thumb Code    12  stm32h7xx_hal.o(.text.HAL_GetTick)
    HAL_IncTick                              0x08006bb1   Thumb Code    18  stm32h7xx_hal.o(.text.HAL_IncTick)
    HAL_Init                                 0x08006bc9   Thumb Code   100  stm32h7xx_hal.o(.text.HAL_Init)
    HAL_InitTick                             0x08006c31   Thumb Code    78  stm32h7xx_hal.o(.text.HAL_InitTick)
    HAL_MspInit                              0x08006c81   Thumb Code    32  stm32h7xx_hal_msp.o(.text.HAL_MspInit)
    HAL_NVIC_EnableIRQ                       0x08006ca1   Thumb Code    32  stm32h7xx_hal_cortex.o(.text.HAL_NVIC_EnableIRQ)
    HAL_NVIC_SetPriority                     0x08006cc1   Thumb Code   100  stm32h7xx_hal_cortex.o(.text.HAL_NVIC_SetPriority)
    HAL_NVIC_SetPriorityGrouping             0x08006d29   Thumb Code    32  stm32h7xx_hal_cortex.o(.text.HAL_NVIC_SetPriorityGrouping)
    HAL_PWREx_ConfigSupply                   0x08006d49   Thumb Code    80  stm32h7xx_hal_pwr_ex.o(.text.HAL_PWREx_ConfigSupply)
    HAL_RCCEx_GetD3PCLK1Freq                 0x08006d99   Thumb Code    38  stm32h7xx_hal_rcc_ex.o(.text.HAL_RCCEx_GetD3PCLK1Freq)
    HAL_RCCEx_GetPLL2ClockFreq               0x08006dc1   Thumb Code   368  stm32h7xx_hal_rcc_ex.o(.text.HAL_RCCEx_GetPLL2ClockFreq)
    HAL_RCCEx_GetPLL3ClockFreq               0x08006f31   Thumb Code   368  stm32h7xx_hal_rcc_ex.o(.text.HAL_RCCEx_GetPLL3ClockFreq)
    HAL_RCCEx_PeriphCLKConfig                0x080070a1   Thumb Code  2392  stm32h7xx_hal_rcc_ex.o(.text.HAL_RCCEx_PeriphCLKConfig)
    HAL_RCC_ClockConfig                      0x080079f9   Thumb Code   686  stm32h7xx_hal_rcc.o(.text.HAL_RCC_ClockConfig)
    HAL_RCC_GetHCLKFreq                      0x08007ca9   Thumb Code    76  stm32h7xx_hal_rcc.o(.text.HAL_RCC_GetHCLKFreq)
    HAL_RCC_GetPCLK1Freq                     0x08007cf9   Thumb Code    96  stm32h7xx_hal_rcc.o(.text.HAL_RCC_GetPCLK1Freq)
    HAL_RCC_GetPCLK2Freq                     0x08007d59   Thumb Code    96  stm32h7xx_hal_rcc.o(.text.HAL_RCC_GetPCLK2Freq)
    HAL_RCC_GetSysClockFreq                  0x08007db9   Thumb Code   356  stm32h7xx_hal_rcc.o(.text.HAL_RCC_GetSysClockFreq)
    HAL_RCC_OscConfig                        0x08007f21   Thumb Code  1330  stm32h7xx_hal_rcc.o(.text.HAL_RCC_OscConfig)
    HAL_SPI_DMAStop                          0x08008459   Thumb Code    16  stm32h7xx_hal_spi.o(.text.HAL_SPI_DMAStop)
    HAL_SPI_ErrorCallback                    0x08008469   Thumb Code    98  bmi088driver.o(.text.HAL_SPI_ErrorCallback)
    HAL_SPI_IRQHandler                       0x080084d1   Thumb Code   564  stm32h7xx_hal_spi.o(.text.HAL_SPI_IRQHandler)
    HAL_SPI_Init                             0x08008709   Thumb Code   444  stm32h7xx_hal_spi.o(.text.HAL_SPI_Init)
    HAL_SPI_MspInit                          0x080088c9   Thumb Code   344  spi.o(.text.HAL_SPI_MspInit)
    HAL_SPI_RxCpltCallback                   0x08008a21   Thumb Code     2  stm32h7xx_hal_spi.o(.text.HAL_SPI_RxCpltCallback)
    HAL_SPI_SuspendCallback                  0x08008a29   Thumb Code     2  stm32h7xx_hal_spi.o(.text.HAL_SPI_SuspendCallback)
    HAL_SPI_Transmit                         0x08008a31   Thumb Code   998  stm32h7xx_hal_spi.o(.text.HAL_SPI_Transmit)
    HAL_SPI_TransmitReceive                  0x08008e19   Thumb Code  1554  stm32h7xx_hal_spi.o(.text.HAL_SPI_TransmitReceive)
    HAL_SPI_TransmitReceive_DMA              0x08009431   Thumb Code   532  stm32h7xx_hal_spi.o(.text.HAL_SPI_TransmitReceive_DMA)
    HAL_SPI_TxCpltCallback                   0x08009649   Thumb Code     2  stm32h7xx_hal_spi.o(.text.HAL_SPI_TxCpltCallback)
    HAL_SPI_TxRxCpltCallback                 0x08009651   Thumb Code     4  bmi088driver.o(.text.HAL_SPI_TxRxCpltCallback)
    HAL_SPI_TxRxHalfCpltCallback             0x08009659   Thumb Code     2  stm32h7xx_hal_spi.o(.text.HAL_SPI_TxRxHalfCpltCallback)
    HAL_SYSCFG_AnalogSwitchConfig            0x08009661   Thumb Code    20  stm32h7xx_hal.o(.text.HAL_SYSCFG_AnalogSwitchConfig)
    HAL_SYSTICK_Config                       0x08009679   Thumb Code    44  stm32h7xx_hal_cortex.o(.text.HAL_SYSTICK_Config)
    HAL_TIMEx_ConfigBreakDeadTime            0x080096a9   Thumb Code   192  stm32h7xx_hal_tim_ex.o(.text.HAL_TIMEx_ConfigBreakDeadTime)
    HAL_TIMEx_MasterConfigSynchronization    0x08009769   Thumb Code   224  stm32h7xx_hal_tim_ex.o(.text.HAL_TIMEx_MasterConfigSynchronization)
    HAL_TIM_Base_Init                        0x08009849   Thumb Code   434  stm32h7xx_hal_tim.o(.text.HAL_TIM_Base_Init)
    HAL_TIM_Base_MspInit                     0x08009a01   Thumb Code    46  tim.o(.text.HAL_TIM_Base_MspInit)
    HAL_TIM_ConfigClockSource                0x08009a31   Thumb Code   470  stm32h7xx_hal_tim.o(.text.HAL_TIM_ConfigClockSource)
    HAL_TIM_PWM_ConfigChannel                0x08009c09   Thumb Code  1186  stm32h7xx_hal_tim.o(.text.HAL_TIM_PWM_ConfigChannel)
    HAL_TIM_PWM_Init                         0x0800a0b1   Thumb Code   434  stm32h7xx_hal_tim.o(.text.HAL_TIM_PWM_Init)
    HAL_TIM_PWM_MspInit                      0x0800a269   Thumb Code     2  stm32h7xx_hal_tim.o(.text.HAL_TIM_PWM_MspInit)
    HAL_TIM_PWM_Start                        0x0800a271   Thumb Code   472  stm32h7xx_hal_tim.o(.text.HAL_TIM_PWM_Start)
    HAL_UARTEx_DisableFifoMode               0x0800a449   Thumb Code    56  stm32h7xx_hal_uart_ex.o(.text.HAL_UARTEx_DisableFifoMode)
    HAL_UARTEx_ReceiveToIdle_DMA             0x0800a481   Thumb Code   112  stm32h7xx_hal_uart_ex.o(.text.HAL_UARTEx_ReceiveToIdle_DMA)
    HAL_UARTEx_RxEventCallback               0x0800a4f1   Thumb Code  2060  wireless_bridge.o(.text.HAL_UARTEx_RxEventCallback)
    HAL_UARTEx_RxFifoFullCallback            0x0800ad01   Thumb Code     2  stm32h7xx_hal_uart_ex.o(.text.HAL_UARTEx_RxFifoFullCallback)
    HAL_UARTEx_SetRxFifoThreshold            0x0800ad09   Thumb Code   144  stm32h7xx_hal_uart_ex.o(.text.HAL_UARTEx_SetRxFifoThreshold)
    HAL_UARTEx_SetTxFifoThreshold            0x0800ad99   Thumb Code   144  stm32h7xx_hal_uart_ex.o(.text.HAL_UARTEx_SetTxFifoThreshold)
    HAL_UARTEx_TxFifoEmptyCallback           0x0800ae29   Thumb Code     2  stm32h7xx_hal_uart_ex.o(.text.HAL_UARTEx_TxFifoEmptyCallback)
    HAL_UARTEx_WakeupCallback                0x0800ae31   Thumb Code     2  stm32h7xx_hal_uart_ex.o(.text.HAL_UARTEx_WakeupCallback)
    HAL_UART_AbortReceive                    0x0800ae39   Thumb Code   180  stm32h7xx_hal_uart.o(.text.HAL_UART_AbortReceive)
    HAL_UART_AbortTransmit                   0x0800aef1   Thumb Code   148  stm32h7xx_hal_uart.o(.text.HAL_UART_AbortTransmit)
    HAL_UART_ErrorCallback                   0x0800af89   Thumb Code    52  main.o(.text.HAL_UART_ErrorCallback)
    HAL_UART_IRQHandler                      0x0800afc1   Thumb Code  1168  stm32h7xx_hal_uart.o(.text.HAL_UART_IRQHandler)
    HAL_UART_Init                            0x0800b451   Thumb Code   102  stm32h7xx_hal_uart.o(.text.HAL_UART_Init)
    HAL_UART_MspInit                         0x0800b4b9   Thumb Code   544  usart.o(.text.HAL_UART_MspInit)
    HAL_UART_Receive_IT                      0x0800b6d9   Thumb Code   102  stm32h7xx_hal_uart.o(.text.HAL_UART_Receive_IT)
    HAL_UART_RxCpltCallback                  0x0800b741   Thumb Code   114  voice.o(.text.HAL_UART_RxCpltCallback)
    HAL_UART_RxHalfCpltCallback              0x0800b7b9   Thumb Code     2  stm32h7xx_hal_uart.o(.text.HAL_UART_RxHalfCpltCallback)
    HAL_UART_Transmit                        0x0800b7c1   Thumb Code   382  stm32h7xx_hal_uart.o(.text.HAL_UART_Transmit)
    HAL_UART_Transmit_DMA                    0x0800b941   Thumb Code   162  stm32h7xx_hal_uart.o(.text.HAL_UART_Transmit_DMA)
    HAL_UART_Transmit_IT                     0x0800b9e9   Thumb Code   178  stm32h7xx_hal_uart.o(.text.HAL_UART_Transmit_IT)
    HAL_UART_TxCpltCallback                  0x0800baa1   Thumb Code    44  main.o(.text.HAL_UART_TxCpltCallback)
    HAL_UART_TxHalfCpltCallback              0x0800bad1   Thumb Code     2  stm32h7xx_hal_uart.o(.text.HAL_UART_TxHalfCpltCallback)
    HardFault_Handler                        0x0800bad9   Thumb Code     2  stm32h7xx_it.o(.text.HardFault_Handler)
    HeadTracker_GetResult                    0x0800bae1   Thumb Code    12  head_tracker.o(.text.HeadTracker_GetResult)
    HeadTracker_Init                         0x0800baf1   Thumb Code    72  head_tracker.o(.text.HeadTracker_Init)
    HeadTracker_Update                       0x0800bb39   Thumb Code   536  head_tracker.o(.text.HeadTracker_Update)
    Key_GetEvent                             0x0800bd51   Thumb Code    50  key.o(.text.Key_GetEvent)
    Key_Init                                 0x0800bd89   Thumb Code   104  key.o(.text.Key_Init)
    Key_Scan                                 0x0800bdf1   Thumb Code   324  key.o(.text.Key_Scan)
    LED_Init                                 0x0800bf39   Thumb Code    38  led.o(.text.LED_Init)
    LED_Off                                  0x0800bf61   Thumb Code    36  led.o(.text.LED_Off)
    LED_On                                   0x0800bf89   Thumb Code    36  led.o(.text.LED_On)
    Laser_Blink                              0x0800bfb1   Thumb Code    72  laser.o(.text.Laser_Blink)
    Laser_Init                               0x0800bff9   Thumb Code    14  laser.o(.text.Laser_Init)
    Laser_Off                                0x0800c009   Thumb Code    14  laser.o(.text.Laser_Off)
    Laser_On                                 0x0800c019   Thumb Code    14  laser.o(.text.Laser_On)
    Laser_Test                               0x0800c029   Thumb Code   120  laser.o(.text.Laser_Test)
    MX_DMA_Init                              0x0800c0a1   Thumb Code   100  dma.o(.text.MX_DMA_Init)
    MX_GPIO_Init                             0x0800c109   Thumb Code   396  gpio.o(.text.MX_GPIO_Init)
    MX_SPI2_Init                             0x0800c299   Thumb Code    90  spi.o(.text.MX_SPI2_Init)
    MX_TIM1_Init                             0x0800c2f9   Thumb Code   370  tim.o(.text.MX_TIM1_Init)
    MX_UART7_Init                            0x0800c471   Thumb Code   130  usart.o(.text.MX_UART7_Init)
    MX_USART10_UART_Init                     0x0800c4f9   Thumb Code   130  usart.o(.text.MX_USART10_UART_Init)
    MX_USART1_UART_Init                      0x0800c581   Thumb Code   130  usart.o(.text.MX_USART1_UART_Init)
    MemManage_Handler                        0x0800c609   Thumb Code     2  stm32h7xx_it.o(.text.MemManage_Handler)
    NMI_Handler                              0x0800c611   Thumb Code     2  stm32h7xx_it.o(.text.NMI_Handler)
    PendSV_Handler                           0x0800c619   Thumb Code     2  stm32h7xx_it.o(.text.PendSV_Handler)
    SPI2_IRQHandler                          0x0800c9f1   Thumb Code    12  stm32h7xx_it.o(.text.SPI2_IRQHandler)
    SVC_Handler                              0x0800cb31   Thumb Code     2  stm32h7xx_it.o(.text.SVC_Handler)
    Servo_Init                               0x0800cb39   Thumb Code    66  servo.o(.text.Servo_Init)
    Servo_SetAngle                           0x0800cb81   Thumb Code    92  servo.o(.text.Servo_SetAngle)
    SysTick_Handler                          0x0800d0b1   Thumb Code     4  stm32h7xx_it.o(.text.SysTick_Handler)
    SystemClock_Config                       0x0800d0b9   Thumb Code   178  main.o(.text.SystemClock_Config)
    SystemInit                               0x0800d171   Thumb Code   176  system_stm32h7xx.o(.text.SystemInit)
    UART7_IRQHandler                         0x0800d221   Thumb Code    12  stm32h7xx_it.o(.text.UART7_IRQHandler)
    UART_AdvFeatureConfig                    0x0800d231   Thumb Code   234  stm32h7xx_hal_uart.o(.text.UART_AdvFeatureConfig)
    UART_CheckIdleState                      0x0800d321   Thumb Code   194  stm32h7xx_hal_uart.o(.text.UART_CheckIdleState)
    UART_SetConfig                           0x0800db11   Thumb Code  1522  stm32h7xx_hal_uart.o(.text.UART_SetConfig)
    UART_Start_Receive_DMA                   0x0800e109   Thumb Code   160  stm32h7xx_hal_uart.o(.text.UART_Start_Receive_DMA)
    UART_Start_Receive_IT                    0x0800e1a9   Thumb Code   324  stm32h7xx_hal_uart.o(.text.UART_Start_Receive_IT)
    UART_WaitOnFlagUntilTimeout              0x0800e499   Thumb Code   372  stm32h7xx_hal_uart.o(.text.UART_WaitOnFlagUntilTimeout)
    USART10_IRQHandler                       0x0800e611   Thumb Code    12  stm32h7xx_it.o(.text.USART10_IRQHandler)
    USART1_IRQHandler                        0x0800e621   Thumb Code    12  stm32h7xx_it.o(.text.USART1_IRQHandler)
    UsageFault_Handler                       0x0800e631   Thumb Code     2  stm32h7xx_it.o(.text.UsageFault_Handler)
    Voice_GetCommand                         0x0800e639   Thumb Code    38  voice.o(.text.Voice_GetCommand)
    Voice_GetLastTxId                        0x0800e661   Thumb Code    12  voice.o(.text.Voice_GetLastTxId)
    Voice_GetLastTxTick                      0x0800e671   Thumb Code    12  voice.o(.text.Voice_GetLastTxTick)
    Voice_GetLastTxType                      0x0800e681   Thumb Code    12  voice.o(.text.Voice_GetLastTxType)
    Voice_Init                               0x0800e691   Thumb Code    64  voice.o(.text.Voice_Init)
    Voice_Play                               0x0800e6d1   Thumb Code    68  voice.o(.text.Voice_Play)
    WS2812_BreathingGreen                    0x0800e719   Thumb Code   124  ws2812.o(.text.WS2812_BreathingGreen)
    WS2812_Init                              0x0800e799   Thumb Code   204  ws2812.o(.text.WS2812_Init)
    WS2812_Set                               0x0800e869   Thumb Code   464  ws2812.o(.text.WS2812_Set)
    WirelessBridge_GetInvalidRxCount         0x0800ea39   Thumb Code    16  wireless_bridge.o(.text.WirelessBridge_GetInvalidRxCount)
    WirelessBridge_GetLastSequence           0x0800ea49   Thumb Code    12  wireless_bridge.o(.text.WirelessBridge_GetLastSequence)
    WirelessBridge_GetTxCount                0x0800ea59   Thumb Code    12  wireless_bridge.o(.text.WirelessBridge_GetTxCount)
    WirelessBridge_GetValidRxCount           0x0800ea69   Thumb Code    12  wireless_bridge.o(.text.WirelessBridge_GetValidRxCount)
    WirelessBridge_Init                      0x0800ea79   Thumb Code   410  wireless_bridge.o(.text.WirelessBridge_Init)
    WirelessBridge_IsOnline                  0x0800ec19   Thumb Code    38  wireless_bridge.o(.text.WirelessBridge_IsOnline)
    WirelessBridge_OnError                   0x0800ec41   Thumb Code   296  wireless_bridge.o(.text.WirelessBridge_OnError)
    WirelessBridge_OnTxComplete              0x0800ed69   Thumb Code    22  wireless_bridge.o(.text.WirelessBridge_OnTxComplete)
    WirelessBridge_SendConfigAck             0x0800ed81   Thumb Code   536  wireless_bridge.o(.text.WirelessBridge_SendConfigAck)
    WirelessBridge_SendConfigData            0x0800ef99   Thumb Code   502  wireless_bridge.o(.text.WirelessBridge_SendConfigData)
    WirelessBridge_SendControlAck            0x0800f191   Thumb Code   540  wireless_bridge.o(.text.WirelessBridge_SendControlAck)
    WirelessBridge_SendReportData            0x0800f3b1   Thumb Code   502  wireless_bridge.o(.text.WirelessBridge_SendReportData)
    WirelessBridge_SendServoPreviewAck       0x0800f5a9   Thumb Code   536  wireless_bridge.o(.text.WirelessBridge_SendServoPreviewAck)
    WirelessBridge_SendTrainingStatus        0x0800f7c1   Thumb Code   492  wireless_bridge.o(.text.WirelessBridge_SendTrainingStatus)
    WirelessBridge_TakeConfig                0x0800f9b1   Thumb Code    96  wireless_bridge.o(.text.WirelessBridge_TakeConfig)
    WirelessBridge_TakeConfigQuery           0x0800fa11   Thumb Code    46  wireless_bridge.o(.text.WirelessBridge_TakeConfigQuery)
    WirelessBridge_TakeControl               0x0800fa41   Thumb Code   126  wireless_bridge.o(.text.WirelessBridge_TakeControl)
    WirelessBridge_TakeReportQuery           0x0800fac1   Thumb Code    54  wireless_bridge.o(.text.WirelessBridge_TakeReportQuery)
    WirelessBridge_TakeServoPreview          0x0800faf9   Thumb Code    66  wireless_bridge.o(.text.WirelessBridge_TakeServoPreview)
    WirelessBridge_Update                    0x0800fb41   Thumb Code   228  wireless_bridge.o(.text.WirelessBridge_Update)
    bmi088_accel_init                        0x0800fc29   Thumb Code   590  bmi088driver.o(.text.bmi088_accel_init)
    bmi088_gyro_init                         0x0800fe79   Thumb Code   526  bmi088driver.o(.text.bmi088_gyro_init)
    main                                     0x08010089   Thumb Code  3072  main.o(.text.main)
    __0snprintf                              0x08010c89   Thumb Code    44  printfa.o(i.__0snprintf)
    __1snprintf                              0x08010c89   Thumb Code     0  printfa.o(i.__0snprintf)
    __2snprintf                              0x08010c89   Thumb Code     0  printfa.o(i.__0snprintf)
    __c89snprintf                            0x08010c89   Thumb Code     0  printfa.o(i.__0snprintf)
    snprintf                                 0x08010c89   Thumb Code     0  printfa.o(i.__0snprintf)
    __ARM_fpclassifyf                        0x08010cb9   Thumb Code    38  fpclassifyf.o(i.__ARM_fpclassifyf)
    __hardfp__fabsf                          0x08010cdf   Thumb Code    14  fabsf.o(i.__hardfp__fabsf)
    __hardfp_acosf                           0x08010ced   Thumb Code   234  acosf.o(i.__hardfp_acosf)
    __hardfp_asinf                           0x08010e05   Thumb Code   258  asinf.o(i.__hardfp_asinf)
    __hardfp_atan2f                          0x08010f31   Thumb Code   502  atan2f.o(i.__hardfp_atan2f)
    __hardfp_cosf                            0x08011181   Thumb Code   280  cosf.o(i.__hardfp_cosf)
    __hardfp_sinf                            0x080112d1   Thumb Code   344  sinf.o(i.__hardfp_sinf)
    __hardfp_sqrtf                           0x08011461   Thumb Code    58  sqrtf.o(i.__hardfp_sqrtf)
    __mathlib_flt_infnan                     0x0801149b   Thumb Code     6  funder.o(i.__mathlib_flt_infnan)
    __mathlib_flt_infnan2                    0x080114a1   Thumb Code     6  funder.o(i.__mathlib_flt_infnan2)
    __mathlib_flt_invalid                    0x080114a9   Thumb Code    10  funder.o(i.__mathlib_flt_invalid)
    __mathlib_flt_underflow                  0x080114b9   Thumb Code    10  funder.o(i.__mathlib_flt_underflow)
    __mathlib_rredf2                         0x080114c9   Thumb Code   316  rredf.o(i.__mathlib_rredf2)
    __scatterload_copy                       0x0801161d   Thumb Code    14  handlers.o(i.__scatterload_copy)
    __scatterload_null                       0x0801162b   Thumb Code     2  handlers.o(i.__scatterload_null)
    __scatterload_zeroinit                   0x0801162d   Thumb Code    14  handlers.o(i.__scatterload_zeroinit)
    __set_errno                              0x0801163d   Thumb Code     6  errno.o(i.__set_errno)
    sqrtf                                    0x08011f11   Thumb Code    62  sqrtf.o(i.sqrtf)
    D1CorePrescTable                         0x08011f7c   Data          16  system_stm32h7xx.o(.rodata.D1CorePrescTable)
    UARTPrescTable                           0x08011f8c   Data          24  stm32h7xx_hal_uart.o(.rodata.UARTPrescTable)
    Region$$Table$$Base                      0x08012070   Number         0  anon$$obj.o(Region$$Table)
    Region$$Table$$Limit                     0x08012090   Number         0  anon$$obj.o(Region$$Table)
    uwTickFreq                               0x24000004   Data           1  stm32h7xx_hal.o(.data..L_MergedGlobals)
    uwTickPrio                               0x24000008   Data           4  stm32h7xx_hal.o(.data..L_MergedGlobals)
    uwTick                                   0x2400000c   Data           4  stm32h7xx_hal.o(.data..L_MergedGlobals)
    SystemCoreClock                          0x24000010   Data           4  system_stm32h7xx.o(.data..L_MergedGlobals)
    SystemD2Clock                            0x24000014   Data           4  system_stm32h7xx.o(.data..L_MergedGlobals)
    BMI088_ACCEL_SEN                         0x24000018   Data           4  bmi088driver.o(.data..L_MergedGlobals)
    BMI088_GYRO_SEN                          0x2400001c   Data           4  bmi088driver.o(.data..L_MergedGlobals)
    CALIB_X_MIN                              0x24000020   Data           1  train_modes.o(.data..L_MergedGlobals)
    CALIB_X_MAX                              0x24000021   Data           1  train_modes.o(.data..L_MergedGlobals)
    CALIB_Y_MIN                              0x24000022   Data           1  train_modes.o(.data..L_MergedGlobals)
    CALIB_Y_MAX                              0x24000023   Data           1  train_modes.o(.data..L_MergedGlobals)
    temp                                     0x24000040   Data           4  main.o(.bss..L_MergedGlobals)
    euler_angle                              0x24000044   Data          12  main.o(.bss..L_MergedGlobals)
    hdma_spi2_rx                             0x24000050   Data         120  spi.o(.bss..L_MergedGlobals)
    hdma_usart1_tx                           0x240000d0   Data         120  usart.o(.bss..L_MergedGlobals)
    hdma_spi2_tx                             0x240002e0   Data         120  spi.o(.bss..L_MergedGlobals.1)
    hdma_usart10_rx                          0x24000360   Data         120  usart.o(.bss..L_MergedGlobals.1)
    hspi2                                    0x24000688   Data         136  spi.o(.bss.hspi2)
    htim1                                    0x24000798   Data          76  tim.o(.bss.htim1)
    huart1                                   0x240007e4   Data         148  usart.o(.bss.huart1)
    huart10                                  0x24000878   Data         148  usart.o(.bss.huart10)
    huart7                                   0x2400090c   Data         148  usart.o(.bss.huart7)
    __initial_sp                             0x24002000   Data           0  startup_stm32h723xx.o(STACK)



==============================================================================

Memory Map of the image

  Image Entry point : 0x080002cd

  Load Region LR_IROM1 (Base: 0x08000000, Size: 0x000120d0, Max: 0x00100000, ABSOLUTE)

    Execution Region ER_IROM1 (Exec base: 0x08000000, Load base: 0x08000000, Size: 0x00012090, Max: 0x00100000, ABSOLUTE)

    Exec Addr    Load Addr    Size         Type   Attr      Idx    E Section Name        Object

    0x08000000   0x08000000   0x000002cc   Data   RO            3    RESET               startup_stm32h723xx.o
    0x080002cc   0x080002cc   0x00000000   Code   RO         2219  * .ARM.Collect$$$$00000000  mc_w.l(entry.o)
    0x080002cc   0x080002cc   0x00000004   Code   RO         2514    .ARM.Collect$$$$00000001  mc_w.l(entry2.o)
    0x080002d0   0x080002d0   0x00000004   Code   RO         2517    .ARM.Collect$$$$00000004  mc_w.l(entry5.o)
    0x080002d4   0x080002d4   0x00000000   Code   RO         2519    .ARM.Collect$$$$00000008  mc_w.l(entry7b.o)
    0x080002d4   0x080002d4   0x00000000   Code   RO         2521    .ARM.Collect$$$$0000000A  mc_w.l(entry8b.o)
    0x080002d4   0x080002d4   0x00000008   Code   RO         2522    .ARM.Collect$$$$0000000B  mc_w.l(entry9a.o)
    0x080002dc   0x080002dc   0x00000000   Code   RO         2524    .ARM.Collect$$$$0000000D  mc_w.l(entry10a.o)
    0x080002dc   0x080002dc   0x00000000   Code   RO         2526    .ARM.Collect$$$$0000000F  mc_w.l(entry11a.o)
    0x080002dc   0x080002dc   0x00000004   Code   RO         2515    .ARM.Collect$$$$00002712  mc_w.l(entry2.o)
    0x080002e0   0x080002e0   0x00000024   Code   RO            4    .text               startup_stm32h723xx.o
    0x08000304   0x08000304   0x00000062   Code   RO         2222    .text               mc_w.l(uldiv.o)
    0x08000366   0x08000366   0x00000040   Code   RO         2226    .text               mc_w.l(memmovea.o)
    0x080003a6   0x080003a6   0x00000024   Code   RO         2228    .text               mc_w.l(memseta.o)
    0x080003ca   0x080003ca   0x0000002c   Code   RO         2529    .text               mc_w.l(uidiv.o)
    0x080003f6   0x080003f6   0x0000001e   Code   RO         2531    .text               mc_w.l(llshl.o)
    0x08000414   0x08000414   0x00000020   Code   RO         2533    .text               mc_w.l(llushr.o)
    0x08000434   0x08000434   0x00000000   Code   RO         2542    .text               mc_w.l(iusefp.o)
    0x08000434   0x08000434   0x0000014e   Code   RO         2543    .text               mf_w.l(dadd.o)
    0x08000582   0x08000582   0x000000e4   Code   RO         2545    .text               mf_w.l(dmul.o)
    0x08000666   0x08000666   0x000000de   Code   RO         2547    .text               mf_w.l(ddiv.o)
    0x08000744   0x08000744   0x00000030   Code   RO         2549    .text               mf_w.l(dfixul.o)
    0x08000774   0x08000774   0x00000030   Code   RO         2551    .text               mf_w.l(cdrcmple.o)
    0x080007a4   0x080007a4   0x00000024   Code   RO         2553    .text               mc_w.l(init.o)
    0x080007c8   0x080007c8   0x00000024   Code   RO         2555    .text               mc_w.l(llsshr.o)
    0x080007ec   0x080007ec   0x000000ba   Code   RO         2557    .text               mf_w.l(depilogue.o)
    0x080008a6   0x080008a6   0x00000002   PAD
    0x080008a8   0x080008a8   0x000002fe   Code   RO         2119    .text.App_CompleteCurrentMode  train_modes.o
    0x08000ba6   0x08000ba6   0x00000002   PAD
    0x08000ba8   0x08000ba8   0x000000b0   Code   RO         2069    .text.App_EnterPause  train_modes.o
    0x08000c58   0x08000c58   0x0000018e   Code   RO         2091    .text.App_ExecuteControl  train_modes.o
    0x08000de6   0x08000de6   0x00000002   PAD
    0x08000de8   0x08000de8   0x0000000c   Code   RO         2113    .text.App_GetLastEvent  train_modes.o
    0x08000df4   0x08000df4   0x00000004   PAD
    0x08000df8   0x08000df8   0x0000000c   Code   RO         2105    .text.App_GetLastVoiceCmd  train_modes.o
    0x08000e04   0x08000e04   0x00000004   PAD
    0x08000e08   0x08000e08   0x0000000c   Code   RO         2107    .text.App_GetLastVoiceCmdTick  train_modes.o
    0x08000e14   0x08000e14   0x00000004   PAD
    0x08000e18   0x08000e18   0x00000140   Code   RO         2095    .text.App_GetLiveStatus  train_modes.o
    0x08000f58   0x08000f58   0x0000000c   Code   RO         2079    .text.App_GetMode   train_modes.o
    0x08000f64   0x08000f64   0x00000004   PAD
    0x08000f68   0x08000f68   0x00000052   Code   RO         2099    .text.App_GetModeReport  train_modes.o
    0x08000fba   0x08000fba   0x00000006   PAD
    0x08000fc0   0x08000fc0   0x0000001c   Code   RO         2097    .text.App_GetSessionReport  train_modes.o
    0x08000fdc   0x08000fdc   0x00000004   PAD
    0x08000fe0   0x08000fe0   0x0000000c   Code   RO         2077    .text.App_GetState  train_modes.o
    0x08000fec   0x08000fec   0x00000004   PAD
    0x08000ff0   0x08000ff0   0x00000012   Code   RO         2083    .text.App_GetTrainingConfig  train_modes.o
    0x08001002   0x08001002   0x00000006   PAD
    0x08001008   0x08001008   0x00000016   Code   RO         2103    .text.App_GetTrialCount  train_modes.o
    0x0800101e   0x0800101e   0x00000002   PAD
    0x08001020   0x08001020   0x00000040   Code   RO         2101    .text.App_GetTrialResult  train_modes.o
    0x08001060   0x08001060   0x0000016a   Code   RO         2061    .text.App_Init      train_modes.o
    0x080011ca   0x080011ca   0x00000006   PAD
    0x080011d0   0x080011d0   0x00000112   Code   RO         2087    .text.App_PreviewServo  train_modes.o
    0x080012e2   0x080012e2   0x00000006   PAD
    0x080012e8   0x080012e8   0x000000ec   Code   RO         2121    .text.App_RecordTrial  train_modes.o
    0x080013d4   0x080013d4   0x00000004   PAD
    0x080013d8   0x080013d8   0x000000fa   Code   RO         2067    .text.App_ResumeFromPause  train_modes.o
    0x080014d2   0x080014d2   0x00000006   PAD
    0x080014d8   0x080014d8   0x000019c4   Code   RO         2065    .text.App_Run       train_modes.o
    0x08002e9c   0x08002e9c   0x00000004   PAD
    0x08002ea0   0x08002ea0   0x00000144   Code   RO         2073    .text.App_SelectModeAndCalibrate  train_modes.o
    0x08002fe4   0x08002fe4   0x00000004   PAD
    0x08002fe8   0x08002fe8   0x000001a8   Code   RO         2085    .text.App_SetTrainingConfig  train_modes.o
    0x08003190   0x08003190   0x0000009e   Code   RO         2071    .text.App_SkipToNextMode  train_modes.o
    0x0800322e   0x0800322e   0x00000002   PAD
    0x08003230   0x08003230   0x00000128   Code   RO         2089    .text.App_StartSession  train_modes.o
    0x08003358   0x08003358   0x00000230   Code   RO         2117    .text.App_Transition  train_modes.o
    0x08003588   0x08003588   0x00000010   Code   RO         1797    .text.BMI088_ACCEL_NS_H  bmi088middleware.o
    0x08003598   0x08003598   0x00000010   Code   RO         1795    .text.BMI088_ACCEL_NS_L  bmi088middleware.o
    0x080035a8   0x080035a8   0x000000fe   Code   RO         1717    .text.BMI088_AsyncStart  bmi088driver.o
    0x080036a6   0x080036a6   0x00000002   PAD
    0x080036a8   0x080036a8   0x0000001c   Code   RO         1747    .text.BMI088_ClearNewSampleFlag  bmi088driver.o
    0x080036c4   0x080036c4   0x00000004   PAD
    0x080036c8   0x080036c8   0x00000b2c   Code   RO         1749    .text.BMI088_DMA_TxRxCpltCallback  bmi088driver.o
    0x080041f4   0x080041f4   0x00000004   PAD
    0x080041f8   0x080041f8   0x00000002   Code   RO         1785    .text.BMI088_GPIO_init  bmi088middleware.o
    0x080041fa   0x080041fa   0x00000006   PAD
    0x08004200   0x08004200   0x00000010   Code   RO         1801    .text.BMI088_GYRO_NS_H  bmi088middleware.o
    0x08004210   0x08004210   0x00000010   Code   RO         1799    .text.BMI088_GYRO_NS_L  bmi088middleware.o
    0x08004220   0x08004220   0x00000088   Code   RO         1729    .text.BMI088_GetEuler  bmi088driver.o
    0x080042a8   0x080042a8   0x0000002a   Code   RO         1731    .text.BMI088_GetGyroBias  bmi088driver.o
    0x080042d2   0x080042d2   0x00000006   PAD
    0x080042d8   0x080042d8   0x0000006c   Code   RO         1727    .text.BMI088_GetLatestFloat  bmi088driver.o
    0x08004344   0x08004344   0x00000004   PAD
    0x08004348   0x08004348   0x0000000c   Code   RO         1737    .text.BMI088_IsCalibrated  bmi088driver.o
    0x08004354   0x08004354   0x00000004   PAD
    0x08004358   0x08004358   0x0000000c   Code   RO         1739    .text.BMI088_IsStatic  bmi088driver.o
    0x08004364   0x08004364   0x00000004   PAD
    0x08004368   0x08004368   0x0000005c   Code   RO         1723    .text.BMI088_Task   bmi088driver.o
    0x080043c4   0x080043c4   0x00000004   PAD
    0x080043c8   0x080043c8   0x00000060   Code   RO         1787    .text.BMI088_com_init  bmi088middleware.o
    0x08004428   0x08004428   0x000000a0   Code   RO         1791    .text.BMI088_delay_ms  bmi088middleware.o
    0x080044c8   0x080044c8   0x0000007a   Code   RO         1793    .text.BMI088_delay_us  bmi088middleware.o
    0x08004542   0x08004542   0x00000006   PAD
    0x08004548   0x08004548   0x0000003c   Code   RO         1755    .text.BMI088_euler_init  bmi088driver.o
    0x08004584   0x08004584   0x00000004   PAD
    0x08004588   0x08004588   0x00000068   Code   RO         1789    .text.BMI088_get_time_us  bmi088middleware.o
    0x080045f0   0x080045f0   0x00000018   Code   RO         1711    .text.BMI088_init   bmi088driver.o
    0x08004608   0x08004608   0x00000078   Code   RO         1757    .text.BMI088_read_euler  bmi088driver.o
    0x08004680   0x08004680   0x00000032   Code   RO         1803    .text.BMI088_read_write_byte  bmi088middleware.o
    0x080046b2   0x080046b2   0x00000006   PAD
    0x080046b8   0x080046b8   0x000001cc   Code   RO         1743    .text.BMI088_refresh_attitude_cache  bmi088driver.o
    0x08004884   0x08004884   0x00000004   PAD
    0x08004888   0x08004888   0x0000000c   Code   RO         1807    .text.BMI088_spi_abort_dma  bmi088middleware.o
    0x08004894   0x08004894   0x00000004   PAD
    0x08004898   0x08004898   0x00000012   Code   RO         1805    .text.BMI088_spi_transmit_receive_dma  bmi088middleware.o
    0x080048aa   0x080048aa   0x00000006   PAD
    0x080048b0   0x080048b0   0x0000010a   Code   RO         1719    .text.BMI088_try_start_next_transaction  bmi088driver.o
    0x080049ba   0x080049ba   0x00000006   PAD
    0x080049c0   0x080049c0   0x00000002   Code   RO          138    .text.BusFault_Handler  stm32h7xx_it.o
    0x080049c2   0x080049c2   0x00000006   PAD
    0x080049c8   0x080049c8   0x00000064   Code   RO         1965    .text.Buzzer_Alert  buzzer.o
    0x08004a2c   0x08004a2c   0x00000004   PAD
    0x08004a30   0x08004a30   0x000000b0   Code   RO         1959    .text.Buzzer_Init   buzzer.o
    0x08004ae0   0x08004ae0   0x0000000c   Code   RO          150    .text.DMA1_Stream0_IRQHandler  stm32h7xx_it.o
    0x08004aec   0x08004aec   0x00000004   PAD
    0x08004af0   0x08004af0   0x0000000c   Code   RO          152    .text.DMA1_Stream1_IRQHandler  stm32h7xx_it.o
    0x08004afc   0x08004afc   0x00000004   PAD
    0x08004b00   0x08004b00   0x0000000c   Code   RO          154    .text.DMA1_Stream3_IRQHandler  stm32h7xx_it.o
    0x08004b0c   0x08004b0c   0x00000004   PAD
    0x08004b10   0x08004b10   0x0000000c   Code   RO          156    .text.DMA1_Stream4_IRQHandler  stm32h7xx_it.o
    0x08004b1c   0x08004b1c   0x00000004   PAD
    0x08004b20   0x08004b20   0x00000002   Code   RO          144    .text.DebugMon_Handler  stm32h7xx_it.o
    0x08004b22   0x08004b22   0x00000006   PAD
    0x08004b28   0x08004b28   0x00000016   Code   RO          162    .text.EXTI15_10_IRQHandler  stm32h7xx_it.o
    0x08004b3e   0x08004b3e   0x00000002   PAD
    0x08004b40   0x08004b40   0x0000000a   Code   RO           15    .text.Error_Handler  main.o
    0x08004b4a   0x08004b4a   0x00000006   PAD
    0x08004b50   0x08004b50   0x000004d0   Code   RO          486    .text.HAL_DMA_Abort  stm32h7xx_hal_dma.o
    0x08005020   0x08005020   0x0000029e   Code   RO          488    .text.HAL_DMA_Abort_IT  stm32h7xx_hal_dma.o
    0x080052be   0x080052be   0x00000002   PAD
    0x080052c0   0x080052c0   0x00000004   Code   RO          500    .text.HAL_DMA_GetError  stm32h7xx_hal_dma.o
    0x080052c4   0x080052c4   0x00000004   PAD
    0x080052c8   0x080052c8   0x000007ea   Code   RO          492    .text.HAL_DMA_IRQHandler  stm32h7xx_hal_dma.o
    0x08005ab2   0x08005ab2   0x00000006   PAD
    0x08005ab8   0x08005ab8   0x00000814   Code   RO          478    .text.HAL_DMA_Init  stm32h7xx_hal_dma.o
    0x080062cc   0x080062cc   0x00000004   PAD
    0x080062d0   0x080062d0   0x00000662   Code   RO          484    .text.HAL_DMA_Start_IT  stm32h7xx_hal_dma.o
    0x08006932   0x08006932   0x00000006   PAD
    0x08006938   0x08006938   0x0000002c   Code   RO          742    .text.HAL_Delay     stm32h7xx_hal.o
    0x08006964   0x08006964   0x00000004   PAD
    0x08006968   0x08006968   0x00000048   Code   RO         1759    .text.HAL_GPIO_EXTI_Callback  bmi088driver.o
    0x080069b0   0x080069b0   0x00000014   Code   RO          430    .text.HAL_GPIO_EXTI_IRQHandler  stm32h7xx_hal_gpio.o
    0x080069c4   0x080069c4   0x00000004   PAD
    0x080069c8   0x080069c8   0x000001b2   Code   RO          418    .text.HAL_GPIO_Init  stm32h7xx_hal_gpio.o
    0x08006b7a   0x08006b7a   0x00000006   PAD
    0x08006b80   0x08006b80   0x0000000a   Code   RO          422    .text.HAL_GPIO_ReadPin  stm32h7xx_hal_gpio.o
    0x08006b8a   0x08006b8a   0x00000006   PAD
    0x08006b90   0x08006b90   0x0000000a   Code   RO          424    .text.HAL_GPIO_WritePin  stm32h7xx_hal_gpio.o
    0x08006b9a   0x08006b9a   0x00000006   PAD
    0x08006ba0   0x08006ba0   0x0000000c   Code   RO          734    .text.HAL_GetTick   stm32h7xx_hal.o
    0x08006bac   0x08006bac   0x00000004   PAD
    0x08006bb0   0x08006bb0   0x00000012   Code   RO          732    .text.HAL_IncTick   stm32h7xx_hal.o
    0x08006bc2   0x08006bc2   0x00000006   PAD
    0x08006bc8   0x08006bc8   0x00000064   Code   RO          722    .text.HAL_Init      stm32h7xx_hal.o
    0x08006c2c   0x08006c2c   0x00000004   PAD
    0x08006c30   0x08006c30   0x0000004e   Code   RO          724    .text.HAL_InitTick  stm32h7xx_hal.o
    0x08006c7e   0x08006c7e   0x00000002   PAD
    0x08006c80   0x08006c80   0x00000020   Code   RO          179    .text.HAL_MspInit   stm32h7xx_hal_msp.o
    0x08006ca0   0x08006ca0   0x00000020   Code   RO          196    .text.HAL_NVIC_EnableIRQ  stm32h7xx_hal_cortex.o
    0x08006cc0   0x08006cc0   0x00000064   Code   RO          194    .text.HAL_NVIC_SetPriority  stm32h7xx_hal_cortex.o
    0x08006d24   0x08006d24   0x00000004   PAD
    0x08006d28   0x08006d28   0x00000020   Code   RO          192    .text.HAL_NVIC_SetPriorityGrouping  stm32h7xx_hal_cortex.o
    0x08006d48   0x08006d48   0x00000050   Code   RO          635    .text.HAL_PWREx_ConfigSupply  stm32h7xx_hal_pwr_ex.o
    0x08006d98   0x08006d98   0x00000026   Code   RO          300    .text.HAL_RCCEx_GetD3PCLK1Freq  stm32h7xx_hal_rcc_ex.o
    0x08006dbe   0x08006dbe   0x00000002   PAD
    0x08006dc0   0x08006dc0   0x00000170   Code   RO          296    .text.HAL_RCCEx_GetPLL2ClockFreq  stm32h7xx_hal_rcc_ex.o
    0x08006f30   0x08006f30   0x00000170   Code   RO          298    .text.HAL_RCCEx_GetPLL3ClockFreq  stm32h7xx_hal_rcc_ex.o
    0x080070a0   0x080070a0   0x00000958   Code   RO          284    .text.HAL_RCCEx_PeriphCLKConfig  stm32h7xx_hal_rcc_ex.o
    0x080079f8   0x080079f8   0x000002ae   Code   RO          249    .text.HAL_RCC_ClockConfig  stm32h7xx_hal_rcc.o
    0x08007ca6   0x08007ca6   0x00000002   PAD
    0x08007ca8   0x08007ca8   0x0000004c   Code   RO          259    .text.HAL_RCC_GetHCLKFreq  stm32h7xx_hal_rcc.o
    0x08007cf4   0x08007cf4   0x00000004   PAD
    0x08007cf8   0x08007cf8   0x00000060   Code   RO          261    .text.HAL_RCC_GetPCLK1Freq  stm32h7xx_hal_rcc.o
    0x08007d58   0x08007d58   0x00000060   Code   RO          263    .text.HAL_RCC_GetPCLK2Freq  stm32h7xx_hal_rcc.o
    0x08007db8   0x08007db8   0x00000164   Code   RO          251    .text.HAL_RCC_GetSysClockFreq  stm32h7xx_hal_rcc.o
    0x08007f1c   0x08007f1c   0x00000004   PAD
    0x08007f20   0x08007f20   0x00000532   Code   RO          247    .text.HAL_RCC_OscConfig  stm32h7xx_hal_rcc.o
    0x08008452   0x08008452   0x00000006   PAD
    0x08008458   0x08008458   0x00000010   Code   RO         1113    .text.HAL_SPI_DMAStop  stm32h7xx_hal_spi.o
    0x08008468   0x08008468   0x00000062   Code   RO         1763    .text.HAL_SPI_ErrorCallback  bmi088driver.o
    0x080084ca   0x080084ca   0x00000006   PAD
    0x080084d0   0x080084d0   0x00000234   Code   RO         1115    .text.HAL_SPI_IRQHandler  stm32h7xx_hal_spi.o
    0x08008704   0x08008704   0x00000004   PAD
    0x08008708   0x08008708   0x000001bc   Code   RO         1045    .text.HAL_SPI_Init  stm32h7xx_hal_spi.o
    0x080088c4   0x080088c4   0x00000004   PAD
    0x080088c8   0x080088c8   0x00000158   Code   RO           68    .text.HAL_SPI_MspInit  spi.o
    0x08008a20   0x08008a20   0x00000002   Code   RO         1123    .text.HAL_SPI_RxCpltCallback  stm32h7xx_hal_spi.o
    0x08008a22   0x08008a22   0x00000006   PAD
    0x08008a28   0x08008a28   0x00000002   Code   RO         1117    .text.HAL_SPI_SuspendCallback  stm32h7xx_hal_spi.o
    0x08008a2a   0x08008a2a   0x00000006   PAD
    0x08008a30   0x08008a30   0x000003e6   Code   RO         1053    .text.HAL_SPI_Transmit  stm32h7xx_hal_spi.o
    0x08008e16   0x08008e16   0x00000002   PAD
    0x08008e18   0x08008e18   0x00000612   Code   RO         1059    .text.HAL_SPI_TransmitReceive  stm32h7xx_hal_spi.o
    0x0800942a   0x0800942a   0x00000006   PAD
    0x08009430   0x08009430   0x00000214   Code   RO         1093    .text.HAL_SPI_TransmitReceive_DMA  stm32h7xx_hal_spi.o
    0x08009644   0x08009644   0x00000004   PAD
    0x08009648   0x08009648   0x00000002   Code   RO         1125    .text.HAL_SPI_TxCpltCallback  stm32h7xx_hal_spi.o
    0x0800964a   0x0800964a   0x00000006   PAD
    0x08009650   0x08009650   0x00000004   Code   RO         1761    .text.HAL_SPI_TxRxCpltCallback  bmi088driver.o
    0x08009654   0x08009654   0x00000004   PAD
    0x08009658   0x08009658   0x00000002   Code   RO         1133    .text.HAL_SPI_TxRxHalfCpltCallback  stm32h7xx_hal_spi.o
    0x0800965a   0x0800965a   0x00000006   PAD
    0x08009660   0x08009660   0x00000014   Code   RO          772    .text.HAL_SYSCFG_AnalogSwitchConfig  stm32h7xx_hal.o
    0x08009674   0x08009674   0x00000004   PAD
    0x08009678   0x08009678   0x0000002c   Code   RO          202    .text.HAL_SYSTICK_Config  stm32h7xx_hal_cortex.o
    0x080096a4   0x080096a4   0x00000004   PAD
    0x080096a8   0x080096a8   0x000000c0   Code   RO         1467    .text.HAL_TIMEx_ConfigBreakDeadTime  stm32h7xx_hal_tim_ex.o
    0x08009768   0x08009768   0x000000e0   Code   RO         1465    .text.HAL_TIMEx_MasterConfigSynchronization  stm32h7xx_hal_tim_ex.o
    0x08009848   0x08009848   0x000001b2   Code   RO         1167    .text.HAL_TIM_Base_Init  stm32h7xx_hal_tim.o
    0x080099fa   0x080099fa   0x00000006   PAD
    0x08009a00   0x08009a00   0x0000002e   Code   RO           90    .text.HAL_TIM_Base_MspInit  tim.o
    0x08009a2e   0x08009a2e   0x00000002   PAD
    0x08009a30   0x08009a30   0x000001d6   Code   RO         1347    .text.HAL_TIM_ConfigClockSource  stm32h7xx_hal_tim.o
    0x08009c06   0x08009c06   0x00000002   PAD
    0x08009c08   0x08009c08   0x000004a2   Code   RO         1321    .text.HAL_TIM_PWM_ConfigChannel  stm32h7xx_hal_tim.o
    0x0800a0aa   0x0800a0aa   0x00000006   PAD
    0x0800a0b0   0x0800a0b0   0x000001b2   Code   RO         1221    .text.HAL_TIM_PWM_Init  stm32h7xx_hal_tim.o
    0x0800a262   0x0800a262   0x00000006   PAD
    0x0800a268   0x0800a268   0x00000002   Code   RO         1223    .text.HAL_TIM_PWM_MspInit  stm32h7xx_hal_tim.o
    0x0800a26a   0x0800a26a   0x00000006   PAD
    0x0800a270   0x0800a270   0x000001d8   Code   RO         1229    .text.HAL_TIM_PWM_Start  stm32h7xx_hal_tim.o
    0x0800a448   0x0800a448   0x00000038   Code   RO         1668    .text.HAL_UARTEx_DisableFifoMode  stm32h7xx_hal_uart_ex.o
    0x0800a480   0x0800a480   0x00000070   Code   RO         1678    .text.HAL_UARTEx_ReceiveToIdle_DMA  stm32h7xx_hal_uart_ex.o
    0x0800a4f0   0x0800a4f0   0x0000080c   Code   RO         2042    .text.HAL_UARTEx_RxEventCallback  wireless_bridge.o
    0x0800acfc   0x0800acfc   0x00000004   PAD
    0x0800ad00   0x0800ad00   0x00000002   Code   RO         1654    .text.HAL_UARTEx_RxFifoFullCallback  stm32h7xx_hal_uart_ex.o
    0x0800ad02   0x0800ad02   0x00000006   PAD
    0x0800ad08   0x0800ad08   0x00000090   Code   RO         1672    .text.HAL_UARTEx_SetRxFifoThreshold  stm32h7xx_hal_uart_ex.o
    0x0800ad98   0x0800ad98   0x00000090   Code   RO         1670    .text.HAL_UARTEx_SetTxFifoThreshold  stm32h7xx_hal_uart_ex.o
    0x0800ae28   0x0800ae28   0x00000002   Code   RO         1656    .text.HAL_UARTEx_TxFifoEmptyCallback  stm32h7xx_hal_uart_ex.o
    0x0800ae2a   0x0800ae2a   0x00000006   PAD
    0x0800ae30   0x0800ae30   0x00000002   Code   RO         1652    .text.HAL_UARTEx_WakeupCallback  stm32h7xx_hal_uart_ex.o
    0x0800ae32   0x0800ae32   0x00000006   PAD
    0x0800ae38   0x0800ae38   0x000000b4   Code   RO         1566    .text.HAL_UART_AbortReceive  stm32h7xx_hal_uart.o
    0x0800aeec   0x0800aeec   0x00000004   PAD
    0x0800aef0   0x0800aef0   0x00000094   Code   RO         1564    .text.HAL_UART_AbortTransmit  stm32h7xx_hal_uart.o
    0x0800af84   0x0800af84   0x00000004   PAD
    0x0800af88   0x0800af88   0x00000034   Code   RO           21    .text.HAL_UART_ErrorCallback  main.o
    0x0800afbc   0x0800afbc   0x00000004   PAD
    0x0800afc0   0x0800afc0   0x00000490   Code   RO         1588    .text.HAL_UART_IRQHandler  stm32h7xx_hal_uart.o
    0x0800b450   0x0800b450   0x00000066   Code   RO         1504    .text.HAL_UART_Init  stm32h7xx_hal_uart.o
    0x0800b4b6   0x0800b4b6   0x00000002   PAD
    0x0800b4b8   0x0800b4b8   0x00000220   Code   RO          112    .text.HAL_UART_MspInit  usart.o
    0x0800b6d8   0x0800b6d8   0x00000066   Code   RO         1540    .text.HAL_UART_Receive_IT  stm32h7xx_hal_uart.o
    0x0800b73e   0x0800b73e   0x00000002   PAD
    0x0800b740   0x0800b740   0x00000072   Code   RO         1931    .text.HAL_UART_RxCpltCallback  voice.o
    0x0800b7b2   0x0800b7b2   0x00000006   PAD
    0x0800b7b8   0x0800b7b8   0x00000002   Code   RO         1602    .text.HAL_UART_RxHalfCpltCallback  stm32h7xx_hal_uart.o
    0x0800b7ba   0x0800b7ba   0x00000006   PAD
    0x0800b7c0   0x0800b7c0   0x0000017e   Code   RO         1524    .text.HAL_UART_Transmit  stm32h7xx_hal_uart.o
    0x0800b93e   0x0800b93e   0x00000002   PAD
    0x0800b940   0x0800b940   0x000000a2   Code   RO         1544    .text.HAL_UART_Transmit_DMA  stm32h7xx_hal_uart.o
    0x0800b9e2   0x0800b9e2   0x00000006   PAD
    0x0800b9e8   0x0800b9e8   0x000000b2   Code   RO         1530    .text.HAL_UART_Transmit_IT  stm32h7xx_hal_uart.o
    0x0800ba9a   0x0800ba9a   0x00000006   PAD
    0x0800baa0   0x0800baa0   0x0000002c   Code   RO           19    .text.HAL_UART_TxCpltCallback  main.o
    0x0800bacc   0x0800bacc   0x00000004   PAD
    0x0800bad0   0x0800bad0   0x00000002   Code   RO         1598    .text.HAL_UART_TxHalfCpltCallback  stm32h7xx_hal_uart.o
    0x0800bad2   0x0800bad2   0x00000006   PAD
    0x0800bad8   0x0800bad8   0x00000002   Code   RO          134    .text.HardFault_Handler  stm32h7xx_it.o
    0x0800bada   0x0800bada   0x00000006   PAD
    0x0800bae0   0x0800bae0   0x0000000c   Code   RO         1825    .text.HeadTracker_GetResult  head_tracker.o
    0x0800baec   0x0800baec   0x00000004   PAD
    0x0800baf0   0x0800baf0   0x00000048   Code   RO         1821    .text.HeadTracker_Init  head_tracker.o
    0x0800bb38   0x0800bb38   0x00000218   Code   RO         1823    .text.HeadTracker_Update  head_tracker.o
    0x0800bd50   0x0800bd50   0x00000032   Code   RO         1847    .text.Key_GetEvent  key.o
    0x0800bd82   0x0800bd82   0x00000006   PAD
    0x0800bd88   0x0800bd88   0x00000068   Code   RO         1843    .text.Key_Init      key.o
    0x0800bdf0   0x0800bdf0   0x00000144   Code   RO         1845    .text.Key_Scan      key.o
    0x0800bf34   0x0800bf34   0x00000004   PAD
    0x0800bf38   0x0800bf38   0x00000026   Code   RO         1882    .text.LED_Init      led.o
    0x0800bf5e   0x0800bf5e   0x00000002   PAD
    0x0800bf60   0x0800bf60   0x00000024   Code   RO         1884    .text.LED_Off       led.o
    0x0800bf84   0x0800bf84   0x00000004   PAD
    0x0800bf88   0x0800bf88   0x00000024   Code   RO         1886    .text.LED_On        led.o
    0x0800bfac   0x0800bfac   0x00000004   PAD
    0x0800bfb0   0x0800bfb0   0x00000048   Code   RO         1867    .text.Laser_Blink   laser.o
    0x0800bff8   0x0800bff8   0x0000000e   Code   RO         1861    .text.Laser_Init    laser.o
    0x0800c006   0x0800c006   0x00000002   PAD
    0x0800c008   0x0800c008   0x0000000e   Code   RO         1865    .text.Laser_Off     laser.o
    0x0800c016   0x0800c016   0x00000002   PAD
    0x0800c018   0x0800c018   0x0000000e   Code   RO         1863    .text.Laser_On      laser.o
    0x0800c026   0x0800c026   0x00000002   PAD
    0x0800c028   0x0800c028   0x00000078   Code   RO         1869    .text.Laser_Test    laser.o
    0x0800c0a0   0x0800c0a0   0x00000064   Code   RO           53    .text.MX_DMA_Init   dma.o
    0x0800c104   0x0800c104   0x00000004   PAD
    0x0800c108   0x0800c108   0x0000018c   Code   RO           40    .text.MX_GPIO_Init  gpio.o
    0x0800c294   0x0800c294   0x00000004   PAD
    0x0800c298   0x0800c298   0x0000005a   Code   RO           66    .text.MX_SPI2_Init  spi.o
    0x0800c2f2   0x0800c2f2   0x00000006   PAD
    0x0800c2f8   0x0800c2f8   0x00000172   Code   RO           86    .text.MX_TIM1_Init  tim.o
    0x0800c46a   0x0800c46a   0x00000006   PAD
    0x0800c470   0x0800c470   0x00000082   Code   RO          106    .text.MX_UART7_Init  usart.o
    0x0800c4f2   0x0800c4f2   0x00000006   PAD
    0x0800c4f8   0x0800c4f8   0x00000082   Code   RO          110    .text.MX_USART10_UART_Init  usart.o
    0x0800c57a   0x0800c57a   0x00000006   PAD
    0x0800c580   0x0800c580   0x00000082   Code   RO          108    .text.MX_USART1_UART_Init  usart.o
    0x0800c602   0x0800c602   0x00000006   PAD
    0x0800c608   0x0800c608   0x00000002   Code   RO          136    .text.MemManage_Handler  stm32h7xx_it.o
    0x0800c60a   0x0800c60a   0x00000006   PAD
    0x0800c610   0x0800c610   0x00000002   Code   RO          132    .text.NMI_Handler   stm32h7xx_it.o
    0x0800c612   0x0800c612   0x00000006   PAD
    0x0800c618   0x0800c618   0x00000002   Code   RO          146    .text.PendSV_Handler  stm32h7xx_it.o
    0x0800c61a   0x0800c61a   0x00000006   PAD
    0x0800c620   0x0800c620   0x00000180   Code   RO         2123    .text.Pursuit_AdvancePoint  train_modes.o
    0x0800c7a0   0x0800c7a0   0x00000128   Code   RO          286    .text.RCCEx_PLL2_Config  stm32h7xx_hal_rcc_ex.o
    0x0800c8c8   0x0800c8c8   0x00000128   Code   RO          288    .text.RCCEx_PLL3_Config  stm32h7xx_hal_rcc_ex.o
    0x0800c9f0   0x0800c9f0   0x0000000c   Code   RO          158    .text.SPI2_IRQHandler  stm32h7xx_it.o
    0x0800c9fc   0x0800c9fc   0x00000004   PAD
    0x0800ca00   0x0800ca00   0x000000b6   Code   RO         1055    .text.SPI_CloseTransfer  stm32h7xx_hal_spi.o
    0x0800cab6   0x0800cab6   0x00000002   PAD
    0x0800cab8   0x0800cab8   0x00000016   Code   RO         1127    .text.SPI_DMAAbortOnError  stm32h7xx_hal_spi.o
    0x0800cace   0x0800cace   0x00000002   PAD
    0x0800cad0   0x0800cad0   0x00000030   Code   RO         1085    .text.SPI_DMAError  stm32h7xx_hal_spi.o
    0x0800cb00   0x0800cb00   0x00000006   Code   RO         1095    .text.SPI_DMAHalfTransmitReceiveCplt  stm32h7xx_hal_spi.o
    0x0800cb06   0x0800cb06   0x00000002   PAD
    0x0800cb08   0x0800cb08   0x00000026   Code   RO         1097    .text.SPI_DMATransmitReceiveCplt  stm32h7xx_hal_spi.o
    0x0800cb2e   0x0800cb2e   0x00000002   PAD
    0x0800cb30   0x0800cb30   0x00000002   Code   RO          142    .text.SVC_Handler   stm32h7xx_it.o
    0x0800cb32   0x0800cb32   0x00000006   PAD
    0x0800cb38   0x0800cb38   0x00000042   Code   RO         1905    .text.Servo_Init    servo.o
    0x0800cb7a   0x0800cb7a   0x00000006   PAD
    0x0800cb80   0x0800cb80   0x0000005c   Code   RO         1907    .text.Servo_SetAngle  servo.o
    0x0800cbdc   0x0800cbdc   0x00000004   PAD
    0x0800cbe0   0x0800cbe0   0x000004cc   Code   RO         2075    .text.State_CalibServo  train_modes.o
    0x0800d0ac   0x0800d0ac   0x00000004   PAD
    0x0800d0b0   0x0800d0b0   0x00000004   Code   RO          148    .text.SysTick_Handler  stm32h7xx_it.o
    0x0800d0b4   0x0800d0b4   0x00000004   PAD
    0x0800d0b8   0x0800d0b8   0x000000b2   Code   RO           13    .text.SystemClock_Config  main.o
    0x0800d16a   0x0800d16a   0x00000006   PAD
    0x0800d170   0x0800d170   0x000000b0   Code   RO         1694    .text.SystemInit    system_stm32h7xx.o
    0x0800d220   0x0800d220   0x0000000c   Code   RO          164    .text.UART7_IRQHandler  stm32h7xx_it.o
    0x0800d22c   0x0800d22c   0x00000004   PAD
    0x0800d230   0x0800d230   0x000000ea   Code   RO         1508    .text.UART_AdvFeatureConfig  stm32h7xx_hal_uart.o
    0x0800d31a   0x0800d31a   0x00000006   PAD
    0x0800d320   0x0800d320   0x000000c2   Code   RO         1512    .text.UART_CheckIdleState  stm32h7xx_hal_uart.o
    0x0800d3e2   0x0800d3e2   0x00000006   PAD
    0x0800d3e8   0x0800d3e8   0x0000000c   Code   RO         1590    .text.UART_DMAAbortOnError  stm32h7xx_hal_uart.o
    0x0800d3f4   0x0800d3f4   0x00000004   PAD
    0x0800d3f8   0x0800d3f8   0x000000d8   Code   RO         1550    .text.UART_DMAError  stm32h7xx_hal_uart.o
    0x0800d4d0   0x0800d4d0   0x00000090   Code   RO         1634    .text.UART_DMAReceiveCplt  stm32h7xx_hal_uart.o
    0x0800d560   0x0800d560   0x0000001a   Code   RO         1636    .text.UART_DMARxHalfCplt  stm32h7xx_hal_uart.o
    0x0800d57a   0x0800d57a   0x00000006   PAD
    0x0800d580   0x0800d580   0x0000003e   Code   RO         1546    .text.UART_DMATransmitCplt  stm32h7xx_hal_uart.o
    0x0800d5be   0x0800d5be   0x00000002   PAD
    0x0800d5c0   0x0800d5c0   0x00000006   Code   RO         1548    .text.UART_DMATxHalfCplt  stm32h7xx_hal_uart.o
    0x0800d5c6   0x0800d5c6   0x00000002   PAD
    0x0800d5c8   0x0800d5c8   0x000000d4   Code   RO         1630    .text.UART_RxISR_16BIT  stm32h7xx_hal_uart.o
    0x0800d69c   0x0800d69c   0x00000004   PAD
    0x0800d6a0   0x0800d6a0   0x000001c6   Code   RO         1626    .text.UART_RxISR_16BIT_FIFOEN  stm32h7xx_hal_uart.o
    0x0800d866   0x0800d866   0x00000002   PAD
    0x0800d868   0x0800d868   0x000000d4   Code   RO         1632    .text.UART_RxISR_8BIT  stm32h7xx_hal_uart.o
    0x0800d93c   0x0800d93c   0x00000004   PAD
    0x0800d940   0x0800d940   0x000001ca   Code   RO         1628    .text.UART_RxISR_8BIT_FIFOEN  stm32h7xx_hal_uart.o
    0x0800db0a   0x0800db0a   0x00000006   PAD
    0x0800db10   0x0800db10   0x000005f2   Code   RO         1510    .text.UART_SetConfig  stm32h7xx_hal_uart.o
    0x0800e102   0x0800e102   0x00000006   PAD
    0x0800e108   0x0800e108   0x000000a0   Code   RO         1554    .text.UART_Start_Receive_DMA  stm32h7xx_hal_uart.o
    0x0800e1a8   0x0800e1a8   0x00000144   Code   RO         1542    .text.UART_Start_Receive_IT  stm32h7xx_hal_uart.o
    0x0800e2ec   0x0800e2ec   0x00000004   PAD
    0x0800e2f0   0x0800e2f0   0x00000056   Code   RO         1536    .text.UART_TxISR_16BIT  stm32h7xx_hal_uart.o
    0x0800e346   0x0800e346   0x00000002   PAD
    0x0800e348   0x0800e348   0x0000007a   Code   RO         1532    .text.UART_TxISR_16BIT_FIFOEN  stm32h7xx_hal_uart.o
    0x0800e3c2   0x0800e3c2   0x00000006   PAD
    0x0800e3c8   0x0800e3c8   0x00000052   Code   RO         1538    .text.UART_TxISR_8BIT  stm32h7xx_hal_uart.o
    0x0800e41a   0x0800e41a   0x00000006   PAD
    0x0800e420   0x0800e420   0x00000076   Code   RO         1534    .text.UART_TxISR_8BIT_FIFOEN  stm32h7xx_hal_uart.o
    0x0800e496   0x0800e496   0x00000002   PAD
    0x0800e498   0x0800e498   0x00000174   Code   RO         1526    .text.UART_WaitOnFlagUntilTimeout  stm32h7xx_hal_uart.o
    0x0800e60c   0x0800e60c   0x00000004   PAD
    0x0800e610   0x0800e610   0x0000000c   Code   RO          166    .text.USART10_IRQHandler  stm32h7xx_it.o
    0x0800e61c   0x0800e61c   0x00000004   PAD
    0x0800e620   0x0800e620   0x0000000c   Code   RO          160    .text.USART1_IRQHandler  stm32h7xx_it.o
    0x0800e62c   0x0800e62c   0x00000004   PAD
    0x0800e630   0x0800e630   0x00000002   Code   RO          140    .text.UsageFault_Handler  stm32h7xx_it.o
    0x0800e632   0x0800e632   0x00000006   PAD
    0x0800e638   0x0800e638   0x00000026   Code   RO         1945    .text.Voice_GetCommand  voice.o
    0x0800e65e   0x0800e65e   0x00000002   PAD
    0x0800e660   0x0800e660   0x0000000c   Code   RO         1941    .text.Voice_GetLastTxId  voice.o
    0x0800e66c   0x0800e66c   0x00000004   PAD
    0x0800e670   0x0800e670   0x0000000c   Code   RO         1943    .text.Voice_GetLastTxTick  voice.o
    0x0800e67c   0x0800e67c   0x00000004   PAD
    0x0800e680   0x0800e680   0x0000000c   Code   RO         1939    .text.Voice_GetLastTxType  voice.o
    0x0800e68c   0x0800e68c   0x00000004   PAD
    0x0800e690   0x0800e690   0x00000040   Code   RO         1929    .text.Voice_Init    voice.o
    0x0800e6d0   0x0800e6d0   0x00000044   Code   RO         1937    .text.Voice_Play    voice.o
    0x0800e714   0x0800e714   0x00000004   PAD
    0x0800e718   0x0800e718   0x0000007c   Code   RO         1983    .text.WS2812_BreathingGreen  ws2812.o
    0x0800e794   0x0800e794   0x00000004   PAD
    0x0800e798   0x0800e798   0x000000cc   Code   RO         1979    .text.WS2812_Init   ws2812.o
    0x0800e864   0x0800e864   0x00000004   PAD
    0x0800e868   0x0800e868   0x000001d0   Code   RO         1981    .text.WS2812_Set    ws2812.o
    0x0800ea38   0x0800ea38   0x00000010   Code   RO         2010    .text.WirelessBridge_GetInvalidRxCount  wireless_bridge.o
    0x0800ea48   0x0800ea48   0x0000000c   Code   RO         2014    .text.WirelessBridge_GetLastSequence  wireless_bridge.o
    0x0800ea54   0x0800ea54   0x00000004   PAD
    0x0800ea58   0x0800ea58   0x0000000c   Code   RO         2012    .text.WirelessBridge_GetTxCount  wireless_bridge.o
    0x0800ea64   0x0800ea64   0x00000004   PAD
    0x0800ea68   0x0800ea68   0x0000000c   Code   RO         2008    .text.WirelessBridge_GetValidRxCount  wireless_bridge.o
    0x0800ea74   0x0800ea74   0x00000004   PAD
    0x0800ea78   0x0800ea78   0x0000019a   Code   RO         1998    .text.WirelessBridge_Init  wireless_bridge.o
    0x0800ec12   0x0800ec12   0x00000006   PAD
    0x0800ec18   0x0800ec18   0x00000026   Code   RO         2006    .text.WirelessBridge_IsOnline  wireless_bridge.o
    0x0800ec3e   0x0800ec3e   0x00000002   PAD
    0x0800ec40   0x0800ec40   0x00000128   Code   RO         2004    .text.WirelessBridge_OnError  wireless_bridge.o
    0x0800ed68   0x0800ed68   0x00000016   Code   RO         2002    .text.WirelessBridge_OnTxComplete  wireless_bridge.o
    0x0800ed7e   0x0800ed7e   0x00000002   PAD
    0x0800ed80   0x0800ed80   0x00000218   Code   RO         2032    .text.WirelessBridge_SendConfigAck  wireless_bridge.o
    0x0800ef98   0x0800ef98   0x000001f6   Code   RO         2034    .text.WirelessBridge_SendConfigData  wireless_bridge.o
    0x0800f18e   0x0800f18e   0x00000002   PAD
    0x0800f190   0x0800f190   0x0000021c   Code   RO         2030    .text.WirelessBridge_SendControlAck  wireless_bridge.o
    0x0800f3ac   0x0800f3ac   0x00000004   PAD
    0x0800f3b0   0x0800f3b0   0x000001f6   Code   RO         2038    .text.WirelessBridge_SendReportData  wireless_bridge.o
    0x0800f5a6   0x0800f5a6   0x00000002   PAD
    0x0800f5a8   0x0800f5a8   0x00000218   Code   RO         2040    .text.WirelessBridge_SendServoPreviewAck  wireless_bridge.o
    0x0800f7c0   0x0800f7c0   0x000001ec   Code   RO         2036    .text.WirelessBridge_SendTrainingStatus  wireless_bridge.o
    0x0800f9ac   0x0800f9ac   0x00000004   PAD
    0x0800f9b0   0x0800f9b0   0x00000060   Code   RO         2022    .text.WirelessBridge_TakeConfig  wireless_bridge.o
    0x0800fa10   0x0800fa10   0x0000002e   Code   RO         2024    .text.WirelessBridge_TakeConfigQuery  wireless_bridge.o
    0x0800fa3e   0x0800fa3e   0x00000002   PAD
    0x0800fa40   0x0800fa40   0x0000007e   Code   RO         2020    .text.WirelessBridge_TakeControl  wireless_bridge.o
    0x0800fabe   0x0800fabe   0x00000002   PAD
    0x0800fac0   0x0800fac0   0x00000036   Code   RO         2026    .text.WirelessBridge_TakeReportQuery  wireless_bridge.o
    0x0800faf6   0x0800faf6   0x00000002   PAD
    0x0800faf8   0x0800faf8   0x00000042   Code   RO         2028    .text.WirelessBridge_TakeServoPreview  wireless_bridge.o
    0x0800fb3a   0x0800fb3a   0x00000006   PAD
    0x0800fb40   0x0800fb40   0x000000e4   Code   RO         2000    .text.WirelessBridge_Update  wireless_bridge.o
    0x0800fc24   0x0800fc24   0x00000004   PAD
    0x0800fc28   0x0800fc28   0x0000024e   Code   RO         1713    .text.bmi088_accel_init  bmi088driver.o
    0x0800fe76   0x0800fe76   0x00000002   PAD
    0x0800fe78   0x0800fe78   0x0000020e   Code   RO         1715    .text.bmi088_gyro_init  bmi088driver.o
    0x08010086   0x08010086   0x00000002   PAD
    0x08010088   0x08010088   0x00000c00   Code   RO           11    .text.main          main.o
    0x08010c88   0x08010c88   0x00000030   Code   RO         2468    i.__0snprintf       mc_w.l(printfa.o)
    0x08010cb8   0x08010cb8   0x00000026   Code   RO         2495    i.__ARM_fpclassifyf  m_wv.l(fpclassifyf.o)
    0x08010cde   0x08010cde   0x0000000e   Code   RO         2189    i.__hardfp__fabsf   m_wv.l(fabsf.o)
    0x08010cec   0x08010cec   0x00000118   Code   RO         2141    i.__hardfp_acosf    m_wv.l(acosf.o)
    0x08010e04   0x08010e04   0x0000012c   Code   RO         2153    i.__hardfp_asinf    m_wv.l(asinf.o)
    0x08010f30   0x08010f30   0x00000250   Code   RO         2165    i.__hardfp_atan2f   m_wv.l(atan2f.o)
    0x08011180   0x08011180   0x00000150   Code   RO         2177    i.__hardfp_cosf     m_wv.l(cosf.o)
    0x080112d0   0x080112d0   0x00000190   Code   RO         2195    i.__hardfp_sinf     m_wv.l(sinf.o)
    0x08011460   0x08011460   0x0000003a   Code   RO         2207    i.__hardfp_sqrtf    m_wv.l(sqrtf.o)
    0x0801149a   0x0801149a   0x00000006   Code   RO         2498    i.__mathlib_flt_infnan  m_wv.l(funder.o)
    0x080114a0   0x080114a0   0x00000006   Code   RO         2499    i.__mathlib_flt_infnan2  m_wv.l(funder.o)
    0x080114a6   0x080114a6   0x00000002   PAD
    0x080114a8   0x080114a8   0x00000010   Code   RO         2500    i.__mathlib_flt_invalid  m_wv.l(funder.o)
    0x080114b8   0x080114b8   0x00000010   Code   RO         2503    i.__mathlib_flt_underflow  m_wv.l(funder.o)
    0x080114c8   0x080114c8   0x00000154   Code   RO         2511    i.__mathlib_rredf2  m_wv.l(rredf.o)
    0x0801161c   0x0801161c   0x0000000e   Code   RO         2561    i.__scatterload_copy  mc_w.l(handlers.o)
    0x0801162a   0x0801162a   0x00000002   Code   RO         2562    i.__scatterload_null  mc_w.l(handlers.o)
    0x0801162c   0x0801162c   0x0000000e   Code   RO         2563    i.__scatterload_zeroinit  mc_w.l(handlers.o)
    0x0801163a   0x0801163a   0x00000002   PAD
    0x0801163c   0x0801163c   0x0000000c   Code   RO         2537    i.__set_errno       mc_w.l(errno.o)
    0x08011648   0x08011648   0x00000184   Code   RO         2474    i._fp_digits        mc_w.l(printfa.o)
    0x080117cc   0x080117cc   0x000006dc   Code   RO         2475    i._printf_core      mc_w.l(printfa.o)
    0x08011ea8   0x08011ea8   0x00000024   Code   RO         2476    i._printf_post_padding  mc_w.l(printfa.o)
    0x08011ecc   0x08011ecc   0x0000002e   Code   RO         2477    i._printf_pre_padding  mc_w.l(printfa.o)
    0x08011efa   0x08011efa   0x00000016   Code   RO         2478    i._snputc           mc_w.l(printfa.o)
    0x08011f10   0x08011f10   0x0000003e   Code   RO         2209    i.sqrtf             m_wv.l(sqrtf.o)
    0x08011f4e   0x08011f4e   0x00000002   PAD
    0x08011f50   0x08011f50   0x00000020   Data   RO         2512    .constdata          m_wv.l(rredf.o)
    0x08011f70   0x08011f70   0x0000000c   Data   RO         1769    .rodata..Lswitch.table  bmi088driver.o
    0x08011f7c   0x08011f7c   0x00000010   Data   RO         1698    .rodata.D1CorePrescTable  system_stm32h7xx.o
    0x08011f8c   0x08011f8c   0x00000018   Data   RO         1638    .rodata.UARTPrescTable  stm32h7xx_hal_uart.o
    0x08011fa4   0x08011fa4   0x00000008   Data   RO          502    .rodata.cst8        stm32h7xx_hal_dma.o
    0x08011fac   0x08011fac   0x00000010   Data   RO         1682    .rodata.cst8        stm32h7xx_hal_uart_ex.o
    0x08011fbc   0x08011fbc   0x00000008   Data   RO         1892    .rodata.cst8        led.o
    0x08011fc4   0x08011fc4   0x00000088   Data   RO           24    .rodata.str1.1      main.o
    0x0801204c   0x0801204c   0x00000012   Data   RO         1765    .rodata.write_BMI088_accel_reg_data_error  bmi088driver.o
    0x0801205e   0x0801205e   0x00000012   Data   RO         1766    .rodata.write_BMI088_gyro_reg_data_error  bmi088driver.o
    0x08012070   0x08012070   0x00000020   Data   RO         2559    Region$$Table       anon$$obj.o


    Execution Region RW_IRAM1 (Exec base: 0x20000000, Load base: 0x08012090, Size: 0x00000000, Max: 0x00020000, ABSOLUTE)

    **** No section assigned to this execution region ****


    Execution Region RW_IRAM2 (Exec base: 0x24000000, Load base: 0x08012090, Size: 0x00002000, Max: 0x00050000, ABSOLUTE)

    Exec Addr    Load Addr    Size         Type   Attr      Idx    E Section Name        Object

    0x24000000   0x08012090   0x00000004   Data   RW         2538    .data               mc_w.l(errno.o)
    0x24000004   0x08012094   0x0000000c   Data   RW          830    .data..L_MergedGlobals  stm32h7xx_hal.o
    0x24000010   0x080120a0   0x00000008   Data   RW         1699    .data..L_MergedGlobals  system_stm32h7xx.o
    0x24000018   0x080120a8   0x00000008   Data   RW         1770    .data..L_MergedGlobals  bmi088driver.o
    0x24000020   0x080120b0   0x00000018   Data   RW         2127    .data..L_MergedGlobals  train_modes.o
    0x24000038   0x080120c8   0x00000008   PAD
    0x24000040        -       0x00000010   Zero   RW           27    .bss..L_MergedGlobals  main.o
    0x24000050        -       0x00000078   Zero   RW           73    .bss..L_MergedGlobals  spi.o
    0x240000c8   0x080120c8   0x00000008   PAD
    0x240000d0        -       0x00000078   Zero   RW          119    .bss..L_MergedGlobals  usart.o
    0x24000148        -       0x00000008   Zero   RW         1809    .bss..L_MergedGlobals  bmi088middleware.o
    0x24000150        -       0x00000030   Zero   RW         1831    .bss..L_MergedGlobals  head_tracker.o
    0x24000180        -       0x00000020   Zero   RW         1947    .bss..L_MergedGlobals  voice.o
    0x240001a0        -       0x00000050   Zero   RW         1967    .bss..L_MergedGlobals  buzzer.o
    0x240001f0        -       0x00000004   Zero   RW         1986    .bss..L_MergedGlobals  ws2812.o
    0x240001f4   0x080120c8   0x0000000c   PAD
    0x24000200        -       0x00000080   Zero   RW         2048    .bss..L_MergedGlobals  wireless_bridge.o
    0x24000280        -       0x00000060   Zero   RW           28    .bss..L_MergedGlobals.1  main.o
    0x240002e0        -       0x00000078   Zero   RW           74    .bss..L_MergedGlobals.1  spi.o
    0x24000358   0x080120c8   0x00000008   PAD
    0x24000360        -       0x00000078   Zero   RW          120    .bss..L_MergedGlobals.1  usart.o
    0x240003d8   0x080120c8   0x00000008   PAD
    0x240003e0        -       0x0000006c   Zero   RW         2049    .bss..L_MergedGlobals.1  wireless_bridge.o
    0x2400044c   0x080120c8   0x00000004   PAD
    0x24000450        -       0x00000080   Zero   RW         2128    .bss..L_MergedGlobals.1  train_modes.o
    0x240004d0        -       0x00000068   Zero   RW         1771    .bss..L_MergedGlobals.2  bmi088driver.o
    0x24000538   0x080120c8   0x00000008   PAD
    0x24000540        -       0x00000074   Zero   RW         2129    .bss..L_MergedGlobals.2  train_modes.o
    0x240005b4   0x080120c8   0x0000000c   PAD
    0x240005c0        -       0x0000004c   Zero   RW         1772    .bss..L_MergedGlobals.3  bmi088driver.o
    0x2400060c   0x080120c8   0x00000004   PAD
    0x24000610        -       0x0000002a   Zero   RW         2130    .bss..L_MergedGlobals.3  train_modes.o
    0x2400063a   0x080120c8   0x00000006   PAD
    0x24000640        -       0x00000034   Zero   RW         1773    .bss..L_MergedGlobals.4  bmi088driver.o
    0x24000674   0x080120c8   0x00000004   PAD
    0x24000678        -       0x00000008   Zero   RW         1768    .bss.bmi088_rx_buffer  bmi088driver.o
    0x24000680        -       0x00000008   Zero   RW         1767    .bss.bmi088_tx_buffer  bmi088driver.o
    0x24000688        -       0x00000088   Zero   RW           72    .bss.hspi2          spi.o
    0x24000710        -       0x00000088   Zero   RW         1985    .bss.hspi6_ws       ws2812.o
    0x24000798        -       0x0000004c   Zero   RW           94    .bss.htim1          tim.o
    0x240007e4        -       0x00000094   Zero   RW          117    .bss.huart1         usart.o
    0x24000878        -       0x00000094   Zero   RW          118    .bss.huart10        usart.o
    0x2400090c        -       0x00000094   Zero   RW          116    .bss.huart7         usart.o
    0x240009a0        -       0x00000050   Zero   RW         1849    .bss.keys           key.o
    0x240009f0        -       0x00000104   Zero   RW         2125    .bss.mode_reports   train_modes.o
    0x24000af4   0x080120c8   0x00000004   PAD
    0x24000af8        -       0x00000008   Zero   RW         2047    .bss.pending_servo_preview  wireless_bridge.o
    0x24000b00        -       0x00000190   Zero   RW         1829    .bss.pitch_buffer   head_tracker.o
    0x24000c90        -       0x00000190   Zero   RW         1830    .bss.roll_buffer    head_tracker.o
    0x24000e20        -       0x00000084   Zero   RW         2044    .bss.rx_dma_buffer  wireless_bridge.o
    0x24000ea4        -       0x00000008   Zero   RW         1915    .bss.servo_tim      servo.o
    0x24000eac        -       0x00000084   Zero   RW         2045    .bss.stream_buffer  wireless_bridge.o
    0x24000f30        -       0x000003c0   Zero   RW         2126    .bss.trial_results  train_modes.o
    0x240012f0        -       0x00000210   Zero   RW         2046    .bss.tx_queue       wireless_bridge.o
    0x24001500        -       0x00000180   Zero   RW           23    .bss.vofa_buf       main.o
    0x24001680        -       0x00000180   Zero   RW           25    .bss.vofa_dma_buf   main.o
    0x24001800        -       0x00000800   Zero   RW            1    STACK               startup_stm32h723xx.o


==============================================================================

Image component sizes


      Code (inc. data)   RO Data    RW Data    ZI Data      Debug   Object Name

      5764         60         48          8        248      34506   bmi088driver.o
       628          0          0          0          8       4781   bmi088middleware.o
       276          0          0          0         80       8003   buzzer.o
       100          0          0          0          0       5302   dma.o
       396          0          0          0          0       6343   gpio.o
       620          4          0          0        848       4063   head_tracker.o
       478          0          0          0         80       2429   key.o
       234          0          0          0          0       2190   laser.o
       110          8          8          0          0       2366   led.o
      3356         12        136          0        880      23735   main.o
       158          0          0          0          8       7313   servo.o
       434          0          0          0        376      12276   spi.o
        36          8        716          0       2048        820   startup_stm32h723xx.o
       272          0          0         12          0      16947   stm32h7xx_hal.o
       208          0          0          0          0      12602   stm32h7xx_hal_cortex.o
      7634          4          8          0          0      13112   stm32h7xx_hal_dma.o
       474          0          0          0          0       7080   stm32h7xx_hal_gpio.o
        32          0          0          0          0       2299   stm32h7xx_hal_msp.o
        80          0          0          0          0      10363   stm32h7xx_hal_pwr_ex.o
      2640         16          0          0          0      11541   stm32h7xx_hal_rcc.o
      3758        116          0          0          0      17279   stm32h7xx_hal_rcc_ex.o
      4412          0          0          0          0      22307   stm32h7xx_hal_spi.o
      2998         16          0          0          0      55528   stm32h7xx_hal_tim.o
       416          0          0          0          0      23468   stm32h7xx_hal_tim_ex.o
      7442        418         24          0          0      34602   stm32h7xx_hal_uart.o
       462          0         16          0          0      11099   stm32h7xx_hal_uart_ex.o
       138          0          0          0          0       2414   stm32h7xx_it.o
       176          0         16          8          0       5410   system_stm32h7xx.o
       416          0          0          0         76       9166   tim.o
     13026        122          0         24       1506      42288   train_modes.o
       934          0          0          0        684      13135   usart.o
       320          0          0          0         32      10037   voice.o
      6602         14          0          0       1036      24018   wireless_bridge.o
       792         16          0          0        140       9405   ws2812.o

    ----------------------------------------------------------------------
     66564        838       1004         52       8136     468227   Object Totals
         0          0         32          0          0          0   (incl. Generated)
       742         24          0          0         86          0   (incl. Padding)

    ----------------------------------------------------------------------

      Code (inc. data)   RO Data    RW Data    ZI Data      Debug   Library Member Name

       280         46          0          0          0        176   acosf.o
       300         42          0          0          0        176   asinf.o
       592         90          0          0          0        184   atan2f.o
       336         56          0          0          0        136   cosf.o
        14          0          0          0          0        116   fabsf.o
        38          0          0          0          0        116   fpclassifyf.o
        44         12          0          0          0        464   funder.o
       340         24         32          0          0        160   rredf.o
       400         56          0          0          0        212   sinf.o
       120          0          0          0          0        272   sqrtf.o
         0          0          0          0          0          0   entry.o
         0          0          0          0          0          0   entry10a.o
         0          0          0          0          0          0   entry11a.o
         8          4          0          0          0          0   entry2.o
         4          0          0          0          0          0   entry5.o
         0          0          0          0          0          0   entry7b.o
         0          0          0          0          0          0   entry8b.o
         8          4          0          0          0          0   entry9a.o
        12          6          0          4          0         68   errno.o
        30          0          0          0          0          0   handlers.o
        36          8          0          0          0         68   init.o
         0          0          0          0          0          0   iusefp.o
        30          0          0          0          0         68   llshl.o
        36          0          0          0          0         68   llsshr.o
        32          0          0          0          0         68   llushr.o
        64          0          0          0          0         76   memmovea.o
        36          0          0          0          0        108   memseta.o
      2296         84          0          0          0        520   printfa.o
        44          0          0          0          0         80   uidiv.o
        98          0          0          0          0         92   uldiv.o
        48          0          0          0          0         68   cdrcmple.o
       334          0          0          0          0        148   dadd.o
       222          0          0          0          0        100   ddiv.o
       186          0          0          0          0        176   depilogue.o
        48          0          0          0          0         68   dfixul.o
       228          0          0          0          0         96   dmul.o

    ----------------------------------------------------------------------
      6272        432         32          4          0       3884   Library Totals
         8          0          0          0          0          0   (incl. Padding)

    ----------------------------------------------------------------------

      Code (inc. data)   RO Data    RW Data    ZI Data      Debug   Library Name

      2464        326         32          0          0       2012   m_wv.l
      2734        106          0          4          0       1216   mc_w.l
      1066          0          0          0          0        656   mf_w.l

    ----------------------------------------------------------------------
      6272        432         32          4          0       3884   Library Totals

    ----------------------------------------------------------------------

==============================================================================


      Code (inc. data)   RO Data    RW Data    ZI Data      Debug   

     72836       1270       1036         56       8136     469567   Grand Totals
     72836       1270       1036         56       8136     469567   ELF Image Totals
     72836       1270       1036         56          0          0   ROM Totals

==============================================================================

    Total RO  Size (Code + RO Data)                73872 (  72.14kB)
    Total RW  Size (RW Data + ZI Data)              8192 (   8.00kB)
    Total ROM Size (Code + RO Data + RW Data)      73928 (  72.20kB)

==============================================================================

