Component: Arm Compiler for Embedded 6.24 Tool: armlink [5f371500]

==============================================================================

Section Cross References

    startup_stm32h723xx.o(RESET) refers to startup_stm32h723xx.o(STACK) for __initial_sp
    startup_stm32h723xx.o(RESET) refers to startup_stm32h723xx.o(.text) for Reset_Handler
    startup_stm32h723xx.o(RESET) refers to stm32h7xx_it.o(.text.NMI_Handler) for NMI_Handler
    startup_stm32h723xx.o(RESET) refers to stm32h7xx_it.o(.text.HardFault_Handler) for HardFault_Handler
    startup_stm32h723xx.o(RESET) refers to stm32h7xx_it.o(.text.MemManage_Handler) for MemManage_Handler
    startup_stm32h723xx.o(RESET) refers to stm32h7xx_it.o(.text.BusFault_Handler) for BusFault_Handler
    startup_stm32h723xx.o(RESET) refers to stm32h7xx_it.o(.text.UsageFault_Handler) for UsageFault_Handler
    startup_stm32h723xx.o(RESET) refers to stm32h7xx_it.o(.text.SVC_Handler) for SVC_Handler
    startup_stm32h723xx.o(RESET) refers to stm32h7xx_it.o(.text.DebugMon_Handler) for DebugMon_Handler
    startup_stm32h723xx.o(RESET) refers to stm32h7xx_it.o(.text.PendSV_Handler) for PendSV_Handler
    startup_stm32h723xx.o(RESET) refers to stm32h7xx_it.o(.text.SysTick_Handler) for SysTick_Handler
    startup_stm32h723xx.o(RESET) refers to stm32h7xx_it.o(.text.DMA1_Stream0_IRQHandler) for DMA1_Stream0_IRQHandler
    startup_stm32h723xx.o(RESET) refers to stm32h7xx_it.o(.text.DMA1_Stream1_IRQHandler) for DMA1_Stream1_IRQHandler
    startup_stm32h723xx.o(RESET) refers to stm32h7xx_it.o(.text.SPI2_IRQHandler) for SPI2_IRQHandler
    startup_stm32h723xx.o(RESET) refers to stm32h7xx_it.o(.text.USART1_IRQHandler) for USART1_IRQHandler
    startup_stm32h723xx.o(.text) refers to system_stm32h7xx.o(.text.SystemInit) for SystemInit
    startup_stm32h723xx.o(.text) refers to entry.o(.ARM.Collect$$$$00000000) for __main
    main.o(.text.main) refers to stm32h7xx_hal.o(.text.HAL_Init) for HAL_Init
    main.o(.text.main) refers to main.o(.text.SystemClock_Config) for SystemClock_Config
    main.o(.text.main) refers to gpio.o(.text.MX_GPIO_Init) for MX_GPIO_Init
    main.o(.text.main) refers to dma.o(.text.MX_DMA_Init) for MX_DMA_Init
    main.o(.text.main) refers to spi.o(.text.MX_SPI2_Init) for MX_SPI2_Init
    main.o(.text.main) refers to tim.o(.text.MX_TIM1_Init) for MX_TIM1_Init
    main.o(.text.main) refers to usart.o(.text.MX_USART1_UART_Init) for MX_USART1_UART_Init
    main.o(.text.main) refers to bmi088driver.o(.text.BMI088_init) for BMI088_init
    main.o(.text.main) refers to bmi088driver.o(.text.BMI088_euler_init) for BMI088_euler_init
    main.o(.text.main) refers to stm32h7xx_hal.o(.text.HAL_Delay) for HAL_Delay
    main.o(.text.main) refers to servo.o(.text.Servo_Init) for Servo_Init
    main.o(.text.main) refers to laser.o(.text.Laser_Init) for Laser_Init
    main.o(.text.main) refers to key.o(.text.Key_Init) for Key_Init
    main.o(.text.main) refers to led.o(.text.LED_Init) for LED_Init
    main.o(.text.main) refers to head_tracker.o(.text.HeadTracker_Init) for HeadTracker_Init
    main.o(.text.main) refers to train_modes.o(.text.App_Init) for App_Init
    main.o(.text.main) refers to buzzer.o(.text.Buzzer_Init) for Buzzer_Init
    main.o(.text.main) refers to ws2812.o(.text.WS2812_Init) for WS2812_Init
    main.o(.text.main) refers to laser.o(.text.Laser_Blink) for Laser_Blink
    main.o(.text.main) refers to main.o(.bss..L_MergedGlobals) for .L_MergedGlobals
    main.o(.text.main) refers to ws2812.o(.text.WS2812_Set) for WS2812_Set
    main.o(.text.main) refers to key.o(.text.Key_Scan) for Key_Scan
    main.o(.text.main) refers to train_modes.o(.text.App_Run) for App_Run
    main.o(.text.main) refers to bmi088driver.o(.text.BMI088_read_euler) for BMI088_read_euler
    main.o(.text.main) refers to head_tracker.o(.text.HeadTracker_Update) for HeadTracker_Update
    main.o(.text.main) refers to head_tracker.o(.text.HeadTracker_GetResult) for HeadTracker_GetResult
    main.o(.text.main) refers to buzzer.o(.text.Buzzer_Alert) for Buzzer_Alert
    main.o(.text.main) refers to stm32h7xx_hal.o(.text.HAL_GetTick) for HAL_GetTick
    main.o(.text.main) refers to ws2812.o(.text.WS2812_BreathingGreen) for WS2812_BreathingGreen
    main.o(.ARM.exidx.text.main) refers to main.o(.text.main) for [Anonymous Symbol]
    main.o(.text.SystemClock_Config) refers to memseta.o(.text) for __aeabi_memclr4
    main.o(.text.SystemClock_Config) refers to stm32h7xx_hal_pwr_ex.o(.text.HAL_PWREx_ConfigSupply) for HAL_PWREx_ConfigSupply
    main.o(.text.SystemClock_Config) refers to stm32h7xx_hal_rcc.o(.text.HAL_RCC_OscConfig) for HAL_RCC_OscConfig
    main.o(.text.SystemClock_Config) refers to stm32h7xx_hal_rcc.o(.text.HAL_RCC_ClockConfig) for HAL_RCC_ClockConfig
    main.o(.ARM.exidx.text.SystemClock_Config) refers to main.o(.text.SystemClock_Config) for [Anonymous Symbol]
    main.o(.ARM.exidx.text.Error_Handler) refers to main.o(.text.Error_Handler) for [Anonymous Symbol]
[...]
    ws2812.c                                 0x00000000   Number         0  ws2812.o ABSOLUTE
    RESET                                    0x08000000   Section      716  startup_stm32h723xx.o(RESET)
    .ARM.Collect$$$$00000000                 0x080002cc   Section        0  entry.o(.ARM.Collect$$$$00000000)
    .ARM.Collect$$$$00000001                 0x080002cc   Section        4  entry2.o(.ARM.Collect$$$$00000001)
    .ARM.Collect$$$$00000004                 0x080002d0   Section        4  entry5.o(.ARM.Collect$$$$00000004)
    .ARM.Collect$$$$00000008                 0x080002d4   Section        0  entry7b.o(.ARM.Collect$$$$00000008)
    .ARM.Collect$$$$0000000A                 0x080002d4   Section        0  entry8b.o(.ARM.Collect$$$$0000000A)
    .ARM.Collect$$$$0000000B                 0x080002d4   Section        8  entry9a.o(.ARM.Collect$$$$0000000B)
    __lit__00000000                          0x080002dc   Data           4  entry2.o(.ARM.Collect$$$$00002712)
    .ARM.Collect$$$$0000000D                 0x080002dc   Section        0  entry10a.o(.ARM.Collect$$$$0000000D)
    .ARM.Collect$$$$0000000F                 0x080002dc   Section        0  entry11a.o(.ARM.Collect$$$$0000000F)
    .ARM.Collect$$$$00002712                 0x080002dc   Section        4  entry2.o(.ARM.Collect$$$$00002712)
    $v0                                      0x080002e0   Number         0  startup_stm32h723xx.o(.text)
    .text                                    0x080002e0   Section       36  startup_stm32h723xx.o(.text)
    .text                                    0x08000304   Section        0  uldiv.o(.text)
    .text                                    0x08000366   Section        0  memseta.o(.text)
    .text                                    0x0800038a   Section        0  llshl.o(.text)
    .text                                    0x080003a8   Section        0  llushr.o(.text)
    .text                                    0x080003c8   Section        0  iusefp.o(.text)
    .text                                    0x080003c8   Section       48  init.o(.text)
    [Anonymous Symbol]                       0x080003f8   Section        0  train_modes.o(.text.App_Init)
    [Anonymous Symbol]                       0x08000418   Section        0  train_modes.o(.text.App_Run)
    [Anonymous Symbol]                       0x08000488   Section        0  bmi088middleware.o(.text.BMI088_ACCEL_NS_H)
    [Anonymous Symbol]                       0x08000498   Section        0  bmi088middleware.o(.text.BMI088_ACCEL_NS_L)
    [Anonymous Symbol]                       0x080004a8   Section        0  bmi088middleware.o(.text.BMI088_GPIO_init)
    [Anonymous Symbol]                       0x080004b0   Section        0  bmi088middleware.o(.text.BMI088_GYRO_NS_H)
    [Anonymous Symbol]                       0x080004c0   Section        0  bmi088middleware.o(.text.BMI088_GYRO_NS_L)
    [Anonymous Symbol]                       0x080004d0   Section        0  bmi088middleware.o(.text.BMI088_com_init)
    [Anonymous Symbol]                       0x080004d8   Section        0  bmi088middleware.o(.text.BMI088_delay_ms)
    [Anonymous Symbol]                       0x08000538   Section        0  bmi088middleware.o(.text.BMI088_delay_us)
    [Anonymous Symbol]                       0x08000588   Section        0  bmi088driver.o(.text.BMI088_euler_init)
    [Anonymous Symbol]                       0x080006a0   Section        0  bmi088driver.o(.text.BMI088_init)
    [Anonymous Symbol]                       0x08000b18   Section        0  bmi088driver.o(.text.BMI088_read_euler)
    [Anonymous Symbol]                       0x08000e60   Section        0  bmi088middleware.o(.text.BMI088_read_write_byte)
    [Anonymous Symbol]                       0x08000e90   Section        0  stm32h7xx_it.o(.text.BusFault_Handler)
    [Anonymous Symbol]                       0x08000e98   Section        0  buzzer.o(.text.Buzzer_Alert)
    [Anonymous Symbol]                       0x08000f10   Section        0  buzzer.o(.text.Buzzer_Init)
    [Anonymous Symbol]                       0x08000fc0   Section        0  stm32h7xx_it.o(.text.DMA1_Stream0_IRQHandler)
    [Anonymous Symbol]                       0x08000fd0   Section        0  stm32h7xx_it.o(.text.DMA1_Stream1_IRQHandler)
    DMA_CalcBaseAndBitshift                  0x08000fe1   Thumb Code   288  stm32h7xx_hal_dma.o(.text.DMA_CalcBaseAndBitshift)
    [Anonymous Symbol]                       0x08000fe0   Section        0  stm32h7xx_hal_dma.o(.text.DMA_CalcBaseAndBitshift)
    DMA_CalcBaseAndBitshift.flagBitshiftOffset 0x08001100   Number         0  stm32h7xx_hal_dma.o(.text.DMA_CalcBaseAndBitshift)
    [Anonymous Symbol]                       0x08001108   Section        0  stm32h7xx_it.o(.text.DebugMon_Handler)
    [Anonymous Symbol]                       0x08001110   Section        0  main.o(.text.Error_Handler)
    [Anonymous Symbol]                       0x08001120   Section        0  stm32h7xx_hal_dma.o(.text.HAL_DMA_Abort)
    [Anonymous Symbol]                       0x08001648   Section        0  stm32h7xx_hal_dma.o(.text.HAL_DMA_Abort_IT)
    [Anonymous Symbol]                       0x08001900   Section        0  stm32h7xx_hal_dma.o(.text.HAL_DMA_IRQHandler)
    [Anonymous Symbol]                       0x08002118   Section        0  stm32h7xx_hal_dma.o(.text.HAL_DMA_Init)
    [Anonymous Symbol]                       0x080027b8   Section        0  stm32h7xx_hal.o(.text.HAL_Delay)
    [Anonymous Symbol]                       0x080027e0   Section        0  stm32h7xx_hal_gpio.o(.text.HAL_GPIO_Init)
    [Anonymous Symbol]                       0x08002988   Section        0  stm32h7xx_hal_gpio.o(.text.HAL_GPIO_ReadPin)
    [Anonymous Symbol]                       0x08002998   Section        0  stm32h7xx_hal_gpio.o(.text.HAL_GPIO_WritePin)
    [Anonymous Symbol]                       0x080029a8   Section        0  stm32h7xx_hal.o(.text.HAL_GetTick)
    [Anonymous Symbol]                       0x080029b8   Section        0  stm32h7xx_hal.o(.text.HAL_IncTick)
    [Anonymous Symbol]                       0x080029d8   Section        0  stm32h7xx_hal.o(.text.HAL_Init)
    [Anonymous Symbol]                       0x08002a40   Section        0  stm32h7xx_hal.o(.text.HAL_InitTick)
    [Anonymous Symbol]                       0x08002a90   Section        0  stm32h7xx_hal_msp.o(.text.HAL_MspInit)
    [Anonymous Symbol]                       0x08002ab0   Section        0  stm32h7xx_hal_cortex.o(.text.HAL_NVIC_EnableIRQ)
    [Anonymous Symbol]                       0x08002ad8   Section        0  stm32h7xx_hal_cortex.o(.text.HAL_NVIC_SetPriority)
    [Anonymous Symbol]                       0x08002b38   Section        0  stm32h7xx_hal_cortex.o(.text.HAL_NVIC_SetPriorityGrouping)
    [Anonymous Symbol]                       0x08002b58   Section        0  stm32h7xx_hal_pwr_ex.o(.text.HAL_PWREx_ConfigSupply)
    [Anonymous Symbol]                       0x08002ba8   Section        0  stm32h7xx_hal_rcc_ex.o(.text.HAL_RCCEx_GetD3PCLK1Freq)
    [Anonymous Symbol]                       0x08002bd0   Section        0  stm32h7xx_hal_rcc_ex.o(.text.HAL_RCCEx_GetPLL2ClockFreq)
    [Anonymous Symbol]                       0x08002cf8   Section        0  stm32h7xx_hal_rcc_ex.o(.text.HAL_RCCEx_GetPLL3ClockFreq)
    [Anonymous Symbol]                       0x08002e20   Section        0  stm32h7xx_hal_rcc_ex.o(.text.HAL_RCCEx_PeriphCLKConfig)
    [Anonymous Symbol]                       0x080038a0   Section        0  stm32h7xx_hal_rcc.o(.text.HAL_RCC_ClockConfig)
    [Anonymous Symbol]                       0x08003af8   Section        0  stm32h7xx_hal_rcc.o(.text.HAL_RCC_GetHCLKFreq)
    [Anonymous Symbol]                       0x08003b48   Section        0  stm32h7xx_hal_rcc.o(.text.HAL_RCC_GetPCLK1Freq)
    [Anonymous Symbol]                       0x08003ba8   Section        0  stm32h7xx_hal_rcc.o(.text.HAL_RCC_GetPCLK2Freq)
    [Anonymous Symbol]                       0x08003c08   Section        0  stm32h7xx_hal_rcc.o(.text.HAL_RCC_GetSysClockFreq)
    [Anonymous Symbol]                       0x08003d28   Section        0  stm32h7xx_hal_rcc.o(.text.HAL_RCC_OscConfig)
    [Anonymous Symbol]                       0x08004258   Section        0  stm32h7xx_hal_spi.o(.text.HAL_SPI_ErrorCallback)
    [Anonymous Symbol]                       0x08004260   Section        0  stm32h7xx_hal_spi.o(.text.HAL_SPI_IRQHandler)
    [Anonymous Symbol]                       0x080044b0   Section        0  stm32h7xx_hal_spi.o(.text.HAL_SPI_Init)
    [Anonymous Symbol]                       0x08004670   Section        0  spi.o(.text.HAL_SPI_MspInit)
    [Anonymous Symbol]                       0x080047d0   Section        0  stm32h7xx_hal_spi.o(.text.HAL_SPI_RxCpltCallback)
    [Anonymous Symbol]                       0x080047d8   Section        0  stm32h7xx_hal_spi.o(.text.HAL_SPI_SuspendCallback)
    [Anonymous Symbol]                       0x080047e0   Section        0  stm32h7xx_hal_spi.o(.text.HAL_SPI_Transmit)
    [Anonymous Symbol]                       0x08004a88   Section        0  stm32h7xx_hal_spi.o(.text.HAL_SPI_TransmitReceive)
    [Anonymous Symbol]                       0x08004e90   Section        0  stm32h7xx_hal_spi.o(.text.HAL_SPI_TxCpltCallback)
    [Anonymous Symbol]                       0x08004e98   Section        0  stm32h7xx_hal_spi.o(.text.HAL_SPI_TxRxCpltCallback)
    [Anonymous Symbol]                       0x08004ea0   Section        0  stm32h7xx_hal_cortex.o(.text.HAL_SYSTICK_Config)
    [Anonymous Symbol]                       0x08004ed0   Section        0  stm32h7xx_hal_tim_ex.o(.text.HAL_TIMEx_ConfigBreakDeadTime)
    [Anonymous Symbol]                       0x08004f80   Section        0  stm32h7xx_hal_tim_ex.o(.text.HAL_TIMEx_MasterConfigSynchronization)
    [Anonymous Symbol]                       0x08005060   Section        0  stm32h7xx_hal_tim.o(.text.HAL_TIM_Base_Init)
    [Anonymous Symbol]                       0x080050c0   Section        0  tim.o(.text.HAL_TIM_Base_MspInit)
    [Anonymous Symbol]                       0x080050f0   Section        0  stm32h7xx_hal_tim.o(.text.HAL_TIM_ConfigClockSource)
    [Anonymous Symbol]                       0x080052f0   Section        0  stm32h7xx_hal_tim.o(.text.HAL_TIM_PWM_ConfigChannel)
    [Anonymous Symbol]                       0x080057a8   Section        0  stm32h7xx_hal_tim.o(.text.HAL_TIM_PWM_Init)
    [Anonymous Symbol]                       0x08005808   Section        0  stm32h7xx_hal_tim.o(.text.HAL_TIM_PWM_MspInit)
    [Anonymous Symbol]                       0x08005810   Section        0  stm32h7xx_hal_tim.o(.text.HAL_TIM_PWM_Start)
    [Anonymous Symbol]                       0x08005980   Section        0  stm32h7xx_hal_uart_ex.o(.text.HAL_UARTEx_DisableFifoMode)
    [Anonymous Symbol]                       0x080059b8   Section        0  stm32h7xx_hal_uart.o(.text.HAL_UARTEx_RxEventCallback)
    [Anonymous Symbol]                       0x080059c0   Section        0  stm32h7xx_hal_uart_ex.o(.text.HAL_UARTEx_RxFifoFullCallback)
    [Anonymous Symbol]                       0x080059c8   Section        0  stm32h7xx_hal_uart_ex.o(.text.HAL_UARTEx_SetRxFifoThreshold)
    [Anonymous Symbol]                       0x08005a58   Section        0  stm32h7xx_hal_uart_ex.o(.text.HAL_UARTEx_SetTxFifoThreshold)
    [Anonymous Symbol]                       0x08005ae8   Section        0  stm32h7xx_hal_uart_ex.o(.text.HAL_UARTEx_TxFifoEmptyCallback)
    [Anonymous Symbol]                       0x08005af0   Section        0  stm32h7xx_hal_uart_ex.o(.text.HAL_UARTEx_WakeupCallback)
    [Anonymous Symbol]                       0x08005af8   Section        0  stm32h7xx_hal_uart.o(.text.HAL_UART_ErrorCallback)
    [Anonymous Symbol]                       0x08005b00   Section        0  stm32h7xx_hal_uart.o(.text.HAL_UART_IRQHandler)
    [Anonymous Symbol]                       0x08006178   Section        0  stm32h7xx_hal_uart.o(.text.HAL_UART_Init)
    [Anonymous Symbol]                       0x080061e0   Section        0  usart.o(.text.HAL_UART_MspInit)
    [Anonymous Symbol]                       0x08006288   Section        0  stm32h7xx_hal_uart.o(.text.HAL_UART_Transmit)
    [Anonymous Symbol]                       0x08006358   Section        0  stm32h7xx_hal_uart.o(.text.HAL_UART_TxCpltCallback)
    [Anonymous Symbol]                       0x08006360   Section        0  stm32h7xx_it.o(.text.HardFault_Handler)
    [Anonymous Symbol]                       0x08006368   Section        0  head_tracker.o(.text.HeadTracker_GetResult)
    [Anonymous Symbol]                       0x08006378   Section        0  head_tracker.o(.text.HeadTracker_Init)
    [Anonymous Symbol]                       0x080063c0   Section        0  head_tracker.o(.text.HeadTracker_Update)
    [Anonymous Symbol]                       0x08006808   Section        0  key.o(.text.Key_GetEvent)
    [Anonymous Symbol]                       0x08006838   Section        0  key.o(.text.Key_Init)
    [Anonymous Symbol]                       0x08006888   Section        0  key.o(.text.Key_Scan)
    [Anonymous Symbol]                       0x08006988   Section        0  led.o(.text.LED_Blink)
    [Anonymous Symbol]                       0x080069e0   Section        0  led.o(.text.LED_Init)
    [Anonymous Symbol]                       0x08006a08   Section        0  laser.o(.text.Laser_Blink)
    [Anonymous Symbol]                       0x08006a58   Section        0  laser.o(.text.Laser_Init)
    [Anonymous Symbol]                       0x08006a68   Section        0  dma.o(.text.MX_DMA_Init)
    [Anonymous Symbol]                       0x08006ab0   Section        0  gpio.o(.text.MX_GPIO_Init)
    [Anonymous Symbol]                       0x08006c10   Section        0  spi.o(.text.MX_SPI2_Init)
    [Anonymous Symbol]                       0x08006c78   Section        0  tim.o(.text.MX_TIM1_Init)
    [Anonymous Symbol]                       0x08006de0   Section        0  usart.o(.text.MX_USART1_UART_Init)
    [Anonymous Symbol]                       0x08006e60   Section        0  stm32h7xx_it.o(.text.MemManage_Handler)
    [Anonymous Symbol]                       0x08006e68   Section        0  stm32h7xx_it.o(.text.NMI_Handler)
    [Anonymous Symbol]                       0x08006e70   Section        0  stm32h7xx_it.o(.text.PendSV_Handler)
    RCCEx_PLL2_Config                        0x08006e79   Thumb Code   290  stm32h7xx_hal_rcc_ex.o(.text.RCCEx_PLL2_Config)
    [Anonymous Symbol]                       0x08006e78   Section        0  stm32h7xx_hal_rcc_ex.o(.text.RCCEx_PLL2_Config)
    RCCEx_PLL3_Config                        0x08006fa1   Thumb Code   290  stm32h7xx_hal_rcc_ex.o(.text.RCCEx_PLL3_Config)
    [Anonymous Symbol]                       0x08006fa0   Section        0  stm32h7xx_hal_rcc_ex.o(.text.RCCEx_PLL3_Config)
    [Anonymous Symbol]                       0x080070c8   Section        0  stm32h7xx_it.o(.text.SPI2_IRQHandler)
    SPI_CloseTransfer                        0x080070d9   Thumb Code   208  stm32h7xx_hal_spi.o(.text.SPI_CloseTransfer)
    [Anonymous Symbol]                       0x080070d8   Section        0  stm32h7xx_hal_spi.o(.text.SPI_CloseTransfer)
    SPI_DMAAbortOnError                      0x080071a9   Thumb Code    22  stm32h7xx_hal_spi.o(.text.SPI_DMAAbortOnError)
    [Anonymous Symbol]                       0x080071a8   Section        0  stm32h7xx_hal_spi.o(.text.SPI_DMAAbortOnError)
    [Anonymous Symbol]                       0x080071c0   Section        0  stm32h7xx_it.o(.text.SVC_Handler)
    [Anonymous Symbol]                       0x080071c8   Section        0  servo.o(.text.Servo_Init)
    [Anonymous Symbol]                       0x08007210   Section        0  stm32h7xx_it.o(.text.SysTick_Handler)
    [Anonymous Symbol]                       0x08007218   Section        0  main.o(.text.SystemClock_Config)
    [Anonymous Symbol]                       0x080072e0   Section        0  system_stm32h7xx.o(.text.SystemInit)
    [Anonymous Symbol]                       0x08007390   Section        0  stm32h7xx_hal_tim.o(.text.TIM_Base_SetConfig)
    [Anonymous Symbol]                       0x08007508   Section        0  stm32h7xx_hal_uart.o(.text.UART_AdvFeatureConfig)
    [Anonymous Symbol]                       0x080075e8   Section        0  stm32h7xx_hal_uart.o(.text.UART_CheckIdleState)
    UART_DMAAbortOnError                     0x08007759   Thumb Code    16  stm32h7xx_hal_uart.o(.text.UART_DMAAbortOnError)
    [Anonymous Symbol]                       0x08007758   Section        0  stm32h7xx_hal_uart.o(.text.UART_DMAAbortOnError)
    [Anonymous Symbol]                       0x08007768   Section        0  stm32h7xx_hal_uart.o(.text.UART_SetConfig)
    [Anonymous Symbol]                       0x08007c08   Section        0  stm32h7xx_hal_uart.o(.text.UART_WaitOnFlagUntilTimeout)
    [Anonymous Symbol]                       0x08007ef8   Section        0  stm32h7xx_it.o(.text.USART1_IRQHandler)
    [Anonymous Symbol]                       0x08007f08   Section        0  stm32h7xx_it.o(.text.UsageFault_Handler)
    [Anonymous Symbol]                       0x08007f10   Section        0  voice.o(.text.Voice_Play)
    [Anonymous Symbol]                       0x08007f58   Section        0  ws2812.o(.text.WS2812_BreathingGreen)
    [Anonymous Symbol]                       0x08007fd8   Section        0  ws2812.o(.text.WS2812_Init)
    [Anonymous Symbol]                       0x080080d8   Section        0  ws2812.o(.text.WS2812_Set)
    [Anonymous Symbol]                       0x08008290   Section        0  main.o(.text.main)
    i.__ARM_fpclassifyf                      0x080083cc   Section        0  fpclassifyf.o(i.__ARM_fpclassifyf)
    i.__hardfp_atan2f                        0x080083f4   Section        0  atan2f.o(i.__hardfp_atan2f)
    i.__hardfp_sinf                          0x080086a0   Section        0  sinf.o(i.__hardfp_sinf)
    i.__mathlib_flt_infnan                   0x08008830   Section        0  funder.o(i.__mathlib_flt_infnan)
    i.__mathlib_flt_infnan2                  0x08008836   Section        0  funder.o(i.__mathlib_flt_infnan2)
    i.__mathlib_flt_invalid                  0x0800883c   Section        0  funder.o(i.__mathlib_flt_invalid)
    i.__mathlib_flt_underflow                0x0800884c   Section        0  funder.o(i.__mathlib_flt_underflow)
    i.__mathlib_rredf2                       0x0800885c   Section        0  rredf.o(i.__mathlib_rredf2)
    i.__scatterload_copy                     0x080089b0   Section       14  handlers.o(i.__scatterload_copy)
    i.__scatterload_null                     0x080089be   Section        2  handlers.o(i.__scatterload_null)
    i.__scatterload_zeroinit                 0x080089c0   Section       14  handlers.o(i.__scatterload_zeroinit)
    i.__set_errno                            0x080089d0   Section        0  errno.o(i.__set_errno)
    twooverpi                                0x080089dc   Data          32  rredf.o(.constdata)
    .constdata                               0x080089dc   Section       32  rredf.o(.constdata)
    .Lswitch.table.UART_SetConfig.7          0x080089fc   Data           6  stm32h7xx_hal_uart.o(.rodata..Lswitch.table.UART_SetConfig.7)
    .Lswitch.table.UART_SetConfig.9          0x08008a02   Data           6  stm32h7xx_hal_uart.o(.rodata..Lswitch.table.UART_SetConfig.9)
    led_pins                                 0x08008a30   Data           4  led.o(.rodata.cst4)
    [Anonymous Symbol]                       0x08008a30   Section        0  led.o(.rodata.cst4)
    UARTEx_SetNbDataToProcess.numerator      0x08008a34   Data           8  stm32h7xx_hal_uart_ex.o(.rodata.cst8)
    [Anonymous Symbol]                       0x08008a34   Section        0  stm32h7xx_hal_uart_ex.o(.rodata.cst8)
    UARTEx_SetNbDataToProcess.denominator    0x08008a3c   Data           8  stm32h7xx_hal_uart_ex.o(.rodata.cst8)
    write_BMI088_accel_reg_data_error        0x08008a44   Data          18  bmi088driver.o(.rodata.write_BMI088_accel_reg_data_error)
    [Anonymous Symbol]                       0x08008a44   Section        0  bmi088driver.o(.rodata.write_BMI088_accel_reg_data_error)
    write_BMI088_gyro_reg_data_error         0x08008a56   Data          18  bmi088driver.o(.rodata.write_BMI088_gyro_reg_data_error)
    [Anonymous Symbol]                       0x08008a56   Section        0  bmi088driver.o(.rodata.write_BMI088_gyro_reg_data_error)
    _errno                                   0x24000000   Data           4  errno.o(.data)
    .data                                    0x24000000   Section        4  errno.o(.data)
    .L_MergedGlobals                         0x24000004   Data           8  stm32h7xx_hal.o(.data..L_MergedGlobals)
    [Anonymous Symbol]                       0x24000004   Section        0  stm32h7xx_hal.o(.data..L_MergedGlobals)
    .L_MergedGlobals                         0x2400000c   Data           8  system_stm32h7xx.o(.data..L_MergedGlobals)
    [Anonymous Symbol]                       0x2400000c   Section        0  system_stm32h7xx.o(.data..L_MergedGlobals)
    .L_MergedGlobals                         0x24000014   Data           8  bmi088driver.o(.data..L_MergedGlobals)
    [Anonymous Symbol]                       0x24000014   Section        0  bmi088driver.o(.data..L_MergedGlobals)
    .L_MergedGlobals                         0x24000020   Data          24  main.o(.bss..L_MergedGlobals)
    prev_alert_active                        0x24000020   Data           1  main.o(.bss..L_MergedGlobals)
    [Anonymous Symbol]                       0x24000020   Section        0  main.o(.bss..L_MergedGlobals)
    ws2812_alert_on                          0x24000021   Data           1  main.o(.bss..L_MergedGlobals)
    ws2812_alert_tick                        0x24000028   Data           4  main.o(.bss..L_MergedGlobals)
    .L_MergedGlobals                         0x24000038   Data          48  head_tracker.o(.bss..L_MergedGlobals)
    buffer_idx                               0x24000038   Data           1  head_tracker.o(.bss..L_MergedGlobals)
    [Anonymous Symbol]                       0x24000038   Section        0  head_tracker.o(.bss..L_MergedGlobals)
    buffer_full                              0x24000039   Data           1  head_tracker.o(.bss..L_MergedGlobals)
    tremor_counter                           0x2400003a   Data           1  head_tracker.o(.bss..L_MergedGlobals)
    prev_pitch                               0x2400003c   Data           4  head_tracker.o(.bss..L_MergedGlobals)
    prev_roll                                0x24000040   Data           4  head_tracker.o(.bss..L_MergedGlobals)
    prev_yaw                                 0x24000044   Data           4  head_tracker.o(.bss..L_MergedGlobals)
    result                                   0x24000048   Data          32  head_tracker.o(.bss..L_MergedGlobals)
    .L_MergedGlobals                         0x24000068   Data          12  led.o(.bss..L_MergedGlobals)
    LED_Blink.state                          0x24000068   Data           2  led.o(.bss..L_MergedGlobals)
    [Anonymous Symbol]                       0x24000068   Section        0  led.o(.bss..L_MergedGlobals)
    LED_Blink.last_toggle                    0x2400006c   Data           8  led.o(.bss..L_MergedGlobals)
    .L_MergedGlobals                         0x24000074   Data          24  voice.o(.bss..L_MergedGlobals)
    rx_idx                                   0x24000074   Data           1  voice.o(.bss..L_MergedGlobals)
    [Anonymous Symbol]                       0x24000074   Section        0  voice.o(.bss..L_MergedGlobals)
    rx_frame_ready                           0x24000075   Data           1  voice.o(.bss..L_MergedGlobals)
    rx_frame_id                              0x24000076   Data           1  voice.o(.bss..L_MergedGlobals)
    huart                                    0x24000078   Data           4  voice.o(.bss..L_MergedGlobals)
    rx_buf                                   0x2400007c   Data          16  voice.o(.bss..L_MergedGlobals)
    .L_MergedGlobals                         0x2400008c   Data          80  buzzer.o(.bss..L_MergedGlobals)
    is_init                                  0x2400008c   Data           1  buzzer.o(.bss..L_MergedGlobals)
    [Anonymous Symbol]                       0x2400008c   Section        0  buzzer.o(.bss..L_MergedGlobals)
    htim12_buzzer                            0x24000090   Data          76  buzzer.o(.bss..L_MergedGlobals)
    .L_MergedGlobals                         0x240000dc   Data           4  ws2812.o(.bss..L_MergedGlobals)
    ws2812_ready                             0x240000dc   Data           1  ws2812.o(.bss..L_MergedGlobals)
    [Anonymous Symbol]                       0x240000dc   Section        0  ws2812.o(.bss..L_MergedGlobals)
    breathe_step                             0x240000de   Data           2  ws2812.o(.bss..L_MergedGlobals)
    .L_MergedGlobals                         0x240000e0   Data          32  train_modes.o(.bss..L_MergedGlobals)
    train_mode                               0x240000e0   Data           1  train_modes.o(.bss..L_MergedGlobals)
    [Anonymous Symbol]                       0x240000e0   Section        0  train_modes.o(.bss..L_MergedGlobals)
    menu_index                               0x240000e1   Data           1  train_modes.o(.bss..L_MergedGlobals)
    record                                   0x240000e4   Data          28  train_modes.o(.bss..L_MergedGlobals)
    .L_MergedGlobals.4                       0x24000100   Data          60  bmi088driver.o(.bss..L_MergedGlobals.4)
    is_calibrated                            0x24000100   Data           1  bmi088driver.o(.bss..L_MergedGlobals.4)
    [Anonymous Symbol]                       0x24000100   Section        0  bmi088driver.o(.bss..L_MergedGlobals.4)
    euler_angle.0                            0x24000104   Data           4  bmi088driver.o(.bss..L_MergedGlobals.4)
    euler_angle.1                            0x24000108   Data           4  bmi088driver.o(.bss..L_MergedGlobals.4)
    BMI088_read_euler.sample_count           0x2400010c   Data           4  bmi088driver.o(.bss..L_MergedGlobals.4)
    gyro_offset.0                            0x24000110   Data           4  bmi088driver.o(.bss..L_MergedGlobals.4)
    gyro_offset.1                            0x24000114   Data           4  bmi088driver.o(.bss..L_MergedGlobals.4)
    kalman_pitch                             0x24000118   Data          36  bmi088driver.o(.bss..L_MergedGlobals.4)
    hspi6_ws                                 0x240002b4   Data         136  ws2812.o(.bss.hspi6_ws)
    [Anonymous Symbol]                       0x240002b4   Section        0  ws2812.o(.bss.hspi6_ws)
    keys                                     0x2400041c   Data          60  key.o(.bss.keys)
    [Anonymous Symbol]                       0x2400041c   Section        0  key.o(.bss.keys)
    pitch_buffer                             0x24000458   Data         400  head_tracker.o(.bss.pitch_buffer)
    [Anonymous Symbol]                       0x24000458   Section        0  head_tracker.o(.bss.pitch_buffer)
    roll_buffer                              0x240005e8   Data         400  head_tracker.o(.bss.roll_buffer)
    [Anonymous Symbol]                       0x240005e8   Section        0  head_tracker.o(.bss.roll_buffer)
    servo_tim                                0x24000778   Data           8  servo.o(.bss.servo_tim)
    [Anonymous Symbol]                       0x24000778   Section        0  servo.o(.bss.servo_tim)
    STACK                                    0x24000788   Section     2048  startup_stm32h723xx.o(STACK)

    Global Symbols

    Symbol Name                              Value     Ov Type        Size  Object(Section)

    BuildAttributes$$THM_ISAv4$E$P$D$K$B$S$7EM$VFPv5_D16$PE$PLD8$A:L22UL41UL21$X:L11$S22US41US21$IEEE1$IW$~IW$USESV6$~STKCKD$USESV7$~SHL$OTIME$ROPI$IEEEX$EBA8$MICROLIB$REQ8$PRES8$EABIv2 0x00000000   Number         0  anon$$obj.o ABSOLUTE
    __cpp_initialize__aeabi_                  - Undefined Weak Reference
    __cxa_finalize                            - Undefined Weak Reference
    __decompress                              - Undefined Weak Reference
    _clock_init                               - Undefined Weak Reference
    _microlib_exit                            - Undefined Weak Reference
    __Vectors_Size                           0x000002cc   Number         0  startup_stm32h723xx.o ABSOLUTE
    __Vectors                                0x08000000   Data           4  startup_stm32h723xx.o(RESET)
    __Vectors_End                            0x080002cc   Data           0  startup_stm32h723xx.o(RESET)
    __main                                   0x080002cd   Thumb Code     0  entry.o(.ARM.Collect$$$$00000000)
    _main_stk                                0x080002cd   Thumb Code     0  entry2.o(.ARM.Collect$$$$00000001)
    _main_scatterload                        0x080002d1   Thumb Code     0  entry5.o(.ARM.Collect$$$$00000004)
    __main_after_scatterload                 0x080002d5   Thumb Code     0  entry5.o(.ARM.Collect$$$$00000004)
    _main_clock                              0x080002d5   Thumb Code     0  entry7b.o(.ARM.Collect$$$$00000008)
    _main_cpp_init                           0x080002d5   Thumb Code     0  entry8b.o(.ARM.Collect$$$$0000000A)
    _main_init                               0x080002d5   Thumb Code     0  entry9a.o(.ARM.Collect$$$$0000000B)
    __rt_final_cpp                           0x080002dd   Thumb Code     0  entry10a.o(.ARM.Collect$$$$0000000D)
    __rt_final_exit                          0x080002dd   Thumb Code     0  entry11a.o(.ARM.Collect$$$$0000000F)
    Reset_Handler                            0x080002e1   Thumb Code     8  startup_stm32h723xx.o(.text)
    ADC3_IRQHandler                          0x080002fb   Thumb Code     0  startup_stm32h723xx.o(.text)
    ADC_IRQHandler                           0x080002fb   Thumb Code     0  startup_stm32h723xx.o(.text)
    BDMA_Channel0_IRQHandler                 0x080002fb   Thumb Code     0  startup_stm32h723xx.o(.text)
    BDMA_Channel1_IRQHandler                 0x080002fb   Thumb Code     0  startup_stm32h723xx.o(.text)
    BDMA_Channel2_IRQHandler                 0x080002fb   Thumb Code     0  startup_stm32h723xx.o(.text)
    BDMA_Channel3_IRQHandler                 0x080002fb   Thumb Code     0  startup_stm32h723xx.o(.text)
    BDMA_Channel4_IRQHandler                 0x080002fb   Thumb Code     0  startup_stm32h723xx.o(.text)
    BDMA_Channel5_IRQHandler                 0x080002fb   Thumb Code     0  startup_stm32h723xx.o(.text)
    BDMA_Channel6_IRQHandler                 0x080002fb   Thumb Code     0  startup_stm32h723xx.o(.text)
    BDMA_Channel7_IRQHandler                 0x080002fb   Thumb Code     0  startup_stm32h723xx.o(.text)
    CEC_IRQHandler                           0x080002fb   Thumb Code     0  startup_stm32h723xx.o(.text)
    COMP1_IRQHandler                         0x080002fb   Thumb Code     0  startup_stm32h723xx.o(.text)
    CORDIC_IRQHandler                        0x080002fb   Thumb Code     0  startup_stm32h723xx.o(.text)
    CRS_IRQHandler                           0x080002fb   Thumb Code     0  startup_stm32h723xx.o(.text)
    DCMI_PSSI_IRQHandler                     0x080002fb   Thumb Code     0  startup_stm32h723xx.o(.text)
    DFSDM1_FLT0_IRQHandler                   0x080002fb   Thumb Code     0  startup_stm32h723xx.o(.text)
    DFSDM1_FLT1_IRQHandler                   0x080002fb   Thumb Code     0  startup_stm32h723xx.o(.text)
    DFSDM1_FLT2_IRQHandler                   0x080002fb   Thumb Code     0  startup_stm32h723xx.o(.text)
    DFSDM1_FLT3_IRQHandler                   0x080002fb   Thumb Code     0  startup_stm32h723xx.o(.text)
    DMA1_Stream2_IRQHandler                  0x080002fb   Thumb Code     0  startup_stm32h723xx.o(.text)
    DMA1_Stream3_IRQHandler                  0x080002fb   Thumb Code     0  startup_stm32h723xx.o(.text)
    DMA1_Stream4_IRQHandler                  0x080002fb   Thumb Code     0  startup_stm32h723xx.o(.text)
    DMA1_Stream5_IRQHandler                  0x080002fb   Thumb Code     0  startup_stm32h723xx.o(.text)
    DMA1_Stream6_IRQHandler                  0x080002fb   Thumb Code     0  startup_stm32h723xx.o(.text)
    DMA1_Stream7_IRQHandler                  0x080002fb   Thumb Code     0  startup_stm32h723xx.o(.text)
    DMA2D_IRQHandler                         0x080002fb   Thumb Code     0  startup_stm32h723xx.o(.text)
    DMA2_Stream0_IRQHandler                  0x080002fb   Thumb Code     0  startup_stm32h723xx.o(.text)
    DMA2_Stream1_IRQHandler                  0x080002fb   Thumb Code     0  startup_stm32h723xx.o(.text)
    DMA2_Stream2_IRQHandler                  0x080002fb   Thumb Code     0  startup_stm32h723xx.o(.text)
    DMA2_Stream3_IRQHandler                  0x080002fb   Thumb Code     0  startup_stm32h723xx.o(.text)
    DMA2_Stream4_IRQHandler                  0x080002fb   Thumb Code     0  startup_stm32h723xx.o(.text)
    DMA2_Stream5_IRQHandler                  0x080002fb   Thumb Code     0  startup_stm32h723xx.o(.text)
    DMA2_Stream6_IRQHandler                  0x080002fb   Thumb Code     0  startup_stm32h723xx.o(.text)
    DMA2_Stream7_IRQHandler                  0x080002fb   Thumb Code     0  startup_stm32h723xx.o(.text)
    DMAMUX1_OVR_IRQHandler                   0x080002fb   Thumb Code     0  startup_stm32h723xx.o(.text)
    DMAMUX2_OVR_IRQHandler                   0x080002fb   Thumb Code     0  startup_stm32h723xx.o(.text)
    DTS_IRQHandler                           0x080002fb   Thumb Code     0  startup_stm32h723xx.o(.text)
    ECC_IRQHandler                           0x080002fb   Thumb Code     0  startup_stm32h723xx.o(.text)
    ETH_IRQHandler                           0x080002fb   Thumb Code     0  startup_stm32h723xx.o(.text)
    ETH_WKUP_IRQHandler                      0x080002fb   Thumb Code     0  startup_stm32h723xx.o(.text)
    EXTI0_IRQHandler                         0x080002fb   Thumb Code     0  startup_stm32h723xx.o(.text)
    EXTI15_10_IRQHandler                     0x080002fb   Thumb Code     0  startup_stm32h723xx.o(.text)
    EXTI1_IRQHandler                         0x080002fb   Thumb Code     0  startup_stm32h723xx.o(.text)
    EXTI2_IRQHandler                         0x080002fb   Thumb Code     0  startup_stm32h723xx.o(.text)
    EXTI3_IRQHandler                         0x080002fb   Thumb Code     0  startup_stm32h723xx.o(.text)
    EXTI4_IRQHandler                         0x080002fb   Thumb Code     0  startup_stm32h723xx.o(.text)
    EXTI9_5_IRQHandler                       0x080002fb   Thumb Code     0  startup_stm32h723xx.o(.text)
    FDCAN1_IT0_IRQHandler                    0x080002fb   Thumb Code     0  startup_stm32h723xx.o(.text)
    FDCAN1_IT1_IRQHandler                    0x080002fb   Thumb Code     0  startup_stm32h723xx.o(.text)
    FDCAN2_IT0_IRQHandler                    0x080002fb   Thumb Code     0  startup_stm32h723xx.o(.text)
    FDCAN2_IT1_IRQHandler                    0x080002fb   Thumb Code     0  startup_stm32h723xx.o(.text)
    FDCAN3_IT0_IRQHandler                    0x080002fb   Thumb Code     0  startup_stm32h723xx.o(.text)
    FDCAN3_IT1_IRQHandler                    0x080002fb   Thumb Code     0  startup_stm32h723xx.o(.text)
    FDCAN_CAL_IRQHandler                     0x080002fb   Thumb Code     0  startup_stm32h723xx.o(.text)
    FLASH_IRQHandler                         0x080002fb   Thumb Code     0  startup_stm32h723xx.o(.text)
    FMAC_IRQHandler                          0x080002fb   Thumb Code     0  startup_stm32h723xx.o(.text)
    FMC_IRQHandler                           0x080002fb   Thumb Code     0  startup_stm32h723xx.o(.text)
    FPU_IRQHandler                           0x080002fb   Thumb Code     0  startup_stm32h723xx.o(.text)
    HSEM1_IRQHandler                         0x080002fb   Thumb Code     0  startup_stm32h723xx.o(.text)
    I2C1_ER_IRQHandler                       0x080002fb   Thumb Code     0  startup_stm32h723xx.o(.text)
    I2C1_EV_IRQHandler                       0x080002fb   Thumb Code     0  startup_stm32h723xx.o(.text)
    I2C2_ER_IRQHandler                       0x080002fb   Thumb Code     0  startup_stm32h723xx.o(.text)
    I2C2_EV_IRQHandler                       0x080002fb   Thumb Code     0  startup_stm32h723xx.o(.text)
    I2C3_ER_IRQHandler                       0x080002fb   Thumb Code     0  startup_stm32h723xx.o(.text)
    I2C3_EV_IRQHandler                       0x080002fb   Thumb Code     0  startup_stm32h723xx.o(.text)
    I2C4_ER_IRQHandler                       0x080002fb   Thumb Code     0  startup_stm32h723xx.o(.text)
    I2C4_EV_IRQHandler                       0x080002fb   Thumb Code     0  startup_stm32h723xx.o(.text)
    I2C5_ER_IRQHandler                       0x080002fb   Thumb Code     0  startup_stm32h723xx.o(.text)
    I2C5_EV_IRQHandler                       0x080002fb   Thumb Code     0  startup_stm32h723xx.o(.text)
    LPTIM1_IRQHandler                        0x080002fb   Thumb Code     0  startup_stm32h723xx.o(.text)
    LPTIM2_IRQHandler                        0x080002fb   Thumb Code     0  startup_stm32h723xx.o(.text)
    LPTIM3_IRQHandler                        0x080002fb   Thumb Code     0  startup_stm32h723xx.o(.text)
    LPTIM4_IRQHandler                        0x080002fb   Thumb Code     0  startup_stm32h723xx.o(.text)
    LPTIM5_IRQHandler                        0x080002fb   Thumb Code     0  startup_stm32h723xx.o(.text)
    LPUART1_IRQHandler                       0x080002fb   Thumb Code     0  startup_stm32h723xx.o(.text)
    LTDC_ER_IRQHandler                       0x080002fb   Thumb Code     0  startup_stm32h723xx.o(.text)
    LTDC_IRQHandler                          0x080002fb   Thumb Code     0  startup_stm32h723xx.o(.text)
    MDIOS_IRQHandler                         0x080002fb   Thumb Code     0  startup_stm32h723xx.o(.text)
    MDIOS_WKUP_IRQHandler                    0x080002fb   Thumb Code     0  startup_stm32h723xx.o(.text)
    MDMA_IRQHandler                          0x080002fb   Thumb Code     0  startup_stm32h723xx.o(.text)
    OCTOSPI1_IRQHandler                      0x080002fb   Thumb Code     0  startup_stm32h723xx.o(.text)
    OCTOSPI2_IRQHandler                      0x080002fb   Thumb Code     0  startup_stm32h723xx.o(.text)
    OTG_HS_EP1_IN_IRQHandler                 0x080002fb   Thumb Code     0  startup_stm32h723xx.o(.text)
    OTG_HS_EP1_OUT_IRQHandler                0x080002fb   Thumb Code     0  startup_stm32h723xx.o(.text)
    OTG_HS_IRQHandler                        0x080002fb   Thumb Code     0  startup_stm32h723xx.o(.text)
    OTG_HS_WKUP_IRQHandler                   0x080002fb   Thumb Code     0  startup_stm32h723xx.o(.text)
    PVD_AVD_IRQHandler                       0x080002fb   Thumb Code     0  startup_stm32h723xx.o(.text)
    RCC_IRQHandler                           0x080002fb   Thumb Code     0  startup_stm32h723xx.o(.text)
    RNG_IRQHandler                           0x080002fb   Thumb Code     0  startup_stm32h723xx.o(.text)
    RTC_Alarm_IRQHandler                     0x080002fb   Thumb Code     0  startup_stm32h723xx.o(.text)
    RTC_WKUP_IRQHandler                      0x080002fb   Thumb Code     0  startup_stm32h723xx.o(.text)
    SAI1_IRQHandler                          0x080002fb   Thumb Code     0  startup_stm32h723xx.o(.text)
    SAI4_IRQHandler                          0x080002fb   Thumb Code     0  startup_stm32h723xx.o(.text)
    SDMMC1_IRQHandler                        0x080002fb   Thumb Code     0  startup_stm32h723xx.o(.text)
    SDMMC2_IRQHandler                        0x080002fb   Thumb Code     0  startup_stm32h723xx.o(.text)
    SPDIF_RX_IRQHandler                      0x080002fb   Thumb Code     0  startup_stm32h723xx.o(.text)
    SPI1_IRQHandler                          0x080002fb   Thumb Code     0  startup_stm32h723xx.o(.text)
    SPI3_IRQHandler                          0x080002fb   Thumb Code     0  startup_stm32h723xx.o(.text)
    SPI4_IRQHandler                          0x080002fb   Thumb Code     0  startup_stm32h723xx.o(.text)
    SPI5_IRQHandler                          0x080002fb   Thumb Code     0  startup_stm32h723xx.o(.text)
    SPI6_IRQHandler                          0x080002fb   Thumb Code     0  startup_stm32h723xx.o(.text)
    SWPMI1_IRQHandler                        0x080002fb   Thumb Code     0  startup_stm32h723xx.o(.text)
    TAMP_STAMP_IRQHandler                    0x080002fb   Thumb Code     0  startup_stm32h723xx.o(.text)
    TIM15_IRQHandler                         0x080002fb   Thumb Code     0  startup_stm32h723xx.o(.text)
    TIM16_IRQHandler                         0x080002fb   Thumb Code     0  startup_stm32h723xx.o(.text)
    TIM17_IRQHandler                         0x080002fb   Thumb Code     0  startup_stm32h723xx.o(.text)
    TIM1_BRK_IRQHandler                      0x080002fb   Thumb Code     0  startup_stm32h723xx.o(.text)
    TIM1_CC_IRQHandler                       0x080002fb   Thumb Code     0  startup_stm32h723xx.o(.text)
    TIM1_TRG_COM_IRQHandler                  0x080002fb   Thumb Code     0  startup_stm32h723xx.o(.text)
    TIM1_UP_IRQHandler                       0x080002fb   Thumb Code     0  startup_stm32h723xx.o(.text)
    TIM23_IRQHandler                         0x080002fb   Thumb Code     0  startup_stm32h723xx.o(.text)
    TIM24_IRQHandler                         0x080002fb   Thumb Code     0  startup_stm32h723xx.o(.text)
    TIM2_IRQHandler                          0x080002fb   Thumb Code     0  startup_stm32h723xx.o(.text)
    TIM3_IRQHandler                          0x080002fb   Thumb Code     0  startup_stm32h723xx.o(.text)
    TIM4_IRQHandler                          0x080002fb   Thumb Code     0  startup_stm32h723xx.o(.text)
    TIM5_IRQHandler                          0x080002fb   Thumb Code     0  startup_stm32h723xx.o(.text)
    TIM6_DAC_IRQHandler                      0x080002fb   Thumb Code     0  startup_stm32h723xx.o(.text)
    TIM7_IRQHandler                          0x080002fb   Thumb Code     0  startup_stm32h723xx.o(.text)
    TIM8_BRK_TIM12_IRQHandler                0x080002fb   Thumb Code     0  startup_stm32h723xx.o(.text)
    TIM8_CC_IRQHandler                       0x080002fb   Thumb Code     0  startup_stm32h723xx.o(.text)
    TIM8_TRG_COM_TIM14_IRQHandler            0x080002fb   Thumb Code     0  startup_stm32h723xx.o(.text)
    TIM8_UP_TIM13_IRQHandler                 0x080002fb   Thumb Code     0  startup_stm32h723xx.o(.text)
    UART4_IRQHandler                         0x080002fb   Thumb Code     0  startup_stm32h723xx.o(.text)
    UART5_IRQHandler                         0x080002fb   Thumb Code     0  startup_stm32h723xx.o(.text)
    UART7_IRQHandler                         0x080002fb   Thumb Code     0  startup_stm32h723xx.o(.text)
    UART8_IRQHandler                         0x080002fb   Thumb Code     0  startup_stm32h723xx.o(.text)
    UART9_IRQHandler                         0x080002fb   Thumb Code     0  startup_stm32h723xx.o(.text)
    USART10_IRQHandler                       0x080002fb   Thumb Code     0  startup_stm32h723xx.o(.text)
    USART2_IRQHandler                        0x080002fb   Thumb Code     0  startup_stm32h723xx.o(.text)
    USART3_IRQHandler                        0x080002fb   Thumb Code     0  startup_stm32h723xx.o(.text)
    USART6_IRQHandler                        0x080002fb   Thumb Code     0  startup_stm32h723xx.o(.text)
    WAKEUP_PIN_IRQHandler                    0x080002fb   Thumb Code     0  startup_stm32h723xx.o(.text)
    WWDG_IRQHandler                          0x080002fb   Thumb Code     0  startup_stm32h723xx.o(.text)
    __aeabi_uldivmod                         0x08000305   Thumb Code    98  uldiv.o(.text)
    __aeabi_memset                           0x08000367   Thumb Code    14  memseta.o(.text)
    __aeabi_memset4                          0x08000367   Thumb Code     0  memseta.o(.text)
    __aeabi_memset8                          0x08000367   Thumb Code     0  memseta.o(.text)
    __aeabi_memclr                           0x08000375   Thumb Code     4  memseta.o(.text)
    __aeabi_memclr4                          0x08000375   Thumb Code     0  memseta.o(.text)
    __aeabi_memclr8                          0x08000375   Thumb Code     0  memseta.o(.text)
    _memset$wrapper                          0x08000379   Thumb Code    18  memseta.o(.text)
    __aeabi_llsl                             0x0800038b   Thumb Code    30  llshl.o(.text)
    _ll_shift_l                              0x0800038b   Thumb Code     0  llshl.o(.text)
    __aeabi_llsr                             0x080003a9   Thumb Code    32  llushr.o(.text)
    _ll_ushift_r                             0x080003a9   Thumb Code     0  llushr.o(.text)
    __I$use$fp                               0x080003c9   Thumb Code     0  iusefp.o(.text)
    __scatterload                            0x080003c9   Thumb Code    38  init.o(.text)
    __scatterload_rt2                        0x080003c9   Thumb Code     0  init.o(.text)
    App_Init                                 0x080003f9   Thumb Code    30  train_modes.o(.text.App_Init)
    App_Run                                  0x08000419   Thumb Code   108  train_modes.o(.text.App_Run)
    BMI088_ACCEL_NS_H                        0x08000489   Thumb Code    16  bmi088middleware.o(.text.BMI088_ACCEL_NS_H)
    BMI088_ACCEL_NS_L                        0x08000499   Thumb Code    16  bmi088middleware.o(.text.BMI088_ACCEL_NS_L)
    BMI088_GPIO_init                         0x080004a9   Thumb Code     2  bmi088middleware.o(.text.BMI088_GPIO_init)
    BMI088_GYRO_NS_H                         0x080004b1   Thumb Code    16  bmi088middleware.o(.text.BMI088_GYRO_NS_H)
    BMI088_GYRO_NS_L                         0x080004c1   Thumb Code    16  bmi088middleware.o(.text.BMI088_GYRO_NS_L)
    BMI088_com_init                          0x080004d1   Thumb Code     2  bmi088middleware.o(.text.BMI088_com_init)
    BMI088_delay_ms                          0x080004d9   Thumb Code    94  bmi088middleware.o(.text.BMI088_delay_ms)
    BMI088_delay_us                          0x08000539   Thumb Code    74  bmi088middleware.o(.text.BMI088_delay_us)
    BMI088_euler_init                        0x08000589   Thumb Code   268  bmi088driver.o(.text.BMI088_euler_init)
    BMI088_init                              0x080006a1   Thumb Code  1144  bmi088driver.o(.text.BMI088_init)
    BMI088_read_euler                        0x08000b19   Thumb Code   808  bmi088driver.o(.text.BMI088_read_euler)
    BMI088_read_write_byte                   0x08000e61   Thumb Code    46  bmi088middleware.o(.text.BMI088_read_write_byte)
    BusFault_Handler                         0x08000e91   Thumb Code     2  stm32h7xx_it.o(.text.BusFault_Handler)
    Buzzer_Alert                             0x08000e99   Thumb Code   114  buzzer.o(.text.Buzzer_Alert)
    Buzzer_Init                              0x08000f11   Thumb Code   174  buzzer.o(.text.Buzzer_Init)
    DMA1_Stream0_IRQHandler                  0x08000fc1   Thumb Code    12  stm32h7xx_it.o(.text.DMA1_Stream0_IRQHandler)
    DMA1_Stream1_IRQHandler                  0x08000fd1   Thumb Code    12  stm32h7xx_it.o(.text.DMA1_Stream1_IRQHandler)
    DebugMon_Handler                         0x08001109   Thumb Code     2  stm32h7xx_it.o(.text.DebugMon_Handler)
    Error_Handler                            0x08001111   Thumb Code    10  main.o(.text.Error_Handler)
    HAL_DMA_Abort                            0x08001121   Thumb Code  1318  stm32h7xx_hal_dma.o(.text.HAL_DMA_Abort)
    HAL_DMA_Abort_IT                         0x08001649   Thumb Code   694  stm32h7xx_hal_dma.o(.text.HAL_DMA_Abort_IT)
    HAL_DMA_IRQHandler                       0x08001901   Thumb Code  2072  stm32h7xx_hal_dma.o(.text.HAL_DMA_IRQHandler)
    HAL_DMA_Init                             0x08002119   Thumb Code  1690  stm32h7xx_hal_dma.o(.text.HAL_DMA_Init)
    HAL_Delay                                0x080027b9   Thumb Code    40  stm32h7xx_hal.o(.text.HAL_Delay)
    HAL_GPIO_Init                            0x080027e1   Thumb Code   422  stm32h7xx_hal_gpio.o(.text.HAL_GPIO_Init)
    HAL_GPIO_ReadPin                         0x08002989   Thumb Code    10  stm32h7xx_hal_gpio.o(.text.HAL_GPIO_ReadPin)
    HAL_GPIO_WritePin                        0x08002999   Thumb Code    10  stm32h7xx_hal_gpio.o(.text.HAL_GPIO_WritePin)
    HAL_GetTick                              0x080029a9   Thumb Code    12  stm32h7xx_hal.o(.text.HAL_GetTick)
    HAL_IncTick                              0x080029b9   Thumb Code    26  stm32h7xx_hal.o(.text.HAL_IncTick)
    HAL_Init                                 0x080029d9   Thumb Code   100  stm32h7xx_hal.o(.text.HAL_Init)
    HAL_InitTick                             0x08002a41   Thumb Code    80  stm32h7xx_hal.o(.text.HAL_InitTick)
    HAL_MspInit                              0x08002a91   Thumb Code    32  stm32h7xx_hal_msp.o(.text.HAL_MspInit)
    HAL_NVIC_EnableIRQ                       0x08002ab1   Thumb Code    34  stm32h7xx_hal_cortex.o(.text.HAL_NVIC_EnableIRQ)
    HAL_NVIC_SetPriority                     0x08002ad9   Thumb Code    90  stm32h7xx_hal_cortex.o(.text.HAL_NVIC_SetPriority)
    HAL_NVIC_SetPriorityGrouping             0x08002b39   Thumb Code    32  stm32h7xx_hal_cortex.o(.text.HAL_NVIC_SetPriorityGrouping)
    HAL_PWREx_ConfigSupply                   0x08002b59   Thumb Code    76  stm32h7xx_hal_pwr_ex.o(.text.HAL_PWREx_ConfigSupply)
    HAL_RCCEx_GetD3PCLK1Freq                 0x08002ba9   Thumb Code    38  stm32h7xx_hal_rcc_ex.o(.text.HAL_RCCEx_GetD3PCLK1Freq)
    HAL_RCCEx_GetPLL2ClockFreq               0x08002bd1   Thumb Code   280  stm32h7xx_hal_rcc_ex.o(.text.HAL_RCCEx_GetPLL2ClockFreq)
    HAL_RCCEx_GetPLL3ClockFreq               0x08002cf9   Thumb Code   280  stm32h7xx_hal_rcc_ex.o(.text.HAL_RCCEx_GetPLL3ClockFreq)
    HAL_RCCEx_PeriphCLKConfig                0x08002e21   Thumb Code  2688  stm32h7xx_hal_rcc_ex.o(.text.HAL_RCCEx_PeriphCLKConfig)
    HAL_RCC_ClockConfig                      0x080038a1   Thumb Code   596  stm32h7xx_hal_rcc.o(.text.HAL_RCC_ClockConfig)
    HAL_RCC_GetHCLKFreq                      0x08003af9   Thumb Code    76  stm32h7xx_hal_rcc.o(.text.HAL_RCC_GetHCLKFreq)
    HAL_RCC_GetPCLK1Freq                     0x08003b49   Thumb Code    96  stm32h7xx_hal_rcc.o(.text.HAL_RCC_GetPCLK1Freq)
    HAL_RCC_GetPCLK2Freq                     0x08003ba9   Thumb Code    96  stm32h7xx_hal_rcc.o(.text.HAL_RCC_GetPCLK2Freq)
    HAL_RCC_GetSysClockFreq                  0x08003c09   Thumb Code   264  stm32h7xx_hal_rcc.o(.text.HAL_RCC_GetSysClockFreq)
    HAL_RCC_OscConfig                        0x08003d29   Thumb Code  1324  stm32h7xx_hal_rcc.o(.text.HAL_RCC_OscConfig)
    HAL_SPI_ErrorCallback                    0x08004259   Thumb Code     2  stm32h7xx_hal_spi.o(.text.HAL_SPI_ErrorCallback)
    HAL_SPI_IRQHandler                       0x08004261   Thumb Code   590  stm32h7xx_hal_spi.o(.text.HAL_SPI_IRQHandler)
    HAL_SPI_Init                             0x080044b1   Thumb Code   444  stm32h7xx_hal_spi.o(.text.HAL_SPI_Init)
    HAL_SPI_MspInit                          0x08004671   Thumb Code   350  spi.o(.text.HAL_SPI_MspInit)
    HAL_SPI_RxCpltCallback                   0x080047d1   Thumb Code     2  stm32h7xx_hal_spi.o(.text.HAL_SPI_RxCpltCallback)
    HAL_SPI_SuspendCallback                  0x080047d9   Thumb Code     2  stm32h7xx_hal_spi.o(.text.HAL_SPI_SuspendCallback)
    HAL_SPI_Transmit                         0x080047e1   Thumb Code   680  stm32h7xx_hal_spi.o(.text.HAL_SPI_Transmit)
    HAL_SPI_TransmitReceive                  0x08004a89   Thumb Code  1028  stm32h7xx_hal_spi.o(.text.HAL_SPI_TransmitReceive)
    HAL_SPI_TxCpltCallback                   0x08004e91   Thumb Code     2  stm32h7xx_hal_spi.o(.text.HAL_SPI_TxCpltCallback)
    HAL_SPI_TxRxCpltCallback                 0x08004e99   Thumb Code     2  stm32h7xx_hal_spi.o(.text.HAL_SPI_TxRxCpltCallback)
    HAL_SYSTICK_Config                       0x08004ea1   Thumb Code    46  stm32h7xx_hal_cortex.o(.text.HAL_SYSTICK_Config)
    HAL_TIMEx_ConfigBreakDeadTime            0x08004ed1   Thumb Code   172  stm32h7xx_hal_tim_ex.o(.text.HAL_TIMEx_ConfigBreakDeadTime)
    HAL_TIMEx_MasterConfigSynchronization    0x08004f81   Thumb Code   222  stm32h7xx_hal_tim_ex.o(.text.HAL_TIMEx_MasterConfigSynchronization)
    HAL_TIM_Base_Init                        0x08005061   Thumb Code    96  stm32h7xx_hal_tim.o(.text.HAL_TIM_Base_Init)
    HAL_TIM_Base_MspInit                     0x080050c1   Thumb Code    46  tim.o(.text.HAL_TIM_Base_MspInit)
    HAL_TIM_ConfigClockSource                0x080050f1   Thumb Code   512  stm32h7xx_hal_tim.o(.text.HAL_TIM_ConfigClockSource)
    HAL_TIM_PWM_ConfigChannel                0x080052f1   Thumb Code  1202  stm32h7xx_hal_tim.o(.text.HAL_TIM_PWM_ConfigChannel)
    HAL_TIM_PWM_Init                         0x080057a9   Thumb Code    96  stm32h7xx_hal_tim.o(.text.HAL_TIM_PWM_Init)
    HAL_TIM_PWM_MspInit                      0x08005809   Thumb Code     2  stm32h7xx_hal_tim.o(.text.HAL_TIM_PWM_MspInit)
    HAL_TIM_PWM_Start                        0x08005811   Thumb Code   368  stm32h7xx_hal_tim.o(.text.HAL_TIM_PWM_Start)
    HAL_UARTEx_DisableFifoMode               0x08005981   Thumb Code    54  stm32h7xx_hal_uart_ex.o(.text.HAL_UARTEx_DisableFifoMode)
    HAL_UARTEx_RxEventCallback               0x080059b9   Thumb Code     2  stm32h7xx_hal_uart.o(.text.HAL_UARTEx_RxEventCallback)
    HAL_UARTEx_RxFifoFullCallback            0x080059c1   Thumb Code     2  stm32h7xx_hal_uart_ex.o(.text.HAL_UARTEx_RxFifoFullCallback)
    HAL_UARTEx_SetRxFifoThreshold            0x080059c9   Thumb Code   140  stm32h7xx_hal_uart_ex.o(.text.HAL_UARTEx_SetRxFifoThreshold)
    HAL_UARTEx_SetTxFifoThreshold            0x08005a59   Thumb Code   140  stm32h7xx_hal_uart_ex.o(.text.HAL_UARTEx_SetTxFifoThreshold)
    HAL_UARTEx_TxFifoEmptyCallback           0x08005ae9   Thumb Code     2  stm32h7xx_hal_uart_ex.o(.text.HAL_UARTEx_TxFifoEmptyCallback)
    HAL_UARTEx_WakeupCallback                0x08005af1   Thumb Code     2  stm32h7xx_hal_uart_ex.o(.text.HAL_UARTEx_WakeupCallback)
    HAL_UART_ErrorCallback                   0x08005af9   Thumb Code     2  stm32h7xx_hal_uart.o(.text.HAL_UART_ErrorCallback)
    HAL_UART_IRQHandler                      0x08005b01   Thumb Code  1650  stm32h7xx_hal_uart.o(.text.HAL_UART_IRQHandler)
    HAL_UART_Init                            0x08006179   Thumb Code    98  stm32h7xx_hal_uart.o(.text.HAL_UART_Init)
    HAL_UART_MspInit                         0x080061e1   Thumb Code   162  usart.o(.text.HAL_UART_MspInit)
    HAL_UART_Transmit                        0x08006289   Thumb Code   202  stm32h7xx_hal_uart.o(.text.HAL_UART_Transmit)
    HAL_UART_TxCpltCallback                  0x08006359   Thumb Code     2  stm32h7xx_hal_uart.o(.text.HAL_UART_TxCpltCallback)
    HardFault_Handler                        0x08006361   Thumb Code     2  stm32h7xx_it.o(.text.HardFault_Handler)
    HeadTracker_GetResult                    0x08006369   Thumb Code    12  head_tracker.o(.text.HeadTracker_GetResult)
    HeadTracker_Init                         0x08006379   Thumb Code    70  head_tracker.o(.text.HeadTracker_Init)
    HeadTracker_Update                       0x080063c1   Thumb Code  1088  head_tracker.o(.text.HeadTracker_Update)
    Key_GetEvent                             0x08006809   Thumb Code    42  key.o(.text.Key_GetEvent)
    Key_Init                                 0x08006839   Thumb Code    80  key.o(.text.Key_Init)
    Key_Scan                                 0x08006889   Thumb Code   256  key.o(.text.Key_Scan)
    LED_Blink                                0x08006989   Thumb Code    84  led.o(.text.LED_Blink)
    LED_Init                                 0x080069e1   Thumb Code    38  led.o(.text.LED_Init)
    Laser_Blink                              0x08006a09   Thumb Code    78  laser.o(.text.Laser_Blink)
    Laser_Init                               0x08006a59   Thumb Code    16  laser.o(.text.Laser_Init)
    MX_DMA_Init                              0x08006a69   Thumb Code    68  dma.o(.text.MX_DMA_Init)
    MX_GPIO_Init                             0x08006ab1   Thumb Code   350  gpio.o(.text.MX_GPIO_Init)
    MX_SPI2_Init                             0x08006c11   Thumb Code    98  spi.o(.text.MX_SPI2_Init)
    MX_TIM1_Init                             0x08006c79   Thumb Code   356  tim.o(.text.MX_TIM1_Init)
    MX_USART1_UART_Init                      0x08006de1   Thumb Code   124  usart.o(.text.MX_USART1_UART_Init)
    MemManage_Handler                        0x08006e61   Thumb Code     2  stm32h7xx_it.o(.text.MemManage_Handler)
    NMI_Handler                              0x08006e69   Thumb Code     2  stm32h7xx_it.o(.text.NMI_Handler)
    PendSV_Handler                           0x08006e71   Thumb Code     2  stm32h7xx_it.o(.text.PendSV_Handler)
    SPI2_IRQHandler                          0x080070c9   Thumb Code    12  stm32h7xx_it.o(.text.SPI2_IRQHandler)
    SVC_Handler                              0x080071c1   Thumb Code     2  stm32h7xx_it.o(.text.SVC_Handler)
    Servo_Init                               0x080071c9   Thumb Code    66  servo.o(.text.Servo_Init)
    SysTick_Handler                          0x08007211   Thumb Code     4  stm32h7xx_it.o(.text.SysTick_Handler)
    SystemClock_Config                       0x08007219   Thumb Code   200  main.o(.text.SystemClock_Config)
    SystemInit                               0x080072e1   Thumb Code   176  system_stm32h7xx.o(.text.SystemInit)
    TIM_Base_SetConfig                       0x08007391   Thumb Code   376  stm32h7xx_hal_tim.o(.text.TIM_Base_SetConfig)
    UART_AdvFeatureConfig                    0x08007509   Thumb Code   224  stm32h7xx_hal_uart.o(.text.UART_AdvFeatureConfig)
    UART_CheckIdleState                      0x080075e9   Thumb Code   366  stm32h7xx_hal_uart.o(.text.UART_CheckIdleState)
    UART_SetConfig                           0x08007769   Thumb Code  1176  stm32h7xx_hal_uart.o(.text.UART_SetConfig)
    UART_WaitOnFlagUntilTimeout              0x08007c09   Thumb Code   746  stm32h7xx_hal_uart.o(.text.UART_WaitOnFlagUntilTimeout)
    USART1_IRQHandler                        0x08007ef9   Thumb Code    12  stm32h7xx_it.o(.text.USART1_IRQHandler)
    UsageFault_Handler                       0x08007f09   Thumb Code     2  stm32h7xx_it.o(.text.UsageFault_Handler)
    Voice_Play                               0x08007f11   Thumb Code    68  voice.o(.text.Voice_Play)
    WS2812_BreathingGreen                    0x08007f59   Thumb Code   108  ws2812.o(.text.WS2812_BreathingGreen)
    WS2812_Init                              0x08007fd9   Thumb Code   252  ws2812.o(.text.WS2812_Init)
    WS2812_Set                               0x080080d9   Thumb Code   436  ws2812.o(.text.WS2812_Set)
    main                                     0x08008291   Thumb Code   312  main.o(.text.main)
    __ARM_fpclassifyf                        0x080083cd   Thumb Code    38  fpclassifyf.o(i.__ARM_fpclassifyf)
    __hardfp_atan2f                          0x080083f5   Thumb Code   594  atan2f.o(i.__hardfp_atan2f)
    __hardfp_sinf                            0x080086a1   Thumb Code   344  sinf.o(i.__hardfp_sinf)
    __mathlib_flt_infnan                     0x08008831   Thumb Code     6  funder.o(i.__mathlib_flt_infnan)
    __mathlib_flt_infnan2                    0x08008837   Thumb Code     6  funder.o(i.__mathlib_flt_infnan2)
    __mathlib_flt_invalid                    0x0800883d   Thumb Code    10  funder.o(i.__mathlib_flt_invalid)
    __mathlib_flt_underflow                  0x0800884d   Thumb Code    10  funder.o(i.__mathlib_flt_underflow)
    __mathlib_rredf2                         0x0800885d   Thumb Code   316  rredf.o(i.__mathlib_rredf2)
    __scatterload_copy                       0x080089b1   Thumb Code    14  handlers.o(i.__scatterload_copy)
    __scatterload_null                       0x080089bf   Thumb Code     2  handlers.o(i.__scatterload_null)
    __scatterload_zeroinit                   0x080089c1   Thumb Code    14  handlers.o(i.__scatterload_zeroinit)
    __set_errno                              0x080089d1   Thumb Code     6  errno.o(i.__set_errno)
    D1CorePrescTable                         0x08008a08   Data          16  system_stm32h7xx.o(.rodata.D1CorePrescTable)
    UARTPrescTable                           0x08008a18   Data          24  stm32h7xx_hal_uart.o(.rodata.UARTPrescTable)
    Region$$Table$$Base                      0x08008a68   Number         0  anon$$obj.o(Region$$Table)
    Region$$Table$$Limit                     0x08008a88   Number         0  anon$$obj.o(Region$$Table)
    uwTickFreq                               0x24000004   Data           1  stm32h7xx_hal.o(.data..L_MergedGlobals)
    uwTickPrio                               0x24000008   Data           4  stm32h7xx_hal.o(.data..L_MergedGlobals)
    SystemCoreClock                          0x2400000c   Data           4  system_stm32h7xx.o(.data..L_MergedGlobals)
    SystemD2Clock                            0x24000010   Data           4  system_stm32h7xx.o(.data..L_MergedGlobals)
    BMI088_ACCEL_SEN                         0x24000014   Data           4  bmi088driver.o(.data..L_MergedGlobals)
    BMI088_GYRO_SEN                          0x24000018   Data           4  bmi088driver.o(.data..L_MergedGlobals)
    temp                                     0x24000024   Data           4  main.o(.bss..L_MergedGlobals)
    euler_angle                              0x2400002c   Data          12  main.o(.bss..L_MergedGlobals)
    hdma_spi2_rx                             0x2400013c   Data         120  spi.o(.bss.hdma_spi2_rx)
    hdma_spi2_tx                             0x240001b4   Data         120  spi.o(.bss.hdma_spi2_tx)
    hspi2                                    0x2400022c   Data         136  spi.o(.bss.hspi2)
    htim1                                    0x2400033c   Data          76  tim.o(.bss.htim1)
    huart1                                   0x24000388   Data         148  usart.o(.bss.huart1)
    uwTick                                   0x24000780   Data           4  stm32h7xx_hal.o(.bss.uwTick)
    __initial_sp                             0x24000f88   Data           0  startup_stm32h723xx.o(STACK)



==============================================================================

Memory Map of the image

  Image Entry point : 0x080002cd

  Load Region LR_IROM1 (Base: 0x08000000, Size: 0x00008aa8, Max: 0x00100000, ABSOLUTE)

    Execution Region ER_IROM1 (Exec base: 0x08000000, Load base: 0x08000000, Size: 0x00008a88, Max: 0x00100000, ABSOLUTE)

    Exec Addr    Load Addr    Size         Type   Attr      Idx    E Section Name        Object

    0x08000000   0x08000000   0x000002cc   Data   RO            3    RESET               startup_stm32h723xx.o
    0x080002cc   0x080002cc   0x00000000   Code   RO         1816  * .ARM.Collect$$$$00000000  mc_w.l(entry.o)
    0x080002cc   0x080002cc   0x00000004   Code   RO         1842    .ARM.Collect$$$$00000001  mc_w.l(entry2.o)
    0x080002d0   0x080002d0   0x00000004   Code   RO         1845    .ARM.Collect$$$$00000004  mc_w.l(entry5.o)
    0x080002d4   0x080002d4   0x00000000   Code   RO         1847    .ARM.Collect$$$$00000008  mc_w.l(entry7b.o)
    0x080002d4   0x080002d4   0x00000000   Code   RO         1849    .ARM.Collect$$$$0000000A  mc_w.l(entry8b.o)
    0x080002d4   0x080002d4   0x00000008   Code   RO         1850    .ARM.Collect$$$$0000000B  mc_w.l(entry9a.o)
    0x080002dc   0x080002dc   0x00000000   Code   RO         1852    .ARM.Collect$$$$0000000D  mc_w.l(entry10a.o)
    0x080002dc   0x080002dc   0x00000000   Code   RO         1854    .ARM.Collect$$$$0000000F  mc_w.l(entry11a.o)
    0x080002dc   0x080002dc   0x00000004   Code   RO         1843    .ARM.Collect$$$$00002712  mc_w.l(entry2.o)
    0x080002e0   0x080002e0   0x00000024   Code   RO            4    .text               startup_stm32h723xx.o
    0x08000304   0x08000304   0x00000062   Code   RO         1819    .text               mc_w.l(uldiv.o)
    0x08000366   0x08000366   0x00000024   Code   RO         1821    .text               mc_w.l(memseta.o)
    0x0800038a   0x0800038a   0x0000001e   Code   RO         1856    .text               mc_w.l(llshl.o)
    0x080003a8   0x080003a8   0x00000020   Code   RO         1858    .text               mc_w.l(llushr.o)
    0x080003c8   0x080003c8   0x00000000   Code   RO         1867    .text               mc_w.l(iusefp.o)
    0x080003c8   0x080003c8   0x00000030   Code   RO         1868    .text               mc_w.l(init.o)
    0x080003f8   0x080003f8   0x0000001e   Code   RO         1784    .text.App_Init      train_modes.o
    0x08000416   0x08000416   0x00000002   PAD
    0x08000418   0x08000418   0x0000006c   Code   RO         1786    .text.App_Run       train_modes.o
    0x08000484   0x08000484   0x00000004   PAD
    0x08000488   0x08000488   0x00000010   Code   RO         1625    .text.BMI088_ACCEL_NS_H  bmi088middleware.o
    0x08000498   0x08000498   0x00000010   Code   RO         1623    .text.BMI088_ACCEL_NS_L  bmi088middleware.o
    0x080004a8   0x080004a8   0x00000002   Code   RO         1615    .text.BMI088_GPIO_init  bmi088middleware.o
    0x080004aa   0x080004aa   0x00000006   PAD
    0x080004b0   0x080004b0   0x00000010   Code   RO         1629    .text.BMI088_GYRO_NS_H  bmi088middleware.o
    0x080004c0   0x080004c0   0x00000010   Code   RO         1627    .text.BMI088_GYRO_NS_L  bmi088middleware.o
    0x080004d0   0x080004d0   0x00000002   Code   RO         1617    .text.BMI088_com_init  bmi088middleware.o
    0x080004d2   0x080004d2   0x00000006   PAD
    0x080004d8   0x080004d8   0x0000005e   Code   RO         1619    .text.BMI088_delay_ms  bmi088middleware.o
    0x08000536   0x08000536   0x00000002   PAD
    0x08000538   0x08000538   0x0000004a   Code   RO         1621    .text.BMI088_delay_us  bmi088middleware.o
    0x08000582   0x08000582   0x00000006   PAD
    0x08000588   0x08000588   0x00000114   Code   RO         1595    .text.BMI088_euler_init  bmi088driver.o
    0x0800069c   0x0800069c   0x00000004   PAD
    0x080006a0   0x080006a0   0x00000478   Code   RO         1597    .text.BMI088_init   bmi088driver.o
    0x08000b18   0x08000b18   0x00000344   Code   RO         1601    .text.BMI088_read_euler  bmi088driver.o
    0x08000e5c   0x08000e5c   0x00000004   PAD
    0x08000e60   0x08000e60   0x0000002e   Code   RO         1631    .text.BMI088_read_write_byte  bmi088middleware.o
    0x08000e8e   0x08000e8e   0x00000002   PAD
    0x08000e90   0x08000e90   0x00000002   Code   RO          100    .text.BusFault_Handler  stm32h7xx_it.o
    0x08000e92   0x08000e92   0x00000006   PAD
    0x08000e98   0x08000e98   0x00000072   Code   RO         1757    .text.Buzzer_Alert  buzzer.o
    0x08000f0a   0x08000f0a   0x00000006   PAD
    0x08000f10   0x08000f10   0x000000ae   Code   RO         1751    .text.Buzzer_Init   buzzer.o
    0x08000fbe   0x08000fbe   0x00000002   PAD
    0x08000fc0   0x08000fc0   0x0000000c   Code   RO          112    .text.DMA1_Stream0_IRQHandler  stm32h7xx_it.o
    0x08000fcc   0x08000fcc   0x00000004   PAD
    0x08000fd0   0x08000fd0   0x0000000c   Code   RO          114    .text.DMA1_Stream1_IRQHandler  stm32h7xx_it.o
    0x08000fdc   0x08000fdc   0x00000004   PAD
    0x08000fe0   0x08000fe0   0x00000128   Code   RO          400    .text.DMA_CalcBaseAndBitshift  stm32h7xx_hal_dma.o
    0x08001108   0x08001108   0x00000002   Code   RO          106    .text.DebugMon_Handler  stm32h7xx_it.o
    0x0800110a   0x0800110a   0x00000006   PAD
    0x08001110   0x08001110   0x0000000a   Code   RO           15    .text.Error_Handler  main.o
    0x0800111a   0x0800111a   0x00000006   PAD
    0x08001120   0x08001120   0x00000526   Code   RO          410    .text.HAL_DMA_Abort  stm32h7xx_hal_dma.o
    0x08001646   0x08001646   0x00000002   PAD
    0x08001648   0x08001648   0x000002b6   Code   RO          412    .text.HAL_DMA_Abort_IT  stm32h7xx_hal_dma.o
    0x080018fe   0x080018fe   0x00000002   PAD
    0x08001900   0x08001900   0x00000818   Code   RO          416    .text.HAL_DMA_IRQHandler  stm32h7xx_hal_dma.o
    0x08002118   0x08002118   0x0000069a   Code   RO          398    .text.HAL_DMA_Init  stm32h7xx_hal_dma.o
    0x080027b2   0x080027b2   0x00000006   PAD
    0x080027b8   0x080027b8   0x00000028   Code   RO          652    .text.HAL_Delay     stm32h7xx_hal.o
    0x080027e0   0x080027e0   0x000001a6   Code   RO          344    .text.HAL_GPIO_Init  stm32h7xx_hal_gpio.o
    0x08002986   0x08002986   0x00000002   PAD
    0x08002988   0x08002988   0x0000000a   Code   RO          348    .text.HAL_GPIO_ReadPin  stm32h7xx_hal_gpio.o
    0x08002992   0x08002992   0x00000006   PAD
    0x08002998   0x08002998   0x0000000a   Code   RO          350    .text.HAL_GPIO_WritePin  stm32h7xx_hal_gpio.o
    0x080029a2   0x080029a2   0x00000006   PAD
    0x080029a8   0x080029a8   0x0000000c   Code   RO          644    .text.HAL_GetTick   stm32h7xx_hal.o
    0x080029b4   0x080029b4   0x00000004   PAD
    0x080029b8   0x080029b8   0x0000001a   Code   RO          642    .text.HAL_IncTick   stm32h7xx_hal.o
    0x080029d2   0x080029d2   0x00000006   PAD
    0x080029d8   0x080029d8   0x00000064   Code   RO          632    .text.HAL_Init      stm32h7xx_hal.o
    0x08002a3c   0x08002a3c   0x00000004   PAD
    0x08002a40   0x08002a40   0x00000050   Code   RO          634    .text.HAL_InitTick  stm32h7xx_hal.o
    0x08002a90   0x08002a90   0x00000020   Code   RO          127    .text.HAL_MspInit   stm32h7xx_hal_msp.o
    0x08002ab0   0x08002ab0   0x00000022   Code   RO          139    .text.HAL_NVIC_EnableIRQ  stm32h7xx_hal_cortex.o
    0x08002ad2   0x08002ad2   0x00000006   PAD
    0x08002ad8   0x08002ad8   0x0000005a   Code   RO          137    .text.HAL_NVIC_SetPriority  stm32h7xx_hal_cortex.o
    0x08002b32   0x08002b32   0x00000006   PAD
    0x08002b38   0x08002b38   0x00000020   Code   RO          135    .text.HAL_NVIC_SetPriorityGrouping  stm32h7xx_hal_cortex.o
    0x08002b58   0x08002b58   0x0000004c   Code   RO          548    .text.HAL_PWREx_ConfigSupply  stm32h7xx_hal_pwr_ex.o
    0x08002ba4   0x08002ba4   0x00000004   PAD
    0x08002ba8   0x08002ba8   0x00000026   Code   RO          235    .text.HAL_RCCEx_GetD3PCLK1Freq  stm32h7xx_hal_rcc_ex.o
    0x08002bce   0x08002bce   0x00000002   PAD
    0x08002bd0   0x08002bd0   0x00000128   Code   RO          231    .text.HAL_RCCEx_GetPLL2ClockFreq  stm32h7xx_hal_rcc_ex.o
    0x08002cf8   0x08002cf8   0x00000128   Code   RO          233    .text.HAL_RCCEx_GetPLL3ClockFreq  stm32h7xx_hal_rcc_ex.o
    0x08002e20   0x08002e20   0x00000a80   Code   RO          219    .text.HAL_RCCEx_PeriphCLKConfig  stm32h7xx_hal_rcc_ex.o
    0x080038a0   0x080038a0   0x00000254   Code   RO          187    .text.HAL_RCC_ClockConfig  stm32h7xx_hal_rcc.o
    0x08003af4   0x08003af4   0x00000004   PAD
    0x08003af8   0x08003af8   0x0000004c   Code   RO          197    .text.HAL_RCC_GetHCLKFreq  stm32h7xx_hal_rcc.o
    0x08003b44   0x08003b44   0x00000004   PAD
    0x08003b48   0x08003b48   0x00000060   Code   RO          199    .text.HAL_RCC_GetPCLK1Freq  stm32h7xx_hal_rcc.o
    0x08003ba8   0x08003ba8   0x00000060   Code   RO          201    .text.HAL_RCC_GetPCLK2Freq  stm32h7xx_hal_rcc.o
    0x08003c08   0x08003c08   0x0000011c   Code   RO          189    .text.HAL_RCC_GetSysClockFreq  stm32h7xx_hal_rcc.o
    0x08003d24   0x08003d24   0x00000004   PAD
    0x08003d28   0x08003d28   0x0000052c   Code   RO          185    .text.HAL_RCC_OscConfig  stm32h7xx_hal_rcc.o
    0x08004254   0x08004254   0x00000004   PAD
    0x08004258   0x08004258   0x00000002   Code   RO         1022    .text.HAL_SPI_ErrorCallback  stm32h7xx_hal_spi.o
    0x0800425a   0x0800425a   0x00000006   PAD
    0x08004260   0x08004260   0x0000024e   Code   RO         1018    .text.HAL_SPI_IRQHandler  stm32h7xx_hal_spi.o
    0x080044ae   0x080044ae   0x00000002   PAD
    0x080044b0   0x080044b0   0x000001bc   Code   RO          948    .text.HAL_SPI_Init  stm32h7xx_hal_spi.o
    0x0800466c   0x0800466c   0x00000004   PAD
    0x08004670   0x08004670   0x0000015e   Code   RO           47    .text.HAL_SPI_MspInit  spi.o
    0x080047ce   0x080047ce   0x00000002   PAD
    0x080047d0   0x080047d0   0x00000002   Code   RO         1026    .text.HAL_SPI_RxCpltCallback  stm32h7xx_hal_spi.o
    0x080047d2   0x080047d2   0x00000006   PAD
    0x080047d8   0x080047d8   0x00000002   Code   RO         1020    .text.HAL_SPI_SuspendCallback  stm32h7xx_hal_spi.o
    0x080047da   0x080047da   0x00000006   PAD
    0x080047e0   0x080047e0   0x000002a8   Code   RO          956    .text.HAL_SPI_Transmit  stm32h7xx_hal_spi.o
    0x08004a88   0x08004a88   0x00000404   Code   RO          962    .text.HAL_SPI_TransmitReceive  stm32h7xx_hal_spi.o
    0x08004e8c   0x08004e8c   0x00000004   PAD
    0x08004e90   0x08004e90   0x00000002   Code   RO         1028    .text.HAL_SPI_TxCpltCallback  stm32h7xx_hal_spi.o
    0x08004e92   0x08004e92   0x00000006   PAD
    0x08004e98   0x08004e98   0x00000002   Code   RO         1024    .text.HAL_SPI_TxRxCpltCallback  stm32h7xx_hal_spi.o
    0x08004e9a   0x08004e9a   0x00000006   PAD
    0x08004ea0   0x08004ea0   0x0000002e   Code   RO          147    .text.HAL_SYSTICK_Config  stm32h7xx_hal_cortex.o
    0x08004ece   0x08004ece   0x00000002   PAD
    0x08004ed0   0x08004ed0   0x000000ac   Code   RO         1361    .text.HAL_TIMEx_ConfigBreakDeadTime  stm32h7xx_hal_tim_ex.o
    0x08004f7c   0x08004f7c   0x00000004   PAD
    0x08004f80   0x08004f80   0x000000de   Code   RO         1359    .text.HAL_TIMEx_MasterConfigSynchronization  stm32h7xx_hal_tim_ex.o
    0x0800505e   0x0800505e   0x00000002   PAD
    0x08005060   0x08005060   0x00000060   Code   RO         1064    .text.HAL_TIM_Base_Init  stm32h7xx_hal_tim.o
    0x080050c0   0x080050c0   0x0000002e   Code   RO           66    .text.HAL_TIM_Base_MspInit  tim.o
    0x080050ee   0x080050ee   0x00000002   PAD
    0x080050f0   0x080050f0   0x00000200   Code   RO         1244    .text.HAL_TIM_ConfigClockSource  stm32h7xx_hal_tim.o
    0x080052f0   0x080052f0   0x000004b2   Code   RO         1218    .text.HAL_TIM_PWM_ConfigChannel  stm32h7xx_hal_tim.o
    0x080057a2   0x080057a2   0x00000006   PAD
    0x080057a8   0x080057a8   0x00000060   Code   RO         1118    .text.HAL_TIM_PWM_Init  stm32h7xx_hal_tim.o
    0x08005808   0x08005808   0x00000002   Code   RO         1120    .text.HAL_TIM_PWM_MspInit  stm32h7xx_hal_tim.o
    0x0800580a   0x0800580a   0x00000006   PAD
    0x08005810   0x08005810   0x00000170   Code   RO         1126    .text.HAL_TIM_PWM_Start  stm32h7xx_hal_tim.o
    0x08005980   0x08005980   0x00000036   Code   RO         1558    .text.HAL_UARTEx_DisableFifoMode  stm32h7xx_hal_uart_ex.o
    0x080059b6   0x080059b6   0x00000002   PAD
    0x080059b8   0x080059b8   0x00000002   Code   RO         1485    .text.HAL_UARTEx_RxEventCallback  stm32h7xx_hal_uart.o
    0x080059ba   0x080059ba   0x00000006   PAD
    0x080059c0   0x080059c0   0x00000002   Code   RO         1544    .text.HAL_UARTEx_RxFifoFullCallback  stm32h7xx_hal_uart_ex.o
    0x080059c2   0x080059c2   0x00000006   PAD
    0x080059c8   0x080059c8   0x0000008c   Code   RO         1562    .text.HAL_UARTEx_SetRxFifoThreshold  stm32h7xx_hal_uart_ex.o
    0x08005a54   0x08005a54   0x00000004   PAD
    0x08005a58   0x08005a58   0x0000008c   Code   RO         1560    .text.HAL_UARTEx_SetTxFifoThreshold  stm32h7xx_hal_uart_ex.o
    0x08005ae4   0x08005ae4   0x00000004   PAD
    0x08005ae8   0x08005ae8   0x00000002   Code   RO         1546    .text.HAL_UARTEx_TxFifoEmptyCallback  stm32h7xx_hal_uart_ex.o
    0x08005aea   0x08005aea   0x00000006   PAD
    0x08005af0   0x08005af0   0x00000002   Code   RO         1542    .text.HAL_UARTEx_WakeupCallback  stm32h7xx_hal_uart_ex.o
    0x08005af2   0x08005af2   0x00000006   PAD
    0x08005af8   0x08005af8   0x00000002   Code   RO         1483    .text.HAL_UART_ErrorCallback  stm32h7xx_hal_uart.o
    0x08005afa   0x08005afa   0x00000006   PAD
    0x08005b00   0x08005b00   0x00000672   Code   RO         1479    .text.HAL_UART_IRQHandler  stm32h7xx_hal_uart.o
    0x08006172   0x08006172   0x00000006   PAD
    0x08006178   0x08006178   0x00000062   Code   RO         1395    .text.HAL_UART_Init  stm32h7xx_hal_uart.o
    0x080061da   0x080061da   0x00000006   PAD
    0x080061e0   0x080061e0   0x000000a2   Code   RO           81    .text.HAL_UART_MspInit  usart.o
    0x08006282   0x08006282   0x00000006   PAD
    0x08006288   0x08006288   0x000000ca   Code   RO         1415    .text.HAL_UART_Transmit  stm32h7xx_hal_uart.o
    0x08006352   0x08006352   0x00000006   PAD
    0x08006358   0x08006358   0x00000002   Code   RO         1487    .text.HAL_UART_TxCpltCallback  stm32h7xx_hal_uart.o
    0x0800635a   0x0800635a   0x00000006   PAD
    0x08006360   0x08006360   0x00000002   Code   RO           96    .text.HardFault_Handler  stm32h7xx_it.o
    0x08006362   0x08006362   0x00000006   PAD
    0x08006368   0x08006368   0x0000000c   Code   RO         1645    .text.HeadTracker_GetResult  head_tracker.o
    0x08006374   0x08006374   0x00000004   PAD
    0x08006378   0x08006378   0x00000046   Code   RO         1641    .text.HeadTracker_Init  head_tracker.o
    0x080063be   0x080063be   0x00000002   PAD
    0x080063c0   0x080063c0   0x00000444   Code   RO         1643    .text.HeadTracker_Update  head_tracker.o
    0x08006804   0x08006804   0x00000004   PAD
    0x08006808   0x08006808   0x0000002a   Code   RO         1664    .text.Key_GetEvent  key.o
    0x08006832   0x08006832   0x00000006   PAD
    0x08006838   0x08006838   0x00000050   Code   RO         1660    .text.Key_Init      key.o
    0x08006888   0x08006888   0x00000100   Code   RO         1662    .text.Key_Scan      key.o
    0x08006988   0x08006988   0x00000054   Code   RO         1699    .text.LED_Blink     led.o
    0x080069dc   0x080069dc   0x00000004   PAD
    0x080069e0   0x080069e0   0x00000026   Code   RO         1691    .text.LED_Init      led.o
    0x08006a06   0x08006a06   0x00000002   PAD
    0x08006a08   0x08006a08   0x0000004e   Code   RO         1681    .text.Laser_Blink   laser.o
    0x08006a56   0x08006a56   0x00000002   PAD
    0x08006a58   0x08006a58   0x00000010   Code   RO         1675    .text.Laser_Init    laser.o
    0x08006a68   0x08006a68   0x00000044   Code   RO           36    .text.MX_DMA_Init   dma.o
    0x08006aac   0x08006aac   0x00000004   PAD
    0x08006ab0   0x08006ab0   0x0000015e   Code   RO           27    .text.MX_GPIO_Init  gpio.o
    0x08006c0e   0x08006c0e   0x00000002   PAD
    0x08006c10   0x08006c10   0x00000062   Code   RO           45    .text.MX_SPI2_Init  spi.o
    0x08006c72   0x08006c72   0x00000006   PAD
    0x08006c78   0x08006c78   0x00000164   Code   RO           62    .text.MX_TIM1_Init  tim.o
    0x08006ddc   0x08006ddc   0x00000004   PAD
    0x08006de0   0x08006de0   0x0000007c   Code   RO           79    .text.MX_USART1_UART_Init  usart.o
    0x08006e5c   0x08006e5c   0x00000004   PAD
    0x08006e60   0x08006e60   0x00000002   Code   RO           98    .text.MemManage_Handler  stm32h7xx_it.o
    0x08006e62   0x08006e62   0x00000006   PAD
    0x08006e68   0x08006e68   0x00000002   Code   RO           94    .text.NMI_Handler   stm32h7xx_it.o
    0x08006e6a   0x08006e6a   0x00000006   PAD
    0x08006e70   0x08006e70   0x00000002   Code   RO          108    .text.PendSV_Handler  stm32h7xx_it.o
    0x08006e72   0x08006e72   0x00000006   PAD
    0x08006e78   0x08006e78   0x00000122   Code   RO          221    .text.RCCEx_PLL2_Config  stm32h7xx_hal_rcc_ex.o
    0x08006f9a   0x08006f9a   0x00000006   PAD
    0x08006fa0   0x08006fa0   0x00000122   Code   RO          223    .text.RCCEx_PLL3_Config  stm32h7xx_hal_rcc_ex.o
    0x080070c2   0x080070c2   0x00000006   PAD
    0x080070c8   0x080070c8   0x0000000c   Code   RO          116    .text.SPI2_IRQHandler  stm32h7xx_it.o
    0x080070d4   0x080070d4   0x00000004   PAD
    0x080070d8   0x080070d8   0x000000d0   Code   RO          958    .text.SPI_CloseTransfer  stm32h7xx_hal_spi.o
    0x080071a8   0x080071a8   0x00000016   Code   RO         1030    .text.SPI_DMAAbortOnError  stm32h7xx_hal_spi.o
    0x080071be   0x080071be   0x00000002   PAD
    0x080071c0   0x080071c0   0x00000002   Code   RO          104    .text.SVC_Handler   stm32h7xx_it.o
    0x080071c2   0x080071c2   0x00000006   PAD
    0x080071c8   0x080071c8   0x00000042   Code   RO         1711    .text.Servo_Init    servo.o
    0x0800720a   0x0800720a   0x00000006   PAD
    0x08007210   0x08007210   0x00000004   Code   RO          110    .text.SysTick_Handler  stm32h7xx_it.o
    0x08007214   0x08007214   0x00000004   PAD
    0x08007218   0x08007218   0x000000c8   Code   RO           13    .text.SystemClock_Config  main.o
    0x080072e0   0x080072e0   0x000000b0   Code   RO         1581    .text.SystemInit    system_stm32h7xx.o
    0x08007390   0x08007390   0x00000178   Code   RO         1068    .text.TIM_Base_SetConfig  stm32h7xx_hal_tim.o
    0x08007508   0x08007508   0x000000e0   Code   RO         1401    .text.UART_AdvFeatureConfig  stm32h7xx_hal_uart.o
    0x080075e8   0x080075e8   0x0000016e   Code   RO         1403    .text.UART_CheckIdleState  stm32h7xx_hal_uart.o
    0x08007756   0x08007756   0x00000002   PAD
    0x08007758   0x08007758   0x00000010   Code   RO         1481    .text.UART_DMAAbortOnError  stm32h7xx_hal_uart.o
    0x08007768   0x08007768   0x000004a0   Code   RO         1399    .text.UART_SetConfig  stm32h7xx_hal_uart.o
    0x08007c08   0x08007c08   0x000002ea   Code   RO         1417    .text.UART_WaitOnFlagUntilTimeout  stm32h7xx_hal_uart.o
    0x08007ef2   0x08007ef2   0x00000006   PAD
    0x08007ef8   0x08007ef8   0x0000000c   Code   RO          118    .text.USART1_IRQHandler  stm32h7xx_it.o
    0x08007f04   0x08007f04   0x00000004   PAD
    0x08007f08   0x08007f08   0x00000002   Code   RO          102    .text.UsageFault_Handler  stm32h7xx_it.o
    0x08007f0a   0x08007f0a   0x00000006   PAD
    0x08007f10   0x08007f10   0x00000044   Code   RO         1738    .text.Voice_Play    voice.o
    0x08007f54   0x08007f54   0x00000004   PAD
    0x08007f58   0x08007f58   0x0000007c   Code   RO         1772    .text.WS2812_BreathingGreen  ws2812.o
    0x08007fd4   0x08007fd4   0x00000004   PAD
    0x08007fd8   0x08007fd8   0x000000fc   Code   RO         1768    .text.WS2812_Init   ws2812.o
    0x080080d4   0x080080d4   0x00000004   PAD
    0x080080d8   0x080080d8   0x000001b4   Code   RO         1770    .text.WS2812_Set    ws2812.o
    0x0800828c   0x0800828c   0x00000004   PAD
    0x08008290   0x08008290   0x0000013c   Code   RO           11    .text.main          main.o
    0x080083cc   0x080083cc   0x00000026   Code   RO         1823    i.__ARM_fpclassifyf  m_wv.l(fpclassifyf.o)
    0x080083f2   0x080083f2   0x00000002   PAD
    0x080083f4   0x080083f4   0x000002ac   Code   RO         1804    i.__hardfp_atan2f   m_wv.l(atan2f.o)
    0x080086a0   0x080086a0   0x00000190   Code   RO         1810    i.__hardfp_sinf     m_wv.l(sinf.o)
    0x08008830   0x08008830   0x00000006   Code   RO         1826    i.__mathlib_flt_infnan  m_wv.l(funder.o)
    0x08008836   0x08008836   0x00000006   Code   RO         1827    i.__mathlib_flt_infnan2  m_wv.l(funder.o)
    0x0800883c   0x0800883c   0x00000010   Code   RO         1828    i.__mathlib_flt_invalid  m_wv.l(funder.o)
    0x0800884c   0x0800884c   0x00000010   Code   RO         1831    i.__mathlib_flt_underflow  m_wv.l(funder.o)
    0x0800885c   0x0800885c   0x00000154   Code   RO         1839    i.__mathlib_rredf2  m_wv.l(rredf.o)
    0x080089b0   0x080089b0   0x0000000e   Code   RO         1872    i.__scatterload_copy  mc_w.l(handlers.o)
    0x080089be   0x080089be   0x00000002   Code   RO         1873    i.__scatterload_null  mc_w.l(handlers.o)
    0x080089c0   0x080089c0   0x0000000e   Code   RO         1874    i.__scatterload_zeroinit  mc_w.l(handlers.o)
    0x080089ce   0x080089ce   0x00000002   PAD
    0x080089d0   0x080089d0   0x0000000c   Code   RO         1862    i.__set_errno       mc_w.l(errno.o)
    0x080089dc   0x080089dc   0x00000020   Data   RO         1840    .constdata          m_wv.l(rredf.o)
    0x080089fc   0x080089fc   0x00000006   Data   RO         1530    .rodata..Lswitch.table.UART_SetConfig.7  stm32h7xx_hal_uart.o
    0x08008a02   0x08008a02   0x00000006   Data   RO         1531    .rodata..Lswitch.table.UART_SetConfig.9  stm32h7xx_hal_uart.o
    0x08008a08   0x08008a08   0x00000010   Data   RO         1585    .rodata.D1CorePrescTable  system_stm32h7xx.o
    0x08008a18   0x08008a18   0x00000018   Data   RO         1529    .rodata.UARTPrescTable  stm32h7xx_hal_uart.o
    0x08008a30   0x08008a30   0x00000004   Data   RO         1701    .rodata.cst4        led.o
    0x08008a34   0x08008a34   0x00000010   Data   RO         1572    .rodata.cst8        stm32h7xx_hal_uart_ex.o
    0x08008a44   0x08008a44   0x00000012   Data   RO         1603    .rodata.write_BMI088_accel_reg_data_error  bmi088driver.o
    0x08008a56   0x08008a56   0x00000012   Data   RO         1604    .rodata.write_BMI088_gyro_reg_data_error  bmi088driver.o
    0x08008a68   0x08008a68   0x00000020   Data   RO         1871    Region$$Table       anon$$obj.o


    Execution Region RW_IRAM1 (Exec base: 0x20000000, Load base: 0x08008a88, Size: 0x00000000, Max: 0x00020000, ABSOLUTE)

    **** No section assigned to this execution region ****


    Execution Region RW_IRAM2 (Exec base: 0x24000000, Load base: 0x08008a88, Size: 0x00000f88, Max: 0x00050000, ABSOLUTE)

    Exec Addr    Load Addr    Size         Type   Attr      Idx    E Section Name        Object

    0x24000000   0x08008a88   0x00000004   Data   RW         1863    .data               mc_w.l(errno.o)
    0x24000004   0x08008a8c   0x00000008   Data   RW          741    .data..L_MergedGlobals  stm32h7xx_hal.o
    0x2400000c   0x08008a94   0x00000008   Data   RW         1586    .data..L_MergedGlobals  system_stm32h7xx.o
    0x24000014   0x08008a9c   0x00000008   Data   RW         1605    .data..L_MergedGlobals  bmi088driver.o
    0x2400001c   0x08008aa4   0x00000004   PAD
    0x24000020        -       0x00000018   Zero   RW           18    .bss..L_MergedGlobals  main.o
    0x24000038        -       0x00000030   Zero   RW         1651    .bss..L_MergedGlobals  head_tracker.o
    0x24000068        -       0x0000000c   Zero   RW         1702    .bss..L_MergedGlobals  led.o
    0x24000074        -       0x00000018   Zero   RW         1742    .bss..L_MergedGlobals  voice.o
    0x2400008c        -       0x00000050   Zero   RW         1759    .bss..L_MergedGlobals  buzzer.o
    0x240000dc        -       0x00000004   Zero   RW         1775    .bss..L_MergedGlobals  ws2812.o
    0x240000e0        -       0x00000020   Zero   RW         1796    .bss..L_MergedGlobals  train_modes.o
    0x24000100        -       0x0000003c   Zero   RW         1606    .bss..L_MergedGlobals.4  bmi088driver.o
    0x2400013c        -       0x00000078   Zero   RW           52    .bss.hdma_spi2_rx   spi.o
    0x240001b4        -       0x00000078   Zero   RW           53    .bss.hdma_spi2_tx   spi.o
    0x2400022c        -       0x00000088   Zero   RW           51    .bss.hspi2          spi.o
    0x240002b4        -       0x00000088   Zero   RW         1774    .bss.hspi6_ws       ws2812.o
    0x2400033c        -       0x0000004c   Zero   RW           70    .bss.htim1          tim.o
    0x24000388        -       0x00000094   Zero   RW           85    .bss.huart1         usart.o
    0x2400041c        -       0x0000003c   Zero   RW         1666    .bss.keys           key.o
    0x24000458        -       0x00000190   Zero   RW         1649    .bss.pitch_buffer   head_tracker.o
    0x240005e8        -       0x00000190   Zero   RW         1650    .bss.roll_buffer    head_tracker.o
    0x24000778        -       0x00000008   Zero   RW         1721    .bss.servo_tim      servo.o
    0x24000780        -       0x00000004   Zero   RW          740    .bss.uwTick         stm32h7xx_hal.o
    0x24000784   0x08008aa4   0x00000004   PAD
    0x24000788        -       0x00000800   Zero   RW            1    STACK               startup_stm32h723xx.o


==============================================================================

Image component sizes


      Code (inc. data)   RO Data    RW Data    ZI Data      Debug   Object Name

      2256         36         36          8         60      10699   bmi088driver.o
       282          0          0          0          0       3960   bmi088middleware.o
       288          0          0          0         80       7721   buzzer.o
        68          0          0          0          0       5387   dma.o
       350          0          0          0          0       3090   gpio.o
      1174          4          0          0        848       4050   head_tracker.o
       378          0          0          0         60       2444   key.o
        94          0          0          0          0       1950   laser.o
       122          0          4          0         12       2437   led.o
       526          4          0          0         24       3489   main.o
        66          0          0          0          8       7402   servo.o
       448          0          0          0        376      11760   spi.o
        36          8        716          0       2048        832   startup_stm32h723xx.o
       258          0          0          8          4      15990   stm32h7xx_hal.o
       202          0          0          0          0      12144   stm32h7xx_hal_cortex.o
      6070         98          0          0          0      18205   stm32h7xx_hal_dma.o
       442          0          0          0          0       6983   stm32h7xx_hal_gpio.o
        32          0          0          0          0       2214   stm32h7xx_hal_msp.o
        76          0          0          0          0       9689   stm32h7xx_hal_pwr_ex.o
      2472         24          0          0          0      11687   stm32h7xx_hal_rcc.o
      3898        144          0          0          0      20064   stm32h7xx_hal_rcc_ex.o
      2982          0          0          0          0      24134   stm32h7xx_hal_spi.o
      2652         20          0          0          0      67381   stm32h7xx_hal_tim.o
       394          0          0          0          0      27374   stm32h7xx_hal_tim_ex.o
      4492        332         36          0          0      42932   stm32h7xx_hal_uart.o
       340          0         16          0          0      11584   stm32h7xx_hal_uart_ex.o
        68          0          0          0          0       6674   stm32h7xx_it.o
       176          0         16          8          0       5284   system_stm32h7xx.o
       402          0          0          0         76       8553   tim.o
       138          0          0          0         32       3026   train_modes.o
       286          0          0          0        148      11284   usart.o
        68          0          0          0         24       5497   voice.o
       812         16          0          0        140       9665   ws2812.o

    ----------------------------------------------------------------------
     32760        706        856         24       3948     385585   Object Totals
         0          0         32          0          0          0   (incl. Generated)
       412         20          0          0          8          0   (incl. Padding)

    ----------------------------------------------------------------------

      Code (inc. data)   RO Data    RW Data    ZI Data      Debug   Library Member Name

       684         90          0          0          0        208   atan2f.o
        38          0          0          0          0        116   fpclassifyf.o
        44         12          0          0          0        464   funder.o
       340         24         32          0          0        160   rredf.o
       400         56          0          0          0        212   sinf.o
         0          0          0          0          0          0   entry.o
         0          0          0          0          0          0   entry10a.o
         0          0          0          0          0          0   entry11a.o
         8          4          0          0          0          0   entry2.o
         4          0          0          0          0          0   entry5.o
         0          0          0          0          0          0   entry7b.o
         0          0          0          0          0          0   entry8b.o
         8          4          0          0          0          0   entry9a.o
        12          6          0          4          0         68   errno.o
        30          0          0          0          0          0   handlers.o
        48         10          0          0          0         68   init.o
         0          0          0          0          0          0   iusefp.o
        30          0          0          0          0         68   llshl.o
        32          0          0          0          0         68   llushr.o
        36          0          0          0          0        108   memseta.o
        98          0          0          0          0         92   uldiv.o

    ----------------------------------------------------------------------
      1816        206         32          4          0       1632   Library Totals
         4          0          0          0          0          0   (incl. Padding)

    ----------------------------------------------------------------------

      Code (inc. data)   RO Data    RW Data    ZI Data      Debug   Library Name

      1506        182         32          0          0       1160   m_wv.l
       306         24          0          4          0        472   mc_w.l

    ----------------------------------------------------------------------
      1816        206         32          4          0       1632   Library Totals

    ----------------------------------------------------------------------

==============================================================================


      Code (inc. data)   RO Data    RW Data    ZI Data      Debug   

     34576        912        888         28       3948     385997   Grand Totals
     34576        912        888         28       3948     385997   ELF Image Totals
     34576        912        888         28          0          0   ROM Totals

==============================================================================

    Total RO  Size (Code + RO Data)                35464 (  34.63kB)
    Total RW  Size (RW Data + ZI Data)              3976 (   3.88kB)
    Total ROM Size (Code + RO Data + RW Data)      35492 (  34.66kB)

==============================================================================

